Archive member included to satisfy reference by file (symbol)

C:\Users\HLiamso\Desktop\C_Infantry2022-master\UserLib\libarm_cortexM4lf_math.a(arm_sin_f32.o)
                              CMakeFiles/Board_C_Infantry.elf.dir/UserLib/QuaternionAHRS.c.obj (arm_sin_f32)
C:\Users\HLiamso\Desktop\C_Infantry2022-master\UserLib\libarm_cortexM4lf_math.a(arm_cos_f32.o)
                              CMakeFiles/Board_C_Infantry.elf.dir/UserLib/QuaternionAHRS.c.obj (arm_cos_f32)
C:\Users\HLiamso\Desktop\C_Infantry2022-master\UserLib\libarm_cortexM4lf_math.a(arm_common_tables.o)
                              C:\Users\HLiamso\Desktop\C_Infantry2022-master\UserLib\libarm_cortexM4lf_math.a(arm_sin_f32.o) (sinTable_f32)
c:/gcc-arm-none-eabi/bin/../lib/gcc/arm-none-eabi/10.3.1/thumb/v7e-m+fp/hard\libgcc.a(_arm_addsubdf3.o)
                              CMakeFiles/Board_C_Infantry.elf.dir/Devices/BMI088driver.c.obj (__aeabi_dadd)
c:/gcc-arm-none-eabi/bin/../lib/gcc/arm-none-eabi/10.3.1/thumb/v7e-m+fp/hard\libgcc.a(_arm_muldivdf3.o)
                              CMakeFiles/Board_C_Infantry.elf.dir/BSP/Src/bsp_dwt.c.obj (__aeabi_ddiv)
c:/gcc-arm-none-eabi/bin/../lib/gcc/arm-none-eabi/10.3.1/thumb/v7e-m+fp/hard\libgcc.a(_arm_truncdfsf2.o)
                              CMakeFiles/Board_C_Infantry.elf.dir/Devices/BMI088driver.c.obj (__aeabi_d2f)
c:/gcc-arm-none-eabi/bin/../lib/gcc/arm-none-eabi/10.3.1/thumb/v7e-m+fp/hard\libgcc.a(_arm_addsubsf3.o)
                              CMakeFiles/Board_C_Infantry.elf.dir/BSP/Src/bsp_dwt.c.obj (__aeabi_ul2f)
c:/gcc-arm-none-eabi/bin/../lib/gcc/arm-none-eabi/10.3.1/thumb/v7e-m+fp/hard\libgcc.a(_aeabi_uldivmod.o)
                              CMakeFiles/Board_C_Infantry.elf.dir/Drivers/STM32F4xx_HAL_Driver/Src/stm32f4xx_hal_rcc.c.obj (__aeabi_uldivmod)
c:/gcc-arm-none-eabi/bin/../lib/gcc/arm-none-eabi/10.3.1/thumb/v7e-m+fp/hard\libgcc.a(_udivmoddi4.o)
                              c:/gcc-arm-none-eabi/bin/../lib/gcc/arm-none-eabi/10.3.1/thumb/v7e-m+fp/hard\libgcc.a(_aeabi_uldivmod.o) (__udivmoddi4)
c:/gcc-arm-none-eabi/bin/../lib/gcc/arm-none-eabi/10.3.1/thumb/v7e-m+fp/hard\libgcc.a(_dvmd_tls.o)
                              c:/gcc-arm-none-eabi/bin/../lib/gcc/arm-none-eabi/10.3.1/thumb/v7e-m+fp/hard\libgcc.a(_aeabi_uldivmod.o) (__aeabi_ldiv0)
c:/gcc-arm-none-eabi/bin/../lib/gcc/arm-none-eabi/10.3.1/../../../../arm-none-eabi/lib/thumb/v7e-m+fp/hard\libg.a(lib_a-errno.o)
                              CMakeFiles/Board_C_Infantry.elf.dir/Src/syscalls.c.obj (__errno)
c:/gcc-arm-none-eabi/bin/../lib/gcc/arm-none-eabi/10.3.1/../../../../arm-none-eabi/lib/thumb/v7e-m+fp/hard\libg.a(lib_a-exit.o)
                              c:/gcc-arm-none-eabi/bin/../lib/gcc/arm-none-eabi/10.3.1/../../../../arm-none-eabi/lib/thumb/v7e-m+fp/hard/crt0.o (exit)
c:/gcc-arm-none-eabi/bin/../lib/gcc/arm-none-eabi/10.3.1/../../../../arm-none-eabi/lib/thumb/v7e-m+fp/hard\libg.a(lib_a-impure.o)
                              c:/gcc-arm-none-eabi/bin/../lib/gcc/arm-none-eabi/10.3.1/../../../../arm-none-eabi/lib/thumb/v7e-m+fp/hard\libg.a(lib_a-exit.o) (_global_impure_ptr)
c:/gcc-arm-none-eabi/bin/../lib/gcc/arm-none-eabi/10.3.1/../../../../arm-none-eabi/lib/thumb/v7e-m+fp/hard\libg.a(lib_a-init.o)
                              c:/gcc-arm-none-eabi/bin/../lib/gcc/arm-none-eabi/10.3.1/../../../../arm-none-eabi/lib/thumb/v7e-m+fp/hard/crt0.o (__libc_init_array)
c:/gcc-arm-none-eabi/bin/../lib/gcc/arm-none-eabi/10.3.1/../../../../arm-none-eabi/lib/thumb/v7e-m+fp/hard\libg.a(lib_a-memcpy.o)
                              CMakeFiles/Board_C_Infantry.elf.dir/BSP/Src/bsp_flash.c.obj (memcpy)
c:/gcc-arm-none-eabi/bin/../lib/gcc/arm-none-eabi/10.3.1/../../../../arm-none-eabi/lib/thumb/v7e-m+fp/hard\libg.a(lib_a-memset.o)
                              c:/gcc-arm-none-eabi/bin/../lib/gcc/arm-none-eabi/10.3.1/../../../../arm-none-eabi/lib/thumb/v7e-m+fp/hard/crt0.o (memset)
c:/gcc-arm-none-eabi/bin/../lib/gcc/arm-none-eabi/10.3.1/../../../../arm-none-eabi/lib/thumb/v7e-m+fp/hard\libg.a(lib_a-sscanf.o)
                              CMakeFiles/Board_C_Infantry.elf.dir/BSP/Src/bsp_uart.c.obj (sscanf)
c:/gcc-arm-none-eabi/bin/../lib/gcc/arm-none-eabi/10.3.1/../../../../arm-none-eabi/lib/thumb/v7e-m+fp/hard\libg.a(lib_a-stdio.o)
                              c:/gcc-arm-none-eabi/bin/../lib/gcc/arm-none-eabi/10.3.1/../../../../arm-none-eabi/lib/thumb/v7e-m+fp/hard\libg.a(lib_a-sscanf.o) (__seofread)
c:/gcc-arm-none-eabi/bin/../lib/gcc/arm-none-eabi/10.3.1/../../../../arm-none-eabi/lib/thumb/v7e-m+fp/hard\libg.a(lib_a-strlen.o)
                              CMakeFiles/Board_C_Infantry.elf.dir/Middlewares/Third_Party/FreeRTOS/Source/tasks.c.obj (strlen)
c:/gcc-arm-none-eabi/bin/../lib/gcc/arm-none-eabi/10.3.1/../../../../arm-none-eabi/lib/thumb/v7e-m+fp/hard\libg.a(lib_a-svfscanf.o)
[...]
Memory Configuration

Name             Origin             Length             Attributes
RAM              0x20000000         0x00020000         xrw
CCMRAM           0x10000000         0x00010000         xrw
FLASH            0x08000000         0x00100000         xr
*default*        0x00000000         0xffffffff

Linker script and memory map

LOAD c:/gcc-arm-none-eabi/bin/../lib/gcc/arm-none-eabi/10.3.1/thumb/v7e-m+fp/hard/crti.o
LOAD c:/gcc-arm-none-eabi/bin/../lib/gcc/arm-none-eabi/10.3.1/thumb/v7e-m+fp/hard/crtbegin.o
LOAD c:/gcc-arm-none-eabi/bin/../lib/gcc/arm-none-eabi/10.3.1/../../../../arm-none-eabi/lib/thumb/v7e-m+fp/hard/crt0.o
LOAD CMakeFiles/Board_C_Infantry.elf.dir/APP/Detect.c.obj
LOAD CMakeFiles/Board_C_Infantry.elf.dir/APP/Gimbal.c.obj
LOAD CMakeFiles/Board_C_Infantry.elf.dir/APP/Ins.c.obj
LOAD CMakeFiles/Board_C_Infantry.elf.dir/APP/Shoot.c.obj
LOAD CMakeFiles/Board_C_Infantry.elf.dir/APP/Transmission.c.obj
LOAD CMakeFiles/Board_C_Infantry.elf.dir/BSP/Src/bsp_can.c.obj
LOAD CMakeFiles/Board_C_Infantry.elf.dir/BSP/Src/bsp_delay.c.obj
LOAD CMakeFiles/Board_C_Infantry.elf.dir/BSP/Src/bsp_dwt.c.obj
LOAD CMakeFiles/Board_C_Infantry.elf.dir/BSP/Src/bsp_flash.c.obj
LOAD CMakeFiles/Board_C_Infantry.elf.dir/BSP/Src/bsp_imu.c.obj
LOAD CMakeFiles/Board_C_Infantry.elf.dir/BSP/Src/bsp_tim.c.obj
LOAD CMakeFiles/Board_C_Infantry.elf.dir/BSP/Src/bsp_uart.c.obj
LOAD CMakeFiles/Board_C_Infantry.elf.dir/Devices/BMI088Middleware.c.obj
LOAD CMakeFiles/Board_C_Infantry.elf.dir/Devices/BMI088driver.c.obj
LOAD CMakeFiles/Board_C_Infantry.elf.dir/Devices/ist8310driver.c.obj
LOAD CMakeFiles/Board_C_Infantry.elf.dir/Devices/ist8310driver_middleware.c.obj
LOAD CMakeFiles/Board_C_Infantry.elf.dir/Drivers/STM32F4xx_HAL_Driver/Src/stm32f4xx_hal.c.obj
LOAD CMakeFiles/Board_C_Infantry.elf.dir/Drivers/STM32F4xx_HAL_Driver/Src/stm32f4xx_hal_adc.c.obj
LOAD CMakeFiles/Board_C_Infantry.elf.dir/Drivers/STM32F4xx_HAL_Driver/Src/stm32f4xx_hal_adc_ex.c.obj
LOAD CMakeFiles/Board_C_Infantry.elf.dir/Drivers/STM32F4xx_HAL_Driver/Src/stm32f4xx_hal_can.c.obj
LOAD CMakeFiles/Board_C_Infantry.elf.dir/Drivers/STM32F4xx_HAL_Driver/Src/stm32f4xx_hal_cortex.c.obj
LOAD CMakeFiles/Board_C_Infantry.elf.dir/Drivers/STM32F4xx_HAL_Driver/Src/stm32f4xx_hal_crc.c.obj
LOAD CMakeFiles/Board_C_Infantry.elf.dir/Drivers/STM32F4xx_HAL_Driver/Src/stm32f4xx_hal_dma.c.obj
LOAD CMakeFiles/Board_C_Infantry.elf.dir/Drivers/STM32F4xx_HAL_Driver/Src/stm32f4xx_hal_dma_ex.c.obj
LOAD CMakeFiles/Board_C_Infantry.elf.dir/Drivers/STM32F4xx_HAL_Driver/Src/stm32f4xx_hal_exti.c.obj
LOAD CMakeFiles/Board_C_Infantry.elf.dir/Drivers/STM32F4xx_HAL_Driver/Src/stm32f4xx_hal_flash.c.obj
LOAD CMakeFiles/Board_C_Infantry.elf.dir/Drivers/STM32F4xx_HAL_Driver/Src/stm32f4xx_hal_flash_ex.c.obj
LOAD CMakeFiles/Board_C_Infantry.elf.dir/Drivers/STM32F4xx_HAL_Driver/Src/stm32f4xx_hal_flash_ramfunc.c.obj
LOAD CMakeFiles/Board_C_Infantry.elf.dir/Drivers/STM32F4xx_HAL_Driver/Src/stm32f4xx_hal_gpio.c.obj
LOAD CMakeFiles/Board_C_Infantry.elf.dir/Drivers/STM32F4xx_HAL_Driver/Src/stm32f4xx_hal_i2c.c.obj
LOAD CMakeFiles/Board_C_Infantry.elf.dir/Drivers/STM32F4xx_HAL_Driver/Src/stm32f4xx_hal_i2c_ex.c.obj
LOAD CMakeFiles/Board_C_Infantry.elf.dir/Drivers/STM32F4xx_HAL_Driver/Src/stm32f4xx_hal_pwr.c.obj
LOAD CMakeFiles/Board_C_Infantry.elf.dir/Drivers/STM32F4xx_HAL_Driver/Src/stm32f4xx_hal_pwr_ex.c.obj
LOAD CMakeFiles/Board_C_Infantry.elf.dir/Drivers/STM32F4xx_HAL_Driver/Src/stm32f4xx_hal_rcc.c.obj
LOAD CMakeFiles/Board_C_Infantry.elf.dir/Drivers/STM32F4xx_HAL_Driver/Src/stm32f4xx_hal_rcc_ex.c.obj
LOAD CMakeFiles/Board_C_Infantry.elf.dir/Drivers/STM32F4xx_HAL_Driver/Src/stm32f4xx_hal_rng.c.obj
LOAD CMakeFiles/Board_C_Infantry.elf.dir/Drivers/STM32F4xx_HAL_Driver/Src/stm32f4xx_hal_rtc.c.obj
LOAD CMakeFiles/Board_C_Infantry.elf.dir/Drivers/STM32F4xx_HAL_Driver/Src/stm32f4xx_hal_rtc_ex.c.obj
LOAD CMakeFiles/Board_C_Infantry.elf.dir/Drivers/STM32F4xx_HAL_Driver/Src/stm32f4xx_hal_spi.c.obj
LOAD CMakeFiles/Board_C_Infantry.elf.dir/Drivers/STM32F4xx_HAL_Driver/Src/stm32f4xx_hal_tim.c.obj
LOAD CMakeFiles/Board_C_Infantry.elf.dir/Drivers/STM32F4xx_HAL_Driver/Src/stm32f4xx_hal_tim_ex.c.obj
LOAD CMakeFiles/Board_C_Infantry.elf.dir/Drivers/STM32F4xx_HAL_Driver/Src/stm32f4xx_hal_uart.c.obj
LOAD CMakeFiles/Board_C_Infantry.elf.dir/Drivers/STM32F4xx_HAL_Driver/Src/stm32f4xx_ll_adc.c.obj
LOAD CMakeFiles/Board_C_Infantry.elf.dir/Middlewares/Third_Party/FreeRTOS/Source/CMSIS_RTOS/cmsis_os.c.obj
LOAD CMakeFiles/Board_C_Infantry.elf.dir/Middlewares/Third_Party/FreeRTOS/Source/croutine.c.obj
LOAD CMakeFiles/Board_C_Infantry.elf.dir/Middlewares/Third_Party/FreeRTOS/Source/event_groups.c.obj
LOAD CMakeFiles/Board_C_Infantry.elf.dir/Middlewares/Third_Party/FreeRTOS/Source/list.c.obj
LOAD CMakeFiles/Board_C_Infantry.elf.dir/Middlewares/Third_Party/FreeRTOS/Source/portable/GCC/ARM_CM4F/port.c.obj
LOAD CMakeFiles/Board_C_Infantry.elf.dir/Middlewares/Third_Party/FreeRTOS/Source/portable/MemMang/heap_4.c.obj
LOAD CMakeFiles/Board_C_Infantry.elf.dir/Middlewares/Third_Party/FreeRTOS/Source/queue.c.obj
LOAD CMakeFiles/Board_C_Infantry.elf.dir/Middlewares/Third_Party/FreeRTOS/Source/stream_buffer.c.obj
LOAD CMakeFiles/Board_C_Infantry.elf.dir/Middlewares/Third_Party/FreeRTOS/Source/tasks.c.obj
LOAD CMakeFiles/Board_C_Infantry.elf.dir/Middlewares/Third_Party/FreeRTOS/Source/timers.c.obj
LOAD CMakeFiles/Board_C_Infantry.elf.dir/Src/adc.c.obj
LOAD CMakeFiles/Board_C_Infantry.elf.dir/Src/can.c.obj
LOAD CMakeFiles/Board_C_Infantry.elf.dir/Src/crc.c.obj
LOAD CMakeFiles/Board_C_Infantry.elf.dir/Src/dma.c.obj
LOAD CMakeFiles/Board_C_Infantry.elf.dir/Src/freertos.c.obj
LOAD CMakeFiles/Board_C_Infantry.elf.dir/Src/gpio.c.obj
LOAD CMakeFiles/Board_C_Infantry.elf.dir/Src/i2c.c.obj
LOAD CMakeFiles/Board_C_Infantry.elf.dir/Src/main.c.obj
LOAD CMakeFiles/Board_C_Infantry.elf.dir/Src/rng.c.obj
LOAD CMakeFiles/Board_C_Infantry.elf.dir/Src/rtc.c.obj
LOAD CMakeFiles/Board_C_Infantry.elf.dir/Src/spi.c.obj
LOAD CMakeFiles/Board_C_Infantry.elf.dir/Src/stm32f4xx_hal_msp.c.obj
LOAD CMakeFiles/Board_C_Infantry.elf.dir/Src/stm32f4xx_it.c.obj
LOAD CMakeFiles/Board_C_Infantry.elf.dir/Src/syscalls.c.obj
LOAD CMakeFiles/Board_C_Infantry.elf.dir/Src/system_stm32f4xx.c.obj
LOAD CMakeFiles/Board_C_Infantry.elf.dir/Src/tim.c.obj
LOAD CMakeFiles/Board_C_Infantry.elf.dir/Src/usart.c.obj
LOAD CMakeFiles/Board_C_Infantry.elf.dir/UserLib/QuaternionAHRS.c.obj
LOAD CMakeFiles/Board_C_Infantry.elf.dir/UserLib/calibrate.c.obj
LOAD CMakeFiles/Board_C_Infantry.elf.dir/UserLib/controller.c.obj
LOAD CMakeFiles/Board_C_Infantry.elf.dir/UserLib/filter32.c.obj
LOAD CMakeFiles/Board_C_Infantry.elf.dir/UserLib/keyboard.c.obj
LOAD CMakeFiles/Board_C_Infantry.elf.dir/UserLib/motor.c.obj
LOAD CMakeFiles/Board_C_Infantry.elf.dir/UserLib/pid.c.obj
LOAD CMakeFiles/Board_C_Infantry.elf.dir/UserLib/ramp.c.obj
LOAD CMakeFiles/Board_C_Infantry.elf.dir/UserLib/user_lib.c.obj
LOAD CMakeFiles/Board_C_Infantry.elf.dir/startup/startup_stm32f407xx.s.obj
LOAD C:\Users\HLiamso\Desktop\C_Infantry2022-master\UserLib\libarm_cortexM4lf_math.a
START GROUP
LOAD c:/gcc-arm-none-eabi/bin/../lib/gcc/arm-none-eabi/10.3.1/thumb/v7e-m+fp/hard\libgcc.a
LOAD c:/gcc-arm-none-eabi/bin/../lib/gcc/arm-none-eabi/10.3.1/../../../../arm-none-eabi/lib/thumb/v7e-m+fp/hard\libg.a
LOAD c:/gcc-arm-none-eabi/bin/../lib/gcc/arm-none-eabi/10.3.1/../../../../arm-none-eabi/lib/thumb/v7e-m+fp/hard\libc.a
END GROUP
LOAD c:/gcc-arm-none-eabi/bin/../lib/gcc/arm-none-eabi/10.3.1/thumb/v7e-m+fp/hard/crtend.o
LOAD c:/gcc-arm-none-eabi/bin/../lib/gcc/arm-none-eabi/10.3.1/thumb/v7e-m+fp/hard/crtn.o
                0x20020000                _estack = 0x20020000
                0x00002000                _Min_Heap_Size = 0x2000
                0x00002000                _Min_Stack_Size = 0x2000

.isr_vector     0x08000000      0x188
                0x08000000                . = ALIGN (0x4)
 *(.isr_vector)
 .isr_vector    0x08000000      0x188 CMakeFiles/Board_C_Infantry.elf.dir/startup/startup_stm32f407xx.s.obj
                0x08000000                g_pfnVectors
                0x08000188                . = ALIGN (0x4)

.text           0x08000190     0xbeac
                0x08000190                . = ALIGN (0x4)
 *(.text)
 .text          0x08000190       0x40 c:/gcc-arm-none-eabi/bin/../lib/gcc/arm-none-eabi/10.3.1/thumb/v7e-m+fp/hard/crtbegin.o
 .text          0x080001d0      0x378 c:/gcc-arm-none-eabi/bin/../lib/gcc/arm-none-eabi/10.3.1/thumb/v7e-m+fp/hard\libgcc.a(_arm_addsubdf3.o)
                0x080001d0                __aeabi_drsub
                0x080001d8                __aeabi_dsub
                0x080001d8                __subdf3
                0x080001dc                __aeabi_dadd
                0x080001dc                __adddf3
                0x08000454                __floatunsidf
                0x08000454                __aeabi_ui2d
                0x08000474                __floatsidf
                0x08000474                __aeabi_i2d
                0x08000498                __aeabi_f2d
                0x08000498                __extendsfdf2
                0x080004dc                __floatundidf
                0x080004dc                __aeabi_ul2d
                0x080004ec                __floatdidf
                0x080004ec                __aeabi_l2d
 .text          0x08000548      0x424 c:/gcc-arm-none-eabi/bin/../lib/gcc/arm-none-eabi/10.3.1/thumb/v7e-m+fp/hard\libgcc.a(_arm_muldivdf3.o)
                0x08000548                __aeabi_dmul
                0x08000548                __muldf3
                0x0800079c                __divdf3
                0x0800079c                __aeabi_ddiv
 .text          0x0800096c       0xa0 c:/gcc-arm-none-eabi/bin/../lib/gcc/arm-none-eabi/10.3.1/thumb/v7e-m+fp/hard\libgcc.a(_arm_truncdfsf2.o)
                0x0800096c                __truncdfsf2
                0x0800096c                __aeabi_d2f
 .text          0x08000a0c       0x30 c:/gcc-arm-none-eabi/bin/../lib/gcc/arm-none-eabi/10.3.1/thumb/v7e-m+fp/hard\libgcc.a(_aeabi_uldivmod.o)
                0x08000a0c                __aeabi_uldivmod
 .text          0x08000a3c      0x2d0 c:/gcc-arm-none-eabi/bin/../lib/gcc/arm-none-eabi/10.3.1/thumb/v7e-m+fp/hard\libgcc.a(_udivmoddi4.o)
                0x08000a3c                __udivmoddi4
 .text          0x08000d0c        0x4 c:/gcc-arm-none-eabi/bin/../lib/gcc/arm-none-eabi/10.3.1/thumb/v7e-m+fp/hard\libgcc.a(_dvmd_tls.o)
                0x08000d0c                __aeabi_idiv0
                0x08000d0c                __aeabi_ldiv0
 .text          0x08000d10      0x134 c:/gcc-arm-none-eabi/bin/../lib/gcc/arm-none-eabi/10.3.1/../../../../arm-none-eabi/lib/thumb/v7e-m+fp/hard\libg.a(lib_a-memcpy.o)
                0x08000d10                memcpy
 .text          0x08000e44      0x110 c:/gcc-arm-none-eabi/bin/../lib/gcc/arm-none-eabi/10.3.1/thumb/v7e-m+fp/hard\libgcc.a(_arm_cmpdf2.o)
                0x08000e44                __gtdf2
                0x08000e44                __gedf2
                0x08000e4c                __ltdf2
                0x08000e4c                __ledf2
                0x08000e54                __nedf2
                0x08000e54                __eqdf2
                0x08000e54                __cmpdf2
                0x08000ed0                __aeabi_cdrcmple
                0x08000ee0                __aeabi_cdcmpeq
                0x08000ee0                __aeabi_cdcmple
                0x08000ef0                __aeabi_dcmpeq
                0x08000f04                __aeabi_dcmplt
                0x08000f18                __aeabi_dcmple
                0x08000f2c                __aeabi_dcmpge
                0x08000f40                __aeabi_dcmpgt
 .text          0x08000f54       0x2c c:/gcc-arm-none-eabi/bin/../lib/gcc/arm-none-eabi/10.3.1/thumb/v7e-m+fp/hard\libgcc.a(_arm_unorddf2.o)
                0x08000f54                __unorddf2
                0x08000f54                __aeabi_dcmpun
 *(.text*)
 .text.global_err_detector_init
                0x08000f80      0x1d0 CMakeFiles/Board_C_Infantry.elf.dir/APP/Detect.c.obj
                0x08000f80                global_err_detector_init
 .text.err_detector_hook
                0x08001150       0x2c CMakeFiles/Board_C_Infantry.elf.dir/APP/Detect.c.obj
                0x08001150                err_detector_hook
 .text.detect_task
                0x0800117c       0x9c CMakeFiles/Board_C_Infantry.elf.dir/APP/Detect.c.obj
                0x0800117c                detect_task
 .text.get_relative_pos
                0x08001218       0x36 CMakeFiles/Board_C_Infantry.elf.dir/APP/Gimbal.c.obj
 *fill*         0x0800124e        0x2 
 .text.remote_is_action
                0x08001250       0x8c CMakeFiles/Board_C_Infantry.elf.dir/APP/Gimbal.c.obj
 .text.gimbal_init_param
                0x080012dc      0x1c8 CMakeFiles/Board_C_Infantry.elf.dir/APP/Gimbal.c.obj
 .text.read_gimbal_offset
                0x080014a4       0x3c CMakeFiles/Board_C_Infantry.elf.dir/APP/Gimbal.c.obj
 .text.get_gimbal_information
                0x080014e0       0x90 CMakeFiles/Board_C_Infantry.elf.dir/APP/Gimbal.c.obj
 .text.gimbal_back_param
                0x08001570       0x38 CMakeFiles/Board_C_Infantry.elf.dir/APP/Gimbal.c.obj
 .text.get_gimbal_mode
                0x080015a8       0xf8 CMakeFiles/Board_C_Infantry.elf.dir/APP/Gimbal.c.obj
 .text.gimbal_init_handle
                0x080016a0       0xec CMakeFiles/Board_C_Infantry.elf.dir/APP/Gimbal.c.obj
 .text.pid_reset_manual
                0x0800178c       0xa4 CMakeFiles/Board_C_Infantry.elf.dir/APP/Gimbal.c.obj
                0x0800178c                pid_reset_manual
 .text.pid_reset_auto
                0x08001830       0xac CMakeFiles/Board_C_Infantry.elf.dir/APP/Gimbal.c.obj
                0x08001830                pid_reset_auto
 .text.gimbal_yaw_control
                0x080018dc       0x58 CMakeFiles/Board_C_Infantry.elf.dir/APP/Gimbal.c.obj
                0x080018dc                gimbal_yaw_control
 .text.gimbal_pitch_control
                0x08001934       0x64 CMakeFiles/Board_C_Infantry.elf.dir/APP/Gimbal.c.obj
                0x08001934                gimbal_pitch_control
 .text.gimbal_loop_handle
                0x08001998       0xa8 CMakeFiles/Board_C_Infantry.elf.dir/APP/Gimbal.c.obj
 .text.gimbal_noaction_handle
                0x08001a40       0x78 CMakeFiles/Board_C_Infantry.elf.dir/APP/Gimbal.c.obj
 .text.gimbal_custom_control
                0x08001ab8       0xb4 CMakeFiles/Board_C_Infantry.elf.dir/APP/Gimbal.c.obj
                0x08001ab8                gimbal_custom_control
 .text.gimbal_auto_control
                0x08001b6c      0x100 CMakeFiles/Board_C_Infantry.elf.dir/APP/Gimbal.c.obj
                0x08001b6c                gimbal_auto_control
 .text.gimbal_task
                0x08001c6c      0x170 CMakeFiles/Board_C_Infantry.elf.dir/APP/Gimbal.c.obj
                0x08001c6c                gimbal_task
 .text.ins_task
                0x08001ddc       0xb0 CMakeFiles/Board_C_Infantry.elf.dir/APP/Ins.c.obj
                0x08001ddc                ins_task
 .text.cap_control
                0x08001e8c       0x3c CMakeFiles/Board_C_Infantry.elf.dir/APP/Shoot.c.obj
                0x08001e8c                cap_control
 .text.block_bullet_handle
                0x08001ec8       0x84 CMakeFiles/Board_C_Infantry.elf.dir/APP/Shoot.c.obj
                0x08001ec8                block_bullet_handle
 .text.ShootAndDelay
                0x08001f4c       0xd0 CMakeFiles/Board_C_Infantry.elf.dir/APP/Shoot.c.obj
                0x08001f4c                ShootAndDelay
 .text.shoot_custom_control
                0x0800201c      0x1d4 CMakeFiles/Board_C_Infantry.elf.dir/APP/Shoot.c.obj
                0x0800201c                shoot_custom_control
 .text.turn_on_off_friction_wheel
                0x080021f0       0x38 CMakeFiles/Board_C_Infantry.elf.dir/APP/Shoot.c.obj
                0x080021f0                turn_on_off_friction_wheel
 .text.shoot_task
                0x08002228      0x274 CMakeFiles/Board_C_Infantry.elf.dir/APP/Shoot.c.obj
                0x08002228                shoot_task
 .text.get_communicate_info
                0x0800249c       0x38 CMakeFiles/Board_C_Infantry.elf.dir/APP/Transmission.c.obj
                0x0800249c                get_communicate_info
 .text.Send_CM_Data
                0x080024d4       0x6c CMakeFiles/Board_C_Infantry.elf.dir/APP/Transmission.c.obj
                0x080024d4                Send_CM_Data
 .text.transmission_task
                0x08002540       0xac CMakeFiles/Board_C_Infantry.elf.dir/APP/Transmission.c.obj
                0x08002540                transmission_task
 .text.get_moto_offset
                0x080025ec        0xe CMakeFiles/Board_C_Infantry.elf.dir/BSP/Src/bsp_can.c.obj
 *fill*         0x080025fa        0x2 
 .text.encoder_data_handle
                0x080025fc       0xb8 CMakeFiles/Board_C_Infantry.elf.dir/BSP/Src/bsp_can.c.obj
 .text.CAN_Device_Init
                0x080026b4       0x74 CMakeFiles/Board_C_Infantry.elf.dir/BSP/Src/bsp_can.c.obj
                0x080026b4                CAN_Device_Init
 .text.send_chassis_moto_zero_current
                0x08002728        0xc CMakeFiles/Board_C_Infantry.elf.dir/BSP/Src/bsp_can.c.obj
                0x08002728                send_chassis_moto_zero_current
 .text.HAL_CAN_RxFifo0MsgPendingCallback
                0x08002734      0x13c CMakeFiles/Board_C_Infantry.elf.dir/BSP/Src/bsp_can.c.obj
                0x08002734                HAL_CAN_RxFifo0MsgPendingCallback
 .text.write_can
                0x08002870       0x4c CMakeFiles/Board_C_Infantry.elf.dir/BSP/Src/bsp_can.c.obj
                0x08002870                write_can
 .text.send_gimbal_moto_current
                0x080028bc       0x4c CMakeFiles/Board_C_Infantry.elf.dir/BSP/Src/bsp_can.c.obj
                0x080028bc                send_gimbal_moto_current
 .text.send_gimbal_moto_zero_current
                0x08002908       0x4c CMakeFiles/Board_C_Infantry.elf.dir/BSP/Src/bsp_can.c.obj
                0x08002908                send_gimbal_moto_zero_current
 .text.send_shoot_moto_current
                0x08002954       0x54 CMakeFiles/Board_C_Infantry.elf.dir/BSP/Src/bsp_can.c.obj
                0x08002954                send_shoot_moto_current
 .text.delay_init
                0x080029a8       0x34 CMakeFiles/Board_C_Infantry.elf.dir/BSP/Src/bsp_delay.c.obj
                0x080029a8                delay_init
 .text.DWT_Init
                0x080029dc       0x4c CMakeFiles/Board_C_Infantry.elf.dir/BSP/Src/bsp_dwt.c.obj
                0x080029dc                DWT_Init
 .text.DWT_GetDeltaT
                0x08002a28       0x34 CMakeFiles/Board_C_Infantry.elf.dir/BSP/Src/bsp_dwt.c.obj
                0x08002a28                DWT_GetDeltaT
 .text.DWT_Delay
                0x08002a5c       0x34 CMakeFiles/Board_C_Infantry.elf.dir/BSP/Src/bsp_dwt.c.obj
                0x08002a5c                DWT_Delay
 .text.get_next_flash_address
                0x08002a90       0xf0 CMakeFiles/Board_C_Infantry.elf.dir/BSP/Src/bsp_flash.c.obj
                0x08002a90                get_next_flash_address
 .text.flash_write_single_address
                0x08002b80       0x80 CMakeFiles/Board_C_Infantry.elf.dir/BSP/Src/bsp_flash.c.obj
                0x08002b80                flash_write_single_address
 .text.write_flash
                0x08002c00       0x14 CMakeFiles/Board_C_Infantry.elf.dir/BSP/Src/bsp_flash.c.obj
                0x08002c00                write_flash
 .text.get_imu_data
                0x08002c14       0x4c CMakeFiles/Board_C_Infantry.elf.dir/BSP/Src/bsp_imu.c.obj
                0x08002c14                get_imu_data
 .text.start_pwm_output
                0x08002c60       0x40 CMakeFiles/Board_C_Infantry.elf.dir/BSP/Src/bsp_tim.c.obj
                0x08002c60                start_pwm_output
 .text.set_pwm_group_param
                0x08002ca0       0x10 CMakeFiles/Board_C_Infantry.elf.dir/BSP/Src/bsp_tim.c.obj
                0x08002ca0                set_pwm_group_param
 .text.set_pwm_param
                0x08002cb0       0x24 CMakeFiles/Board_C_Infantry.elf.dir/BSP/Src/bsp_tim.c.obj
                0x08002cb0                set_pwm_param
 .text.remote_data_handle
                0x08002cd4      0x140 CMakeFiles/Board_C_Infantry.elf.dir/BSP/Src/bsp_uart.c.obj
 .text.USART3_IRQHandler
                0x08002e14      0x108 CMakeFiles/Board_C_Infantry.elf.dir/BSP/Src/bsp_uart.c.obj
                0x08002e14                USART3_IRQHandler
 .text.Send_RC_Data
                0x08002f1c       0x88 CMakeFiles/Board_C_Infantry.elf.dir/BSP/Src/bsp_uart.c.obj
                0x08002f1c                Send_RC_Data
 .text.RC_init  0x08002fa4       0x68 CMakeFiles/Board_C_Infantry.elf.dir/BSP/Src/bsp_uart.c.obj
                0x08002fa4                RC_init
 .text.remote_control_init
                0x0800300c       0x14 CMakeFiles/Board_C_Infantry.elf.dir/BSP/Src/bsp_uart.c.obj
                0x0800300c                remote_control_init
 .text.write_uart
                0x08003020       0x40 CMakeFiles/Board_C_Infantry.elf.dir/BSP/Src/bsp_uart.c.obj
                0x08003020                write_uart
 .text.BMI088_ACCEL_NS_L
                0x08003060       0x14 CMakeFiles/Board_C_Infantry.elf.dir/Devices/BMI088Middleware.c.obj
                0x08003060                BMI088_ACCEL_NS_L
 .text.BMI088_ACCEL_NS_H
                0x08003074       0x14 CMakeFiles/Board_C_Infantry.elf.dir/Devices/BMI088Middleware.c.obj
                0x08003074                BMI088_ACCEL_NS_H
 .text.BMI088_GYRO_NS_L
                0x08003088       0x14 CMakeFiles/Board_C_Infantry.elf.dir/Devices/BMI088Middleware.c.obj
                0x08003088                BMI088_GYRO_NS_L
 .text.BMI088_GYRO_NS_H
                0x0800309c       0x14 CMakeFiles/Board_C_Infantry.elf.dir/Devices/BMI088Middleware.c.obj
                0x0800309c                BMI088_GYRO_NS_H
 .text.BMI088_read_write_byte
                0x080030b0       0x30 CMakeFiles/Board_C_Infantry.elf.dir/Devices/BMI088Middleware.c.obj
                0x080030b0                BMI088_read_write_byte
 .text.BMI088_read_muli_reg
                0x080030e0       0x24 CMakeFiles/Board_C_Infantry.elf.dir/Devices/BMI088driver.c.obj
 .text.BMI088_write_single_reg
                0x08003104       0x10 CMakeFiles/Board_C_Infantry.elf.dir/Devices/BMI088driver.c.obj
 .text.BMI088_read_single_reg
                0x08003114       0x16 CMakeFiles/Board_C_Infantry.elf.dir/Devices/BMI088driver.c.obj
 *fill*         0x0800312a        0x2 
 .text.Calibrate_MPU_Offset
                0x0800312c      0x2a8 CMakeFiles/Board_C_Infantry.elf.dir/Devices/BMI088driver.c.obj
 .text.bmi088_accel_init
                0x080033d4      0x144 CMakeFiles/Board_C_Infantry.elf.dir/Devices/BMI088driver.c.obj
                0x080033d4                bmi088_accel_init
 .text.bmi088_gyro_init
                0x08003518      0x118 CMakeFiles/Board_C_Infantry.elf.dir/Devices/BMI088driver.c.obj
                0x08003518                bmi088_gyro_init
 .text.BMI088_init
                0x08003630       0x38 CMakeFiles/Board_C_Infantry.elf.dir/Devices/BMI088driver.c.obj
                0x08003630                BMI088_init
 .text.BMI088_Read
                0x08003668      0x1e0 CMakeFiles/Board_C_Infantry.elf.dir/Devices/BMI088driver.c.obj
                0x08003668                BMI088_Read
 .text.HAL_InitTick
                0x08003848       0x4c CMakeFiles/Board_C_Infantry.elf.dir/Drivers/STM32F4xx_HAL_Driver/Src/stm32f4xx_hal.c.obj
                0x08003848                HAL_InitTick
 .text.HAL_Init
                0x08003894       0x34 CMakeFiles/Board_C_Infantry.elf.dir/Drivers/STM32F4xx_HAL_Driver/Src/stm32f4xx_hal.c.obj
                0x08003894                HAL_Init
 .text.HAL_IncTick
                0x080038c8       0x18 CMakeFiles/Board_C_Infantry.elf.dir/Drivers/STM32F4xx_HAL_Driver/Src/stm32f4xx_hal.c.obj
                0x080038c8                HAL_IncTick
 .text.HAL_GetTick
                0x080038e0        0xc CMakeFiles/Board_C_Infantry.elf.dir/Drivers/STM32F4xx_HAL_Driver/Src/stm32f4xx_hal.c.obj
                0x080038e0                HAL_GetTick
 .text.HAL_Delay
                0x080038ec       0x28 CMakeFiles/Board_C_Infantry.elf.dir/Drivers/STM32F4xx_HAL_Driver/Src/stm32f4xx_hal.c.obj
                0x080038ec                HAL_Delay
 .text.ADC_Init
                0x08003914      0x134 CMakeFiles/Board_C_Infantry.elf.dir/Drivers/STM32F4xx_HAL_Driver/Src/stm32f4xx_hal_adc.c.obj
 .text.HAL_ADC_Init
                0x08003a48       0x56 CMakeFiles/Board_C_Infantry.elf.dir/Drivers/STM32F4xx_HAL_Driver/Src/stm32f4xx_hal_adc.c.obj
                0x08003a48                HAL_ADC_Init
 *fill*         0x08003a9e        0x2 
 .text.HAL_ADC_ConfigChannel
                0x08003aa0      0x198 CMakeFiles/Board_C_Infantry.elf.dir/Drivers/STM32F4xx_HAL_Driver/Src/stm32f4xx_hal_adc.c.obj
                0x08003aa0                HAL_ADC_ConfigChannel
 .text.HAL_CAN_Init
                0x08003c38      0x14c CMakeFiles/Board_C_Infantry.elf.dir/Drivers/STM32F4xx_HAL_Driver/Src/stm32f4xx_hal_can.c.obj
                0x08003c38                HAL_CAN_Init
 .text.HAL_CAN_ConfigFilter
                0x08003d84      0x138 CMakeFiles/Board_C_Infantry.elf.dir/Drivers/STM32F4xx_HAL_Driver/Src/stm32f4xx_hal_can.c.obj
                0x08003d84                HAL_CAN_ConfigFilter
 .text.HAL_CAN_Start
                0x08003ebc       0x5c CMakeFiles/Board_C_Infantry.elf.dir/Drivers/STM32F4xx_HAL_Driver/Src/stm32f4xx_hal_can.c.obj
                0x08003ebc                HAL_CAN_Start
 .text.HAL_CAN_AddTxMessage
                0x08003f18       0xfc CMakeFiles/Board_C_Infantry.elf.dir/Drivers/STM32F4xx_HAL_Driver/Src/stm32f4xx_hal_can.c.obj
                0x08003f18                HAL_CAN_AddTxMessage
 .text.HAL_CAN_GetRxMessage
                0x08004014      0x14a CMakeFiles/Board_C_Infantry.elf.dir/Drivers/STM32F4xx_HAL_Driver/Src/stm32f4xx_hal_can.c.obj
                0x08004014                HAL_CAN_GetRxMessage
 .text.HAL_CAN_ActivateNotification
                0x0800415e       0x24 CMakeFiles/Board_C_Infantry.elf.dir/Drivers/STM32F4xx_HAL_Driver/Src/stm32f4xx_hal_can.c.obj
                0x0800415e                HAL_CAN_ActivateNotification
 .text.HAL_CAN_TxMailbox0CompleteCallback
                0x08004182        0x2 CMakeFiles/Board_C_Infantry.elf.dir/Drivers/STM32F4xx_HAL_Driver/Src/stm32f4xx_hal_can.c.obj
                0x08004182                HAL_CAN_TxMailbox0CompleteCallback
 .text.HAL_CAN_TxMailbox1CompleteCallback
                0x08004184        0x2 CMakeFiles/Board_C_Infantry.elf.dir/Drivers/STM32F4xx_HAL_Driver/Src/stm32f4xx_hal_can.c.obj
                0x08004184                HAL_CAN_TxMailbox1CompleteCallback
 .text.HAL_CAN_TxMailbox2CompleteCallback
                0x08004186        0x2 CMakeFiles/Board_C_Infantry.elf.dir/Drivers/STM32F4xx_HAL_Driver/Src/stm32f4xx_hal_can.c.obj
                0x08004186                HAL_CAN_TxMailbox2CompleteCallback
 .text.HAL_CAN_TxMailbox0AbortCallback
                0x08004188        0x2 CMakeFiles/Board_C_Infantry.elf.dir/Drivers/STM32F4xx_HAL_Driver/Src/stm32f4xx_hal_can.c.obj
                0x08004188                HAL_CAN_TxMailbox0AbortCallback
 .text.HAL_CAN_TxMailbox1AbortCallback
                0x0800418a        0x2 CMakeFiles/Board_C_Infantry.elf.dir/Drivers/STM32F4xx_HAL_Driver/Src/stm32f4xx_hal_can.c.obj
                0x0800418a                HAL_CAN_TxMailbox1AbortCallback
 .text.HAL_CAN_TxMailbox2AbortCallback
                0x0800418c        0x2 CMakeFiles/Board_C_Infantry.elf.dir/Drivers/STM32F4xx_HAL_Driver/Src/stm32f4xx_hal_can.c.obj
                0x0800418c                HAL_CAN_TxMailbox2AbortCallback
 .text.HAL_CAN_RxFifo0FullCallback
                0x0800418e        0x2 CMakeFiles/Board_C_Infantry.elf.dir/Drivers/STM32F4xx_HAL_Driver/Src/stm32f4xx_hal_can.c.obj
                0x0800418e                HAL_CAN_RxFifo0FullCallback
 .text.HAL_CAN_RxFifo1MsgPendingCallback
                0x08004190        0x2 CMakeFiles/Board_C_Infantry.elf.dir/Drivers/STM32F4xx_HAL_Driver/Src/stm32f4xx_hal_can.c.obj
                0x08004190                HAL_CAN_RxFifo1MsgPendingCallback
 .text.HAL_CAN_RxFifo1FullCallback
                0x08004192        0x2 CMakeFiles/Board_C_Infantry.elf.dir/Drivers/STM32F4xx_HAL_Driver/Src/stm32f4xx_hal_can.c.obj
                0x08004192                HAL_CAN_RxFifo1FullCallback
 .text.HAL_CAN_SleepCallback
                0x08004194        0x2 CMakeFiles/Board_C_Infantry.elf.dir/Drivers/STM32F4xx_HAL_Driver/Src/stm32f4xx_hal_can.c.obj
                0x08004194                HAL_CAN_SleepCallback
 .text.HAL_CAN_WakeUpFromRxMsgCallback
                0x08004196        0x2 CMakeFiles/Board_C_Infantry.elf.dir/Drivers/STM32F4xx_HAL_Driver/Src/stm32f4xx_hal_can.c.obj
                0x08004196                HAL_CAN_WakeUpFromRxMsgCallback
 .text.HAL_CAN_ErrorCallback
                0x08004198        0x2 CMakeFiles/Board_C_Infantry.elf.dir/Drivers/STM32F4xx_HAL_Driver/Src/stm32f4xx_hal_can.c.obj
                0x08004198                HAL_CAN_ErrorCallback
 .text.HAL_CAN_IRQHandler
                0x0800419a      0x24a CMakeFiles/Board_C_Infantry.elf.dir/Drivers/STM32F4xx_HAL_Driver/Src/stm32f4xx_hal_can.c.obj
                0x0800419a                HAL_CAN_IRQHandler
 .text.HAL_NVIC_SetPriorityGrouping
                0x080043e4       0x24 CMakeFiles/Board_C_Infantry.elf.dir/Drivers/STM32F4xx_HAL_Driver/Src/stm32f4xx_hal_cortex.c.obj
                0x080043e4                HAL_NVIC_SetPriorityGrouping
 .text.HAL_NVIC_SetPriority
                0x08004408       0x70 CMakeFiles/Board_C_Infantry.elf.dir/Drivers/STM32F4xx_HAL_Driver/Src/stm32f4xx_hal_cortex.c.obj
                0x08004408                HAL_NVIC_SetPriority
 .text.HAL_NVIC_EnableIRQ
                0x08004478       0x1c CMakeFiles/Board_C_Infantry.elf.dir/Drivers/STM32F4xx_HAL_Driver/Src/stm32f4xx_hal_cortex.c.obj
                0x08004478                HAL_NVIC_EnableIRQ
 .text.HAL_SYSTICK_Config
                0x08004494       0x28 CMakeFiles/Board_C_Infantry.elf.dir/Drivers/STM32F4xx_HAL_Driver/Src/stm32f4xx_hal_cortex.c.obj
                0x08004494                HAL_SYSTICK_Config
 .text.HAL_CRC_Init
                0x080044bc       0x1e CMakeFiles/Board_C_Infantry.elf.dir/Drivers/STM32F4xx_HAL_Driver/Src/stm32f4xx_hal_crc.c.obj
                0x080044bc                HAL_CRC_Init
 *fill*         0x080044da        0x2 
 .text.DMA_CalcBaseAndBitshift
                0x080044dc       0x44 CMakeFiles/Board_C_Infantry.elf.dir/Drivers/STM32F4xx_HAL_Driver/Src/stm32f4xx_hal_dma.c.obj
 .text.DMA_CheckFifoParam
                0x08004520       0x8e CMakeFiles/Board_C_Infantry.elf.dir/Drivers/STM32F4xx_HAL_Driver/Src/stm32f4xx_hal_dma.c.obj
 *fill*         0x080045ae        0x2 
 .text.HAL_DMA_Init
                0x080045b0       0xcc CMakeFiles/Board_C_Infantry.elf.dir/Drivers/STM32F4xx_HAL_Driver/Src/stm32f4xx_hal_dma.c.obj
                0x080045b0                HAL_DMA_Init
 .text.HAL_DMA_IRQHandler
                0x0800467c      0x1dc CMakeFiles/Board_C_Infantry.elf.dir/Drivers/STM32F4xx_HAL_Driver/Src/stm32f4xx_hal_dma.c.obj
                0x0800467c                HAL_DMA_IRQHandler
 .text.FLASH_Program_DoubleWord
                0x08004858       0x30 CMakeFiles/Board_C_Infantry.elf.dir/Drivers/STM32F4xx_HAL_Driver/Src/stm32f4xx_hal_flash.c.obj
 .text.FLASH_Program_Word
                0x08004888       0x24 CMakeFiles/Board_C_Infantry.elf.dir/Drivers/STM32F4xx_HAL_Driver/Src/stm32f4xx_hal_flash.c.obj
 .text.FLASH_Program_HalfWord
                0x080048ac       0x24 CMakeFiles/Board_C_Infantry.elf.dir/Drivers/STM32F4xx_HAL_Driver/Src/stm32f4xx_hal_flash.c.obj
 .text.FLASH_Program_Byte
                0x080048d0       0x20 CMakeFiles/Board_C_Infantry.elf.dir/Drivers/STM32F4xx_HAL_Driver/Src/stm32f4xx_hal_flash.c.obj
 .text.FLASH_SetErrorCode
                0x080048f0       0x8c CMakeFiles/Board_C_Infantry.elf.dir/Drivers/STM32F4xx_HAL_Driver/Src/stm32f4xx_hal_flash.c.obj
 .text.HAL_FLASH_Unlock
                0x0800497c       0x30 CMakeFiles/Board_C_Infantry.elf.dir/Drivers/STM32F4xx_HAL_Driver/Src/stm32f4xx_hal_flash.c.obj
                0x0800497c                HAL_FLASH_Unlock
 .text.HAL_FLASH_Lock
                0x080049ac       0x14 CMakeFiles/Board_C_Infantry.elf.dir/Drivers/STM32F4xx_HAL_Driver/Src/stm32f4xx_hal_flash.c.obj
                0x080049ac                HAL_FLASH_Lock
 .text.FLASH_WaitForLastOperation
                0x080049c0       0x60 CMakeFiles/Board_C_Infantry.elf.dir/Drivers/STM32F4xx_HAL_Driver/Src/stm32f4xx_hal_flash.c.obj
                0x080049c0                FLASH_WaitForLastOperation
 .text.HAL_FLASH_Program
                0x08004a20       0x7c CMakeFiles/Board_C_Infantry.elf.dir/Drivers/STM32F4xx_HAL_Driver/Src/stm32f4xx_hal_flash.c.obj
                0x08004a20                HAL_FLASH_Program
 .text.HAL_GPIO_Init
                0x08004a9c      0x1e4 CMakeFiles/Board_C_Infantry.elf.dir/Drivers/STM32F4xx_HAL_Driver/Src/stm32f4xx_hal_gpio.c.obj
                0x08004a9c                HAL_GPIO_Init
 .text.HAL_GPIO_WritePin
                0x08004c80        0xc CMakeFiles/Board_C_Infantry.elf.dir/Drivers/STM32F4xx_HAL_Driver/Src/stm32f4xx_hal_gpio.c.obj
                0x08004c80                HAL_GPIO_WritePin
 .text.HAL_GPIO_EXTI_Callback
                0x08004c8c        0x2 CMakeFiles/Board_C_Infantry.elf.dir/Drivers/STM32F4xx_HAL_Driver/Src/stm32f4xx_hal_gpio.c.obj
                0x08004c8c                HAL_GPIO_EXTI_Callback
 *fill*         0x08004c8e        0x2 
 .text.HAL_GPIO_EXTI_IRQHandler
                0x08004c90       0x1c CMakeFiles/Board_C_Infantry.elf.dir/Drivers/STM32F4xx_HAL_Driver/Src/stm32f4xx_hal_gpio.c.obj
                0x08004c90                HAL_GPIO_EXTI_IRQHandler
 .text.HAL_I2C_Init
                0x08004cac      0x1bc CMakeFiles/Board_C_Infantry.elf.dir/Drivers/STM32F4xx_HAL_Driver/Src/stm32f4xx_hal_i2c.c.obj
                0x08004cac                HAL_I2C_Init
 .text.HAL_RCC_OscConfig
                0x08004e68      0x3f8 CMakeFiles/Board_C_Infantry.elf.dir/Drivers/STM32F4xx_HAL_Driver/Src/stm32f4xx_hal_rcc.c.obj
                0x08004e68                HAL_RCC_OscConfig
 .text.HAL_RCC_GetSysClockFreq
                0x08005260       0xa4 CMakeFiles/Board_C_Infantry.elf.dir/Drivers/STM32F4xx_HAL_Driver/Src/stm32f4xx_hal_rcc.c.obj
                0x08005260                HAL_RCC_GetSysClockFreq
 .text.HAL_RCC_ClockConfig
                0x08005304      0x160 CMakeFiles/Board_C_Infantry.elf.dir/Drivers/STM32F4xx_HAL_Driver/Src/stm32f4xx_hal_rcc.c.obj
                0x08005304                HAL_RCC_ClockConfig
 .text.HAL_RCC_GetHCLKFreq
                0x08005464        0xc CMakeFiles/Board_C_Infantry.elf.dir/Drivers/STM32F4xx_HAL_Driver/Src/stm32f4xx_hal_rcc.c.obj
                0x08005464                HAL_RCC_GetHCLKFreq
 .text.HAL_RCC_GetPCLK1Freq
                0x08005470       0x20 CMakeFiles/Board_C_Infantry.elf.dir/Drivers/STM32F4xx_HAL_Driver/Src/stm32f4xx_hal_rcc.c.obj
                0x08005470                HAL_RCC_GetPCLK1Freq
 .text.HAL_RCC_GetPCLK2Freq
                0x08005490       0x20 CMakeFiles/Board_C_Infantry.elf.dir/Drivers/STM32F4xx_HAL_Driver/Src/stm32f4xx_hal_rcc.c.obj
                0x08005490                HAL_RCC_GetPCLK2Freq
 .text.HAL_RCCEx_PeriphCLKConfig
                0x080054b0      0x154 CMakeFiles/Board_C_Infantry.elf.dir/Drivers/STM32F4xx_HAL_Driver/Src/stm32f4xx_hal_rcc_ex.c.obj
                0x080054b0                HAL_RCCEx_PeriphCLKConfig
 .text.HAL_RNG_Init
                0x08005604       0x2e CMakeFiles/Board_C_Infantry.elf.dir/Drivers/STM32F4xx_HAL_Driver/Src/stm32f4xx_hal_rng.c.obj
                0x08005604                HAL_RNG_Init
 .text.HAL_RTC_WaitForSynchro
                0x08005632       0x32 CMakeFiles/Board_C_Infantry.elf.dir/Drivers/STM32F4xx_HAL_Driver/Src/stm32f4xx_hal_rtc.c.obj
                0x08005632                HAL_RTC_WaitForSynchro
 .text.RTC_EnterInitMode
                0x08005664       0x3c CMakeFiles/Board_C_Infantry.elf.dir/Drivers/STM32F4xx_HAL_Driver/Src/stm32f4xx_hal_rtc.c.obj
                0x08005664                RTC_EnterInitMode
 .text.HAL_RTC_Init
                0x080056a0       0xc4 CMakeFiles/Board_C_Infantry.elf.dir/Drivers/STM32F4xx_HAL_Driver/Src/stm32f4xx_hal_rtc.c.obj
                0x080056a0                HAL_RTC_Init
 .text.SPI_WaitFlagStateUntilTimeout
                0x08005764       0xd4 CMakeFiles/Board_C_Infantry.elf.dir/Drivers/STM32F4xx_HAL_Driver/Src/stm32f4xx_hal_spi.c.obj
 .text.SPI_EndRxTxTransaction
                0x08005838       0x68 CMakeFiles/Board_C_Infantry.elf.dir/Drivers/STM32F4xx_HAL_Driver/Src/stm32f4xx_hal_spi.c.obj
 .text.HAL_SPI_Init
                0x080058a0       0xbe CMakeFiles/Board_C_Infantry.elf.dir/Drivers/STM32F4xx_HAL_Driver/Src/stm32f4xx_hal_spi.c.obj
                0x080058a0                HAL_SPI_Init
 .text.HAL_SPI_TransmitReceive
                0x0800595e      0x238 CMakeFiles/Board_C_Infantry.elf.dir/Drivers/STM32F4xx_HAL_Driver/Src/stm32f4xx_hal_spi.c.obj
                0x0800595e                HAL_SPI_TransmitReceive
 *fill*         0x08005b96        0x2 
 .text.TIM_OC1_SetConfig
                0x08005b98       0x68 CMakeFiles/Board_C_Infantry.elf.dir/Drivers/STM32F4xx_HAL_Driver/Src/stm32f4xx_hal_tim.c.obj
 .text.TIM_OC3_SetConfig
                0x08005c00       0x70 CMakeFiles/Board_C_Infantry.elf.dir/Drivers/STM32F4xx_HAL_Driver/Src/stm32f4xx_hal_tim.c.obj
 .text.TIM_OC4_SetConfig
                0x08005c70       0x50 CMakeFiles/Board_C_Infantry.elf.dir/Drivers/STM32F4xx_HAL_Driver/Src/stm32f4xx_hal_tim.c.obj
 .text.TIM_TI1_ConfigInputStage
                0x08005cc0       0x26 CMakeFiles/Board_C_Infantry.elf.dir/Drivers/STM32F4xx_HAL_Driver/Src/stm32f4xx_hal_tim.c.obj
 .text.TIM_TI2_ConfigInputStage
                0x08005ce6       0x28 CMakeFiles/Board_C_Infantry.elf.dir/Drivers/STM32F4xx_HAL_Driver/Src/stm32f4xx_hal_tim.c.obj
 .text.TIM_ITRx_SetConfig
                0x08005d0e       0x10 CMakeFiles/Board_C_Infantry.elf.dir/Drivers/STM32F4xx_HAL_Driver/Src/stm32f4xx_hal_tim.c.obj
 *fill*         0x08005d1e        0x2 
 .text.HAL_TIM_Base_Start
                0x08005d20       0x7c CMakeFiles/Board_C_Infantry.elf.dir/Drivers/STM32F4xx_HAL_Driver/Src/stm32f4xx_hal_tim.c.obj
                0x08005d20                HAL_TIM_Base_Start
 .text.HAL_TIM_PWM_MspInit
                0x08005d9c        0x2 CMakeFiles/Board_C_Infantry.elf.dir/Drivers/STM32F4xx_HAL_Driver/Src/stm32f4xx_hal_tim.c.obj
                0x08005d9c                HAL_TIM_PWM_MspInit
 *fill*         0x08005d9e        0x2 
 .text.TIM_Base_SetConfig
                0x08005da0       0xc8 CMakeFiles/Board_C_Infantry.elf.dir/Drivers/STM32F4xx_HAL_Driver/Src/stm32f4xx_hal_tim.c.obj
                0x08005da0                TIM_Base_SetConfig
 .text.HAL_TIM_Base_Init
                0x08005e68       0x58 CMakeFiles/Board_C_Infantry.elf.dir/Drivers/STM32F4xx_HAL_Driver/Src/stm32f4xx_hal_tim.c.obj
                0x08005e68                HAL_TIM_Base_Init
 .text.HAL_TIM_PWM_Init
                0x08005ec0       0x58 CMakeFiles/Board_C_Infantry.elf.dir/Drivers/STM32F4xx_HAL_Driver/Src/stm32f4xx_hal_tim.c.obj
                0x08005ec0                HAL_TIM_PWM_Init
 .text.TIM_OC2_SetConfig
                0x08005f18       0x70 CMakeFiles/Board_C_Infantry.elf.dir/Drivers/STM32F4xx_HAL_Driver/Src/stm32f4xx_hal_tim.c.obj
                0x08005f18                TIM_OC2_SetConfig
 .text.HAL_TIM_PWM_ConfigChannel
                0x08005f88       0xdc CMakeFiles/Board_C_Infantry.elf.dir/Drivers/STM32F4xx_HAL_Driver/Src/stm32f4xx_hal_tim.c.obj
                0x08005f88                HAL_TIM_PWM_ConfigChannel
 .text.TIM_ETR_SetConfig
                0x08006064       0x1a CMakeFiles/Board_C_Infantry.elf.dir/Drivers/STM32F4xx_HAL_Driver/Src/stm32f4xx_hal_tim.c.obj
                0x08006064                TIM_ETR_SetConfig
 .text.HAL_TIM_ConfigClockSource
                0x0800607e       0xfe CMakeFiles/Board_C_Infantry.elf.dir/Drivers/STM32F4xx_HAL_Driver/Src/stm32f4xx_hal_tim.c.obj
                0x0800607e                HAL_TIM_ConfigClockSource
 .text.TIM_CCxChannelCmd
                0x0800617c       0x1e CMakeFiles/Board_C_Infantry.elf.dir/Drivers/STM32F4xx_HAL_Driver/Src/stm32f4xx_hal_tim.c.obj
                0x0800617c                TIM_CCxChannelCmd
 *fill*         0x0800619a        0x2 
 .text.HAL_TIM_PWM_Start
                0x0800619c      0x104 CMakeFiles/Board_C_Infantry.elf.dir/Drivers/STM32F4xx_HAL_Driver/Src/stm32f4xx_hal_tim.c.obj
                0x0800619c                HAL_TIM_PWM_Start
 .text.HAL_TIMEx_MasterConfigSynchronization
                0x080062a0       0x8c CMakeFiles/Board_C_Infantry.elf.dir/Drivers/STM32F4xx_HAL_Driver/Src/stm32f4xx_hal_tim_ex.c.obj
                0x080062a0                HAL_TIMEx_MasterConfigSynchronization
 .text.HAL_TIMEx_ConfigBreakDeadTime
                0x0800632c       0x52 CMakeFiles/Board_C_Infantry.elf.dir/Drivers/STM32F4xx_HAL_Driver/Src/stm32f4xx_hal_tim_ex.c.obj
                0x0800632c                HAL_TIMEx_ConfigBreakDeadTime
 *fill*         0x0800637e        0x2 
 .text.UART_SetConfig
                0x08006380      0x110 CMakeFiles/Board_C_Infantry.elf.dir/Drivers/STM32F4xx_HAL_Driver/Src/stm32f4xx_hal_uart.c.obj
 .text.UART_WaitOnFlagUntilTimeout
                0x08006490       0x88 CMakeFiles/Board_C_Infantry.elf.dir/Drivers/STM32F4xx_HAL_Driver/Src/stm32f4xx_hal_uart.c.obj
 .text.HAL_UART_Init
                0x08006518       0x5e CMakeFiles/Board_C_Infantry.elf.dir/Drivers/STM32F4xx_HAL_Driver/Src/stm32f4xx_hal_uart.c.obj
                0x08006518                HAL_UART_Init
 .text.HAL_UART_Transmit
                0x08006576       0xd8 CMakeFiles/Board_C_Infantry.elf.dir/Drivers/STM32F4xx_HAL_Driver/Src/stm32f4xx_hal_uart.c.obj
                0x08006576                HAL_UART_Transmit
 .text.makeFreeRtosPriority
                0x0800664e        0xc CMakeFiles/Board_C_Infantry.elf.dir/Middlewares/Third_Party/FreeRTOS/Source/CMSIS_RTOS/cmsis_os.c.obj
 .text.inHandlerMode
                0x0800665a        0xc CMakeFiles/Board_C_Infantry.elf.dir/Middlewares/Third_Party/FreeRTOS/Source/CMSIS_RTOS/cmsis_os.c.obj
 .text.osKernelStart
                0x08006666        0xa CMakeFiles/Board_C_Infantry.elf.dir/Middlewares/Third_Party/FreeRTOS/Source/CMSIS_RTOS/cmsis_os.c.obj
                0x08006666                osKernelStart
 .text.osKernelSysTick
                0x08006670       0x14 CMakeFiles/Board_C_Infantry.elf.dir/Middlewares/Third_Party/FreeRTOS/Source/CMSIS_RTOS/cmsis_os.c.obj
                0x08006670                osKernelSysTick
 .text.osThreadCreate
                0x08006684       0x6a CMakeFiles/Board_C_Infantry.elf.dir/Middlewares/Third_Party/FreeRTOS/Source/CMSIS_RTOS/cmsis_os.c.obj
                0x08006684                osThreadCreate
 .text.osDelay  0x080066ee        0xe CMakeFiles/Board_C_Infantry.elf.dir/Middlewares/Third_Party/FreeRTOS/Source/CMSIS_RTOS/cmsis_os.c.obj
                0x080066ee                osDelay
 .text.osDelayUntil
                0x080066fc        0xe CMakeFiles/Board_C_Infantry.elf.dir/Middlewares/Third_Party/FreeRTOS/Source/CMSIS_RTOS/cmsis_os.c.obj
                0x080066fc                osDelayUntil
 .text.vListInitialise
                0x0800670a       0x16 CMakeFiles/Board_C_Infantry.elf.dir/Middlewares/Third_Party/FreeRTOS/Source/list.c.obj
                0x0800670a                vListInitialise
 .text.vListInitialiseItem
                0x08006720        0x6 CMakeFiles/Board_C_Infantry.elf.dir/Middlewares/Third_Party/FreeRTOS/Source/list.c.obj
                0x08006720                vListInitialiseItem
 .text.vListInsertEnd
                0x08006726       0x16 CMakeFiles/Board_C_Infantry.elf.dir/Middlewares/Third_Party/FreeRTOS/Source/list.c.obj
                0x08006726                vListInsertEnd
 .text.vListInsert
                0x0800673c       0x32 CMakeFiles/Board_C_Infantry.elf.dir/Middlewares/Third_Party/FreeRTOS/Source/list.c.obj
                0x0800673c                vListInsert
 .text.uxListRemove
                0x0800676e       0x26 CMakeFiles/Board_C_Infantry.elf.dir/Middlewares/Third_Party/FreeRTOS/Source/list.c.obj
                0x0800676e                uxListRemove
 .text.prvTaskExitError
                0x08006794       0x40 CMakeFiles/Board_C_Infantry.elf.dir/Middlewares/Third_Party/FreeRTOS/Source/portable/GCC/ARM_CM4F/port.c.obj
 .text.prvPortStartFirstTask
                0x080067d4       0x28 CMakeFiles/Board_C_Infantry.elf.dir/Middlewares/Third_Party/FreeRTOS/Source/portable/GCC/ARM_CM4F/port.c.obj
 .text.vPortEnableVFP
                0x080067fc       0x14 CMakeFiles/Board_C_Infantry.elf.dir/Middlewares/Third_Party/FreeRTOS/Source/portable/GCC/ARM_CM4F/port.c.obj
 .text.pxPortInitialiseStack
                0x08006810       0x2c CMakeFiles/Board_C_Infantry.elf.dir/Middlewares/Third_Party/FreeRTOS/Source/portable/GCC/ARM_CM4F/port.c.obj
                0x08006810                pxPortInitialiseStack
 *fill*         0x0800683c        0x4 
 .text.SVC_Handler
                0x08006840       0x24 CMakeFiles/Board_C_Infantry.elf.dir/Middlewares/Third_Party/FreeRTOS/Source/portable/GCC/ARM_CM4F/port.c.obj
                0x08006840                SVC_Handler
 .text.vPortEnterCritical
                0x08006864       0x44 CMakeFiles/Board_C_Infantry.elf.dir/Middlewares/Third_Party/FreeRTOS/Source/portable/GCC/ARM_CM4F/port.c.obj
                0x08006864                vPortEnterCritical
 .text.vPortExitCritical
                0x080068a8       0x2c CMakeFiles/Board_C_Infantry.elf.dir/Middlewares/Third_Party/FreeRTOS/Source/portable/GCC/ARM_CM4F/port.c.obj
                0x080068a8                vPortExitCritical
 *fill*         0x080068d4        0xc 
 .text.PendSV_Handler
                0x080068e0       0x64 CMakeFiles/Board_C_Infantry.elf.dir/Middlewares/Third_Party/FreeRTOS/Source/portable/GCC/ARM_CM4F/port.c.obj
                0x080068e0                PendSV_Handler
 .text.xPortSysTickHandler
                0x08006944       0x2c CMakeFiles/Board_C_Infantry.elf.dir/Middlewares/Third_Party/FreeRTOS/Source/portable/GCC/ARM_CM4F/port.c.obj
                0x08006944                xPortSysTickHandler
 .text.vPortSetupTimerInterrupt
                0x08006970       0x28 CMakeFiles/Board_C_Infantry.elf.dir/Middlewares/Third_Party/FreeRTOS/Source/portable/GCC/ARM_CM4F/port.c.obj
                0x08006970                vPortSetupTimerInterrupt
 .text.xPortStartScheduler
                0x08006998      0x118 CMakeFiles/Board_C_Infantry.elf.dir/Middlewares/Third_Party/FreeRTOS/Source/portable/GCC/ARM_CM4F/port.c.obj
                0x08006998                xPortStartScheduler
 .text.vPortValidateInterruptPriority
                0x08006ab0       0x5c CMakeFiles/Board_C_Infantry.elf.dir/Middlewares/Third_Party/FreeRTOS/Source/portable/GCC/ARM_CM4F/port.c.obj
                0x08006ab0                vPortValidateInterruptPriority
 .text.prvHeapInit
                0x08006b0c       0x64 CMakeFiles/Board_C_Infantry.elf.dir/Middlewares/Third_Party/FreeRTOS/Source/portable/MemMang/heap_4.c.obj
 .text.prvInsertBlockIntoFreeList
                0x08006b70       0x64 CMakeFiles/Board_C_Infantry.elf.dir/Middlewares/Third_Party/FreeRTOS/Source/portable/MemMang/heap_4.c.obj
 .text.pvPortMalloc
                0x08006bd4       0xfc CMakeFiles/Board_C_Infantry.elf.dir/Middlewares/Third_Party/FreeRTOS/Source/portable/MemMang/heap_4.c.obj
                0x08006bd4                pvPortMalloc
 .text.vPortFree
                0x08006cd0       0x7c CMakeFiles/Board_C_Infantry.elf.dir/Middlewares/Third_Party/FreeRTOS/Source/portable/MemMang/heap_4.c.obj
                0x08006cd0                vPortFree
 .text.prvIsQueueFull
                0x08006d4c       0x1e CMakeFiles/Board_C_Infantry.elf.dir/Middlewares/Third_Party/FreeRTOS/Source/queue.c.obj
 .text.prvIsQueueEmpty
                0x08006d6a       0x1a CMakeFiles/Board_C_Infantry.elf.dir/Middlewares/Third_Party/FreeRTOS/Source/queue.c.obj
 .text.prvCopyDataToQueue
                0x08006d84       0x76 CMakeFiles/Board_C_Infantry.elf.dir/Middlewares/Third_Party/FreeRTOS/Source/queue.c.obj
 .text.prvCopyDataFromQueue
                0x08006dfa       0x24 CMakeFiles/Board_C_Infantry.elf.dir/Middlewares/Third_Party/FreeRTOS/Source/queue.c.obj
 .text.prvUnlockQueue
                0x08006e1e       0x6e CMakeFiles/Board_C_Infantry.elf.dir/Middlewares/Third_Party/FreeRTOS/Source/queue.c.obj
 .text.xQueueGenericReset
                0x08006e8c       0x84 CMakeFiles/Board_C_Infantry.elf.dir/Middlewares/Third_Party/FreeRTOS/Source/queue.c.obj
                0x08006e8c                xQueueGenericReset
 .text.prvInitialiseNewQueue
                0x08006f10       0x1c CMakeFiles/Board_C_Infantry.elf.dir/Middlewares/Third_Party/FreeRTOS/Source/queue.c.obj
 .text.xQueueGenericCreateStatic
                0x08006f2c       0x94 CMakeFiles/Board_C_Infantry.elf.dir/Middlewares/Third_Party/FreeRTOS/Source/queue.c.obj
                0x08006f2c                xQueueGenericCreateStatic
 .text.xQueueGenericSend
                0x08006fc0      0x188 CMakeFiles/Board_C_Infantry.elf.dir/Middlewares/Third_Party/FreeRTOS/Source/queue.c.obj
                0x08006fc0                xQueueGenericSend
 .text.xQueueGenericSendFromISR
                0x08007148       0xce CMakeFiles/Board_C_Infantry.elf.dir/Middlewares/Third_Party/FreeRTOS/Source/queue.c.obj
                0x08007148                xQueueGenericSendFromISR
 .text.xQueueReceive
                0x08007216      0x15e CMakeFiles/Board_C_Infantry.elf.dir/Middlewares/Third_Party/FreeRTOS/Source/queue.c.obj
                0x08007216                xQueueReceive
 .text.vQueueAddToRegistry
                0x08007374       0x28 CMakeFiles/Board_C_Infantry.elf.dir/Middlewares/Third_Party/FreeRTOS/Source/queue.c.obj
                0x08007374                vQueueAddToRegistry
 .text.vQueueWaitForMessageRestricted
                0x0800739c       0x52 CMakeFiles/Board_C_Infantry.elf.dir/Middlewares/Third_Party/FreeRTOS/Source/queue.c.obj
                0x0800739c                vQueueWaitForMessageRestricted
 *fill*         0x080073ee        0x2 
 .text.prvResetNextTaskUnblockTime
                0x080073f0       0x2c CMakeFiles/Board_C_Infantry.elf.dir/Middlewares/Third_Party/FreeRTOS/Source/tasks.c.obj
 .text.prvInitialiseNewTask
                0x0800741c       0xac CMakeFiles/Board_C_Infantry.elf.dir/Middlewares/Third_Party/FreeRTOS/Source/tasks.c.obj
 .text.prvInitialiseTaskLists
                0x080074c8       0x68 CMakeFiles/Board_C_Infantry.elf.dir/Middlewares/Third_Party/FreeRTOS/Source/tasks.c.obj
 .text.prvAddNewTaskToReadyList
                0x08007530       0xa8 CMakeFiles/Board_C_Infantry.elf.dir/Middlewares/Third_Party/FreeRTOS/Source/tasks.c.obj
 .text.prvDeleteTCB
                0x080075d8       0x38 CMakeFiles/Board_C_Infantry.elf.dir/Middlewares/Third_Party/FreeRTOS/Source/tasks.c.obj
 .text.prvCheckTasksWaitingTermination
                0x08007610       0x4c CMakeFiles/Board_C_Infantry.elf.dir/Middlewares/Third_Party/FreeRTOS/Source/tasks.c.obj
 .text.prvIdleTask
                0x0800765c       0x28 CMakeFiles/Board_C_Infantry.elf.dir/Middlewares/Third_Party/FreeRTOS/Source/tasks.c.obj
 .text.prvAddCurrentTaskToDelayedList
                0x08007684       0xa0 CMakeFiles/Board_C_Infantry.elf.dir/Middlewares/Third_Party/FreeRTOS/Source/tasks.c.obj
 .text.xTaskCreateStatic
                0x08007724       0x76 CMakeFiles/Board_C_Infantry.elf.dir/Middlewares/Third_Party/FreeRTOS/Source/tasks.c.obj
                0x08007724                xTaskCreateStatic
 .text.xTaskCreate
                0x0800779a       0x68 CMakeFiles/Board_C_Infantry.elf.dir/Middlewares/Third_Party/FreeRTOS/Source/tasks.c.obj
                0x0800779a                xTaskCreate
 *fill*         0x08007802        0x2 
 .text.vTaskStartScheduler
                0x08007804       0x9c CMakeFiles/Board_C_Infantry.elf.dir/Middlewares/Third_Party/FreeRTOS/Source/tasks.c.obj
                0x08007804                vTaskStartScheduler
 .text.vTaskSuspendAll
                0x080078a0       0x10 CMakeFiles/Board_C_Infantry.elf.dir/Middlewares/Third_Party/FreeRTOS/Source/tasks.c.obj
                0x080078a0                vTaskSuspendAll
 .text.xTaskGetTickCount
                0x080078b0        0xc CMakeFiles/Board_C_Infantry.elf.dir/Middlewares/Third_Party/FreeRTOS/Source/tasks.c.obj
                0x080078b0                xTaskGetTickCount
 .text.xTaskGetTickCountFromISR
                0x080078bc       0x10 CMakeFiles/Board_C_Infantry.elf.dir/Middlewares/Third_Party/FreeRTOS/Source/tasks.c.obj
                0x080078bc                xTaskGetTickCountFromISR
 .text.xTaskIncrementTick
                0x080078cc      0x118 CMakeFiles/Board_C_Infantry.elf.dir/Middlewares/Third_Party/FreeRTOS/Source/tasks.c.obj
                0x080078cc                xTaskIncrementTick
 .text.xTaskResumeAll
                0x080079e4       0xf8 CMakeFiles/Board_C_Infantry.elf.dir/Middlewares/Third_Party/FreeRTOS/Source/tasks.c.obj
                0x080079e4                xTaskResumeAll
 .text.vTaskDelayUntil
                0x08007adc       0xa4 CMakeFiles/Board_C_Infantry.elf.dir/Middlewares/Third_Party/FreeRTOS/Source/tasks.c.obj
                0x08007adc                vTaskDelayUntil
 .text.vTaskDelay
                0x08007b80       0x4c CMakeFiles/Board_C_Infantry.elf.dir/Middlewares/Third_Party/FreeRTOS/Source/tasks.c.obj
                0x08007b80                vTaskDelay
 .text.vTaskSwitchContext
                0x08007bcc       0x98 CMakeFiles/Board_C_Infantry.elf.dir/Middlewares/Third_Party/FreeRTOS/Source/tasks.c.obj
                0x08007bcc                vTaskSwitchContext
 .text.vTaskPlaceOnEventList
                0x08007c64       0x30 CMakeFiles/Board_C_Infantry.elf.dir/Middlewares/Third_Party/FreeRTOS/Source/tasks.c.obj
                0x08007c64                vTaskPlaceOnEventList
 .text.vTaskPlaceOnEventListRestricted
                0x08007c94       0x38 CMakeFiles/Board_C_Infantry.elf.dir/Middlewares/Third_Party/FreeRTOS/Source/tasks.c.obj
                0x08007c94                vTaskPlaceOnEventListRestricted
 .text.xTaskRemoveFromEventList
                0x08007ccc       0x8c CMakeFiles/Board_C_Infantry.elf.dir/Middlewares/Third_Party/FreeRTOS/Source/tasks.c.obj
                0x08007ccc                xTaskRemoveFromEventList
 .text.vTaskInternalSetTimeOutState
                0x08007d58       0x18 CMakeFiles/Board_C_Infantry.elf.dir/Middlewares/Third_Party/FreeRTOS/Source/tasks.c.obj
                0x08007d58                vTaskInternalSetTimeOutState
 .text.xTaskCheckForTimeOut
                0x08007d70       0xa0 CMakeFiles/Board_C_Infantry.elf.dir/Middlewares/Third_Party/FreeRTOS/Source/tasks.c.obj
                0x08007d70                xTaskCheckForTimeOut
 .text.vTaskMissedYield
                0x08007e10        0xc CMakeFiles/Board_C_Infantry.elf.dir/Middlewares/Third_Party/FreeRTOS/Source/tasks.c.obj
                0x08007e10                vTaskMissedYield
 .text.xTaskGetSchedulerState
                0x08007e1c       0x20 CMakeFiles/Board_C_Infantry.elf.dir/Middlewares/Third_Party/FreeRTOS/Source/tasks.c.obj
                0x08007e1c                xTaskGetSchedulerState
 .text.xTaskPriorityDisinherit
                0x08007e3c       0xb4 CMakeFiles/Board_C_Infantry.elf.dir/Middlewares/Third_Party/FreeRTOS/Source/tasks.c.obj
                0x08007e3c                xTaskPriorityDisinherit
 .text.prvGetNextExpireTime
                0x08007ef0       0x20 CMakeFiles/Board_C_Infantry.elf.dir/Middlewares/Third_Party/FreeRTOS/Source/timers.c.obj
 .text.prvInsertTimerInActiveList
                0x08007f10       0x48 CMakeFiles/Board_C_Infantry.elf.dir/Middlewares/Third_Party/FreeRTOS/Source/timers.c.obj
 .text.prvCheckForValidListAndQueue
                0x08007f58       0x70 CMakeFiles/Board_C_Infantry.elf.dir/Middlewares/Third_Party/FreeRTOS/Source/timers.c.obj
 .text.xTimerCreateTimerTask
                0x08007fc8       0x64 CMakeFiles/Board_C_Infantry.elf.dir/Middlewares/Third_Party/FreeRTOS/Source/timers.c.obj
                0x08007fc8                xTimerCreateTimerTask
 .text.xTimerGenericCommand
                0x0800802c       0x6c CMakeFiles/Board_C_Infantry.elf.dir/Middlewares/Third_Party/FreeRTOS/Source/timers.c.obj
                0x0800802c                xTimerGenericCommand
 .text.prvSwitchTimerLists
                0x08008098       0x7c CMakeFiles/Board_C_Infantry.elf.dir/Middlewares/Third_Party/FreeRTOS/Source/timers.c.obj
 .text.prvSampleTimeNow
                0x08008114       0x2c CMakeFiles/Board_C_Infantry.elf.dir/Middlewares/Third_Party/FreeRTOS/Source/timers.c.obj
 .text.prvProcessExpiredTimer
                0x08008140       0x6c CMakeFiles/Board_C_Infantry.elf.dir/Middlewares/Third_Party/FreeRTOS/Source/timers.c.obj
 .text.prvProcessTimerOrBlockTask
                0x080081ac       0x74 CMakeFiles/Board_C_Infantry.elf.dir/Middlewares/Third_Party/FreeRTOS/Source/timers.c.obj
 .text.prvProcessReceivedCommands
                0x08008220      0x10c CMakeFiles/Board_C_Infantry.elf.dir/Middlewares/Third_Party/FreeRTOS/Source/timers.c.obj
 .text.prvTimerTask
                0x0800832c       0x16 CMakeFiles/Board_C_Infantry.elf.dir/Middlewares/Third_Party/FreeRTOS/Source/timers.c.obj
 *fill*         0x08008342        0x2 
 .text.MX_ADC1_Init
                0x08008344       0x70 CMakeFiles/Board_C_Infantry.elf.dir/Src/adc.c.obj
                0x08008344                MX_ADC1_Init
 .text.MX_ADC3_Init
                0x080083b4       0x70 CMakeFiles/Board_C_Infantry.elf.dir/Src/adc.c.obj
                0x080083b4                MX_ADC3_Init
 .text.HAL_ADC_MspInit
                0x08008424       0x90 CMakeFiles/Board_C_Infantry.elf.dir/Src/adc.c.obj
                0x08008424                HAL_ADC_MspInit
 .text.MX_CAN1_Init
                0x080084b4       0x40 CMakeFiles/Board_C_Infantry.elf.dir/Src/can.c.obj
                0x080084b4                MX_CAN1_Init
 .text.MX_CAN2_Init
                0x080084f4       0x40 CMakeFiles/Board_C_Infantry.elf.dir/Src/can.c.obj
                0x080084f4                MX_CAN2_Init
 .text.HAL_CAN_MspInit
                0x08008534      0x120 CMakeFiles/Board_C_Infantry.elf.dir/Src/can.c.obj
                0x08008534                HAL_CAN_MspInit
 .text.MX_CRC_Init
                0x08008654       0x20 CMakeFiles/Board_C_Infantry.elf.dir/Src/crc.c.obj
                0x08008654                MX_CRC_Init
 .text.HAL_CRC_MspInit
                0x08008674       0x30 CMakeFiles/Board_C_Infantry.elf.dir/Src/crc.c.obj
                0x08008674                HAL_CRC_MspInit
 .text.MX_DMA_Init
                0x080086a4       0x88 CMakeFiles/Board_C_Infantry.elf.dir/Src/dma.c.obj
                0x080086a4                MX_DMA_Init
 .text.vApplicationGetIdleTaskMemory
                0x0800872c       0x18 CMakeFiles/Board_C_Infantry.elf.dir/Src/freertos.c.obj
                0x0800872c                vApplicationGetIdleTaskMemory
 .text.vApplicationGetTimerTaskMemory
                0x08008744       0x18 CMakeFiles/Board_C_Infantry.elf.dir/Src/freertos.c.obj
                0x08008744                vApplicationGetTimerTaskMemory
 .text.MX_FREERTOS_Init
                0x0800875c       0xd4 CMakeFiles/Board_C_Infantry.elf.dir/Src/freertos.c.obj
                0x0800875c                MX_FREERTOS_Init
 .text.MX_GPIO_Init
                0x08008830      0x234 CMakeFiles/Board_C_Infantry.elf.dir/Src/gpio.c.obj
                0x08008830                MX_GPIO_Init
 .text.MX_I2C1_Init
                0x08008a64       0x3c CMakeFiles/Board_C_Infantry.elf.dir/Src/i2c.c.obj
                0x08008a64                MX_I2C1_Init
 .text.MX_I2C2_Init
                0x08008aa0       0x3c CMakeFiles/Board_C_Infantry.elf.dir/Src/i2c.c.obj
                0x08008aa0                MX_I2C2_Init
 .text.MX_I2C3_Init
                0x08008adc       0x3c CMakeFiles/Board_C_Infantry.elf.dir/Src/i2c.c.obj
                0x08008adc                MX_I2C3_Init
 .text.HAL_I2C_MspInit
                0x08008b18      0x1a4 CMakeFiles/Board_C_Infantry.elf.dir/Src/i2c.c.obj
                0x08008b18                HAL_I2C_MspInit
 .text.Error_Handler
                0x08008cbc        0x4 CMakeFiles/Board_C_Infantry.elf.dir/Src/main.c.obj
                0x08008cbc                Error_Handler
 .text.SystemClock_Config
                0x08008cc0       0xa8 CMakeFiles/Board_C_Infantry.elf.dir/Src/main.c.obj
                0x08008cc0                SystemClock_Config
 .text.main     0x08008d68       0x98 CMakeFiles/Board_C_Infantry.elf.dir/Src/main.c.obj
                0x08008d68                main
 .text.MX_RNG_Init
                0x08008e00       0x20 CMakeFiles/Board_C_Infantry.elf.dir/Src/rng.c.obj
                0x08008e00                MX_RNG_Init
 .text.HAL_RNG_MspInit
                0x08008e20       0x30 CMakeFiles/Board_C_Infantry.elf.dir/Src/rng.c.obj
                0x08008e20                HAL_RNG_MspInit
 .text.MX_RTC_Init
                0x08008e50       0x34 CMakeFiles/Board_C_Infantry.elf.dir/Src/rtc.c.obj
                0x08008e50                MX_RTC_Init
 .text.HAL_RTC_MspInit
                0x08008e84       0x48 CMakeFiles/Board_C_Infantry.elf.dir/Src/rtc.c.obj
                0x08008e84                HAL_RTC_MspInit
 .text.MX_SPI1_Init
                0x08008ecc       0x48 CMakeFiles/Board_C_Infantry.elf.dir/Src/spi.c.obj
                0x08008ecc                MX_SPI1_Init
 .text.MX_SPI2_Init
                0x08008f14       0x48 CMakeFiles/Board_C_Infantry.elf.dir/Src/spi.c.obj
                0x08008f14                MX_SPI2_Init
 .text.HAL_SPI_MspInit
                0x08008f5c       0xf4 CMakeFiles/Board_C_Infantry.elf.dir/Src/spi.c.obj
                0x08008f5c                HAL_SPI_MspInit
 .text.HAL_MspInit
                0x08009050       0x44 CMakeFiles/Board_C_Infantry.elf.dir/Src/stm32f4xx_hal_msp.c.obj
                0x08009050                HAL_MspInit
 .text.NMI_Handler
                0x08009094        0x2 CMakeFiles/Board_C_Infantry.elf.dir/Src/stm32f4xx_it.c.obj
                0x08009094                NMI_Handler
 .text.HardFault_Handler
                0x08009096        0x2 CMakeFiles/Board_C_Infantry.elf.dir/Src/stm32f4xx_it.c.obj
                0x08009096                HardFault_Handler
 .text.MemManage_Handler
                0x08009098        0x2 CMakeFiles/Board_C_Infantry.elf.dir/Src/stm32f4xx_it.c.obj
                0x08009098                MemManage_Handler
 .text.BusFault_Handler
                0x0800909a        0x2 CMakeFiles/Board_C_Infantry.elf.dir/Src/stm32f4xx_it.c.obj
                0x0800909a                BusFault_Handler
 .text.UsageFault_Handler
                0x0800909c        0x2 CMakeFiles/Board_C_Infantry.elf.dir/Src/stm32f4xx_it.c.obj
                0x0800909c                UsageFault_Handler
 .text.DebugMon_Handler
                0x0800909e        0x2 CMakeFiles/Board_C_Infantry.elf.dir/Src/stm32f4xx_it.c.obj
                0x0800909e                DebugMon_Handler
 .text.SysTick_Handler
                0x080090a0       0x16 CMakeFiles/Board_C_Infantry.elf.dir/Src/stm32f4xx_it.c.obj
                0x080090a0                SysTick_Handler
 .text.EXTI0_IRQHandler
                0x080090b6        0xa CMakeFiles/Board_C_Infantry.elf.dir/Src/stm32f4xx_it.c.obj
                0x080090b6                EXTI0_IRQHandler
 .text.EXTI3_IRQHandler
                0x080090c0        0xa CMakeFiles/Board_C_Infantry.elf.dir/Src/stm32f4xx_it.c.obj
                0x080090c0                EXTI3_IRQHandler
 .text.EXTI4_IRQHandler
                0x080090ca        0xa CMakeFiles/Board_C_Infantry.elf.dir/Src/stm32f4xx_it.c.obj
                0x080090ca                EXTI4_IRQHandler
 .text.CAN1_RX0_IRQHandler
                0x080090d4       0x10 CMakeFiles/Board_C_Infantry.elf.dir/Src/stm32f4xx_it.c.obj
                0x080090d4                CAN1_RX0_IRQHandler
 .text.EXTI9_5_IRQHandler
                0x080090e4        0xa CMakeFiles/Board_C_Infantry.elf.dir/Src/stm32f4xx_it.c.obj
                0x080090e4                EXTI9_5_IRQHandler
 *fill*         0x080090ee        0x2 
 .text.DMA2_Stream1_IRQHandler
                0x080090f0       0x10 CMakeFiles/Board_C_Infantry.elf.dir/Src/stm32f4xx_it.c.obj
                0x080090f0                DMA2_Stream1_IRQHandler
 .text.CAN2_RX0_IRQHandler
                0x08009100       0x10 CMakeFiles/Board_C_Infantry.elf.dir/Src/stm32f4xx_it.c.obj
                0x08009100                CAN2_RX0_IRQHandler
 .text.DMA2_Stream6_IRQHandler
                0x08009110       0x10 CMakeFiles/Board_C_Infantry.elf.dir/Src/stm32f4xx_it.c.obj
                0x08009110                DMA2_Stream6_IRQHandler
 .text.DMA2_Stream7_IRQHandler
                0x08009120       0x10 CMakeFiles/Board_C_Infantry.elf.dir/Src/stm32f4xx_it.c.obj
                0x08009120                DMA2_Stream7_IRQHandler
 .text.SystemInit
                0x08009130       0x1c CMakeFiles/Board_C_Infantry.elf.dir/Src/system_stm32f4xx.c.obj
                0x08009130                SystemInit
 .text.HAL_TIM_Base_MspInit
                0x0800914c       0xc0 CMakeFiles/Board_C_Infantry.elf.dir/Src/tim.c.obj
                0x0800914c                HAL_TIM_Base_MspInit
 .text.HAL_TIM_MspPostInit
                0x0800920c      0x18c CMakeFiles/Board_C_Infantry.elf.dir/Src/tim.c.obj
                0x0800920c                HAL_TIM_MspPostInit
 .text.MX_TIM1_Init
                0x08009398      0x124 CMakeFiles/Board_C_Infantry.elf.dir/Src/tim.c.obj
                0x08009398                MX_TIM1_Init
 .text.MX_TIM3_Init
                0x080094bc       0xac CMakeFiles/Board_C_Infantry.elf.dir/Src/tim.c.obj
                0x080094bc                MX_TIM3_Init
 .text.MX_TIM4_Init
                0x08009568       0xb0 CMakeFiles/Board_C_Infantry.elf.dir/Src/tim.c.obj
                0x08009568                MX_TIM4_Init
 .text.MX_TIM5_Init
                0x08009618       0xac CMakeFiles/Board_C_Infantry.elf.dir/Src/tim.c.obj
                0x08009618                MX_TIM5_Init
 .text.MX_TIM8_Init
                0x080096c4      0x100 CMakeFiles/Board_C_Infantry.elf.dir/Src/tim.c.obj
                0x080096c4                MX_TIM8_Init
 .text.MX_USART1_UART_Init
                0x080097c4       0x34 CMakeFiles/Board_C_Infantry.elf.dir/Src/usart.c.obj
                0x080097c4                MX_USART1_UART_Init
 .text.MX_USART3_UART_Init
                0x080097f8       0x3c CMakeFiles/Board_C_Infantry.elf.dir/Src/usart.c.obj
                0x080097f8                MX_USART3_UART_Init
 .text.MX_USART6_UART_Init
                0x08009834       0x34 CMakeFiles/Board_C_Infantry.elf.dir/Src/usart.c.obj
                0x08009834                MX_USART6_UART_Init
 .text.HAL_UART_MspInit
                0x08009868      0x274 CMakeFiles/Board_C_Infantry.elf.dir/Src/usart.c.obj
                0x08009868                HAL_UART_MspInit
 .text.invSqrt  0x08009adc       0x30 CMakeFiles/Board_C_Infantry.elf.dir/UserLib/QuaternionAHRS.c.obj
 .text.TuningKp
                0x08009b0c       0xf0 CMakeFiles/Board_C_Infantry.elf.dir/UserLib/QuaternionAHRS.c.obj
 .text.Quaternion_AHRS_InitIMU
                0x08009bfc       0xd4 CMakeFiles/Board_C_Infantry.elf.dir/UserLib/QuaternionAHRS.c.obj
                0x08009bfc                Quaternion_AHRS_InitIMU
 .text.Quaternion_AHRS_UpdateIMU
                0x08009cd0      0x484 CMakeFiles/Board_C_Infantry.elf.dir/UserLib/QuaternionAHRS.c.obj
                0x08009cd0                Quaternion_AHRS_UpdateIMU
 .text.Get_EulerAngle
                0x0800a154      0x1ac CMakeFiles/Board_C_Infantry.elf.dir/UserLib/QuaternionAHRS.c.obj
                0x0800a154                Get_EulerAngle
 .text.save_cali_data
                0x0800a300       0x10 CMakeFiles/Board_C_Infantry.elf.dir/UserLib/calibrate.c.obj
 .text.read_cali_data
                0x0800a310       0x18 CMakeFiles/Board_C_Infantry.elf.dir/UserLib/calibrate.c.obj
                0x0800a310                read_cali_data
 .text.gimbal_cali_hook
                0x0800a328       0x34 CMakeFiles/Board_C_Infantry.elf.dir/UserLib/calibrate.c.obj
                0x0800a328                gimbal_cali_hook
 .text.f_Trapezoid_Intergral
                0x0800a35c       0x7c CMakeFiles/Board_C_Infantry.elf.dir/UserLib/controller.c.obj
 .text.f_Changing_Integration_Rate
                0x0800a3d8       0x72 CMakeFiles/Board_C_Infantry.elf.dir/UserLib/controller.c.obj
 *fill*         0x0800a44a        0x2 
 .text.f_Integral_Limit
                0x0800a44c       0xa4 CMakeFiles/Board_C_Infantry.elf.dir/UserLib/controller.c.obj
 .text.f_Derivative_Filter
                0x0800a4f0       0x3a CMakeFiles/Board_C_Infantry.elf.dir/UserLib/controller.c.obj
 .text.f_Output_Filter
                0x0800a52a       0x3a CMakeFiles/Board_C_Infantry.elf.dir/UserLib/controller.c.obj
 .text.f_Output_Limit
                0x0800a564       0x34 CMakeFiles/Board_C_Infantry.elf.dir/UserLib/controller.c.obj
 .text.f_Proportion_Limit
                0x0800a598       0x34 CMakeFiles/Board_C_Infantry.elf.dir/UserLib/controller.c.obj
 .text.f_PID_ErrorHandle
                0x0800a5cc       0xb8 CMakeFiles/Board_C_Infantry.elf.dir/UserLib/controller.c.obj
 .text.f_Derivative_On_Measurement
                0x0800a684       0xe6 CMakeFiles/Board_C_Infantry.elf.dir/UserLib/controller.c.obj
 .text.PID_Init
                0x0800a76a       0x8e CMakeFiles/Board_C_Infantry.elf.dir/UserLib/controller.c.obj
                0x0800a76a                PID_Init
 .text.PID_Calculate
                0x0800a7f8      0x266 CMakeFiles/Board_C_Infantry.elf.dir/UserLib/controller.c.obj
                0x0800a7f8                PID_Calculate
 .text.Feedforward_Init
                0x0800aa5e       0x6c CMakeFiles/Board_C_Infantry.elf.dir/UserLib/controller.c.obj
                0x0800aa5e                Feedforward_Init
 .text.Feedforward_Calculate
                0x0800aaca      0x116 CMakeFiles/Board_C_Infantry.elf.dir/UserLib/controller.c.obj
                0x0800aaca                Feedforward_Calculate
 .text.LDOB_Calculate
                0x0800abe0      0x18e CMakeFiles/Board_C_Infantry.elf.dir/UserLib/controller.c.obj
                0x0800abe0                LDOB_Calculate
 *fill*         0x0800ad6e        0x2 
 .text.key_fsm  0x0800ad70       0x94 CMakeFiles/Board_C_Infantry.elf.dir/UserLib/keyboard.c.obj
 .text.pc_kb_hook
                0x0800ae04      0x1c4 CMakeFiles/Board_C_Infantry.elf.dir/UserLib/keyboard.c.obj
                0x0800ae04                pc_kb_hook
 .text.Motor_Speed_Calculate
                0x0800afc8       0x90 CMakeFiles/Board_C_Infantry.elf.dir/UserLib/motor.c.obj
                0x0800afc8                Motor_Speed_Calculate
 .text.Motor_Angle_Calculate
                0x0800b058       0x66 CMakeFiles/Board_C_Infantry.elf.dir/UserLib/motor.c.obj
                0x0800b058                Motor_Angle_Calculate
 *fill*         0x0800b0be        0x2 
 .text.get_moto_info
                0x0800b0c0       0xd8 CMakeFiles/Board_C_Infantry.elf.dir/UserLib/motor.c.obj
                0x0800b0c0                get_moto_info
 .text.get_motor_offset
                0x0800b198       0x10 CMakeFiles/Board_C_Infantry.elf.dir/UserLib/motor.c.obj
                0x0800b198                get_motor_offset
 .text.abs_limit
                0x0800b1a8       0x2a CMakeFiles/Board_C_Infantry.elf.dir/UserLib/pid.c.obj
 .text.pid_init
                0x0800b1d2       0x12 CMakeFiles/Board_C_Infantry.elf.dir/UserLib/pid.c.obj
                0x0800b1d2                pid_init
 .text.pid_calc
                0x0800b1e4       0x88 CMakeFiles/Board_C_Infantry.elf.dir/UserLib/pid.c.obj
                0x0800b1e4                pid_calc
 .text.ramp_init
                0x0800b26c        0x8 CMakeFiles/Board_C_Infantry.elf.dir/UserLib/ramp.c.obj
                0x0800b26c                ramp_init
 .text.ramp_calc
                0x0800b274       0x38 CMakeFiles/Board_C_Infantry.elf.dir/UserLib/ramp.c.obj
                0x0800b274                ramp_calc
 .text.float_constrain
                0x0800b2ac       0x20 CMakeFiles/Board_C_Infantry.elf.dir/UserLib/user_lib.c.obj
                0x0800b2ac                float_constrain
 .text.loop_float_constrain
                0x0800b2cc       0x4a CMakeFiles/Board_C_Infantry.elf.dir/UserLib/user_lib.c.obj
                0x0800b2cc                loop_float_constrain
 .text.OLS_Init
                0x0800b316       0x5a CMakeFiles/Board_C_Infantry.elf.dir/UserLib/user_lib.c.obj
                0x0800b316                OLS_Init
 .text.OLS_Derivative
                0x0800b370      0x1f0 CMakeFiles/Board_C_Infantry.elf.dir/UserLib/user_lib.c.obj
                0x0800b370                OLS_Derivative
 .text.Reset_Handler
                0x0800b560       0x50 CMakeFiles/Board_C_Infantry.elf.dir/startup/startup_stm32f407xx.s.obj
                0x0800b560                Reset_Handler
 .text.Default_Handler
                0x0800b5b0        0x2 CMakeFiles/Board_C_Infantry.elf.dir/startup/startup_stm32f407xx.s.obj
                0x0800b5b0                RTC_Alarm_IRQHandler
                0x0800b5b0                HASH_RNG_IRQHandler
                0x0800b5b0                EXTI2_IRQHandler
                0x0800b5b0                TIM8_CC_IRQHandler
                0x0800b5b0                TIM1_CC_IRQHandler
                0x0800b5b0                DMA2_Stream5_IRQHandler
                0x0800b5b0                DMA1_Stream5_IRQHandler
                0x0800b5b0                PVD_IRQHandler
                0x0800b5b0                SDIO_IRQHandler
                0x0800b5b0                TAMP_STAMP_IRQHandler
                0x0800b5b0                CAN2_RX1_IRQHandler
                0x0800b5b0                TIM8_TRG_COM_TIM14_IRQHandler
                0x0800b5b0                TIM1_UP_TIM10_IRQHandler
                0x0800b5b0                TIM8_UP_TIM13_IRQHandler
                0x0800b5b0                I2C3_ER_IRQHandler
                0x0800b5b0                I2C2_EV_IRQHandler
                0x0800b5b0                DMA1_Stream2_IRQHandler
                0x0800b5b0                FPU_IRQHandler
                0x0800b5b0                OTG_HS_WKUP_IRQHandler
                0x0800b5b0                CAN2_SCE_IRQHandler
                0x0800b5b0                DMA2_Stream2_IRQHandler
                0x0800b5b0                SPI1_IRQHandler
                0x0800b5b0                TIM6_DAC_IRQHandler
                0x0800b5b0                TIM1_BRK_TIM9_IRQHandler
                0x0800b5b0                DCMI_IRQHandler
                0x0800b5b0                DMA2_Stream3_IRQHandler
                0x0800b5b0                USART6_IRQHandler
                0x0800b5b0                CAN1_RX1_IRQHandler
                0x0800b5b0                UART5_IRQHandler
                0x0800b5b0                DMA2_Stream0_IRQHandler
                0x0800b5b0                TIM4_IRQHandler
                0x0800b5b0                I2C1_EV_IRQHandler
                0x0800b5b0                DMA1_Stream6_IRQHandler
                0x0800b5b0                DMA1_Stream1_IRQHandler
                0x0800b5b0                UART4_IRQHandler
                0x0800b5b0                TIM3_IRQHandler
                0x0800b5b0                RCC_IRQHandler
                0x0800b5b0                TIM8_BRK_TIM12_IRQHandler
                0x0800b5b0                Default_Handler
                0x0800b5b0                EXTI15_10_IRQHandler
                0x0800b5b0                ADC_IRQHandler
                0x0800b5b0                DMA1_Stream7_IRQHandler
                0x0800b5b0                TIM7_IRQHandler
                0x0800b5b0                CAN2_TX_IRQHandler
                0x0800b5b0                TIM5_IRQHandler
                0x0800b5b0                I2C3_EV_IRQHandler
                0x0800b5b0                RTC_WKUP_IRQHandler
                0x0800b5b0                ETH_WKUP_IRQHandler
                0x0800b5b0                SPI2_IRQHandler
                0x0800b5b0                OTG_HS_EP1_IN_IRQHandler
                0x0800b5b0                DMA1_Stream0_IRQHandler
                0x0800b5b0                CAN1_TX_IRQHandler
                0x0800b5b0                FSMC_IRQHandler
                0x0800b5b0                ETH_IRQHandler
                0x0800b5b0                OTG_HS_EP1_OUT_IRQHandler
                0x0800b5b0                WWDG_IRQHandler
                0x0800b5b0                TIM2_IRQHandler
                0x0800b5b0                OTG_FS_WKUP_IRQHandler
                0x0800b5b0                TIM1_TRG_COM_TIM11_IRQHandler
                0x0800b5b0                OTG_HS_IRQHandler
                0x0800b5b0                EXTI1_IRQHandler
                0x0800b5b0                USART2_IRQHandler
                0x0800b5b0                I2C2_ER_IRQHandler
                0x0800b5b0                CAN1_SCE_IRQHandler
                0x0800b5b0                FLASH_IRQHandler
                0x0800b5b0                DMA2_Stream4_IRQHandler
                0x0800b5b0                USART1_IRQHandler
                0x0800b5b0                OTG_FS_IRQHandler
                0x0800b5b0                SPI3_IRQHandler
                0x0800b5b0                DMA1_Stream4_IRQHandler
                0x0800b5b0                I2C1_ER_IRQHandler
                0x0800b5b0                DMA1_Stream3_IRQHandler
 *fill*         0x0800b5b2        0x2 
 .text.arm_sin_f32
                0x0800b5b4       0x88 C:\Users\HLiamso\Desktop\C_Infantry2022-master\UserLib\libarm_cortexM4lf_math.a(arm_sin_f32.o)
                0x0800b5b4                arm_sin_f32
 .text.arm_cos_f32
                0x0800b63c       0x80 C:\Users\HLiamso\Desktop\C_Infantry2022-master\UserLib\libarm_cortexM4lf_math.a(arm_cos_f32.o)
                0x0800b63c                arm_cos_f32
 .text.__errno  0x0800b6bc        0xc c:/gcc-arm-none-eabi/bin/../lib/gcc/arm-none-eabi/10.3.1/../../../../arm-none-eabi/lib/thumb/v7e-m+fp/hard\libg.a(lib_a-errno.o)
                0x0800b6bc                __errno
 .text.__libc_init_array
                0x0800b6c8       0x48 c:/gcc-arm-none-eabi/bin/../lib/gcc/arm-none-eabi/10.3.1/../../../../arm-none-eabi/lib/thumb/v7e-m+fp/hard\libg.a(lib_a-init.o)
                0x0800b6c8                __libc_init_array
 .text.memset   0x0800b710       0xa4 c:/gcc-arm-none-eabi/bin/../lib/gcc/arm-none-eabi/10.3.1/../../../../arm-none-eabi/lib/thumb/v7e-m+fp/hard\libg.a(lib_a-memset.o)
                0x0800b710                memset
 .text.startup.register_fini
                0x0800b7b4       0x14 c:/gcc-arm-none-eabi/bin/../lib/gcc/arm-none-eabi/10.3.1/../../../../arm-none-eabi/lib/thumb/v7e-m+fp/hard\libg.a(lib_a-__call_atexit.o)
 .text.atexit   0x0800b7c8        0xc c:/gcc-arm-none-eabi/bin/../lib/gcc/arm-none-eabi/10.3.1/../../../../arm-none-eabi/lib/thumb/v7e-m+fp/hard\libg.a(lib_a-atexit.o)
                0x0800b7c8                atexit
 .text.__libc_fini_array
                0x0800b7d4       0x2c c:/gcc-arm-none-eabi/bin/../lib/gcc/arm-none-eabi/10.3.1/../../../../arm-none-eabi/lib/thumb/v7e-m+fp/hard\libg.a(lib_a-fini.o)
                0x0800b7d4                __libc_fini_array
 .text.__retarget_lock_acquire_recursive
                0x0800b800        0x4 c:/gcc-arm-none-eabi/bin/../lib/gcc/arm-none-eabi/10.3.1/../../../../arm-none-eabi/lib/thumb/v7e-m+fp/hard\libg.a(lib_a-lock.o)
                0x0800b800                __retarget_lock_acquire_recursive
 .text.__retarget_lock_release_recursive
                0x0800b804        0x4 c:/gcc-arm-none-eabi/bin/../lib/gcc/arm-none-eabi/10.3.1/../../../../arm-none-eabi/lib/thumb/v7e-m+fp/hard\libg.a(lib_a-lock.o)
                0x0800b804                __retarget_lock_release_recursive
 .text.nanf     0x0800b808        0xc c:/gcc-arm-none-eabi/bin/../lib/gcc/arm-none-eabi/10.3.1/../../../../arm-none-eabi/lib/thumb/v7e-m+fp/hard\libg.a(lib_a-sf_nan.o)
                0x0800b808                nanf
 .text.__register_exitproc
                0x0800b814       0x8c c:/gcc-arm-none-eabi/bin/../lib/gcc/arm-none-eabi/10.3.1/../../../../arm-none-eabi/lib/thumb/v7e-m+fp/hard\libg.a(lib_a-__atexit.o)
                0x0800b814                __register_exitproc
 .text.sqrt     0x0800b8a0       0x68 c:/gcc-arm-none-eabi/bin/../lib/gcc/arm-none-eabi/10.3.1/../../../../arm-none-eabi/lib/thumb/v7e-m+fp/hard\libm.a(lib_a-w_sqrt.o)
                0x0800b8a0                sqrt
 .text.asinf    0x0800b908       0x58 c:/gcc-arm-none-eabi/bin/../lib/gcc/arm-none-eabi/10.3.1/../../../../arm-none-eabi/lib/thumb/v7e-m+fp/hard\libm.a(lib_a-wf_asin.o)
                0x0800b908                asinf
 .text.atan2f   0x0800b960        0x4 c:/gcc-arm-none-eabi/bin/../lib/gcc/arm-none-eabi/10.3.1/../../../../arm-none-eabi/lib/thumb/v7e-m+fp/hard\libm.a(lib_a-wf_atan2.o)
                0x0800b960                atan2f
 .text.__ieee754_sqrt
                0x0800b964      0x198 c:/gcc-arm-none-eabi/bin/../lib/gcc/arm-none-eabi/10.3.1/../../../../arm-none-eabi/lib/thumb/v7e-m+fp/hard\libm.a(lib_a-e_sqrt.o)
                0x0800b964                __ieee754_sqrt
 .text.__ieee754_asinf
                0x0800bafc      0x20c c:/gcc-arm-none-eabi/bin/../lib/gcc/arm-none-eabi/10.3.1/../../../../arm-none-eabi/lib/thumb/v7e-m+fp/hard\libm.a(lib_a-ef_asin.o)
                0x0800bafc                __ieee754_asinf
 .text.__ieee754_atan2f
                0x0800bd08      0x150 c:/gcc-arm-none-eabi/bin/../lib/gcc/arm-none-eabi/10.3.1/../../../../arm-none-eabi/lib/thumb/v7e-m+fp/hard\libm.a(lib_a-ef_atan2.o)
                0x0800bd08                __ieee754_atan2f
 .text.__ieee754_sqrtf
                0x0800be58        0x8 c:/gcc-arm-none-eabi/bin/../lib/gcc/arm-none-eabi/10.3.1/../../../../arm-none-eabi/lib/thumb/v7e-m+fp/hard\libm.a(lib_a-ef_sqrt.o)
                0x0800be58                __ieee754_sqrtf
 .text.atanf    0x0800be60      0x1b4 c:/gcc-arm-none-eabi/bin/../lib/gcc/arm-none-eabi/10.3.1/../../../../arm-none-eabi/lib/thumb/v7e-m+fp/hard\libm.a(lib_a-sf_atan.o)
                0x0800be60                atanf
 .text.fabsf    0x0800c014       0x10 c:/gcc-arm-none-eabi/bin/../lib/gcc/arm-none-eabi/10.3.1/../../../../arm-none-eabi/lib/thumb/v7e-m+fp/hard\libm.a(lib_a-sf_fabs.o)
                0x0800c014                fabsf
 *(.glue_7)
 .glue_7        0x0800c024        0x0 linker stubs
 *(.glue_7t)
 .glue_7t       0x0800c024        0x0 linker stubs
 *(.eh_frame)
 .eh_frame      0x0800c024        0x0 c:/gcc-arm-none-eabi/bin/../lib/gcc/arm-none-eabi/10.3.1/thumb/v7e-m+fp/hard/crtbegin.o
 *(.init)
 .init          0x0800c024        0x4 c:/gcc-arm-none-eabi/bin/../lib/gcc/arm-none-eabi/10.3.1/thumb/v7e-m+fp/hard/crti.o
                0x0800c024                _init
 .init          0x0800c028        0x8 c:/gcc-arm-none-eabi/bin/../lib/gcc/arm-none-eabi/10.3.1/thumb/v7e-m+fp/hard/crtn.o
 *(.fini)
 .fini          0x0800c030        0x4 c:/gcc-arm-none-eabi/bin/../lib/gcc/arm-none-eabi/10.3.1/thumb/v7e-m+fp/hard/crti.o
                0x0800c030                _fini
 .fini          0x0800c034        0x8 c:/gcc-arm-none-eabi/bin/../lib/gcc/arm-none-eabi/10.3.1/thumb/v7e-m+fp/hard/crtn.o
                0x0800c03c                . = ALIGN (0x4)
                0x0800c03c                _etext = .

.vfp11_veneer   0x0800c03c        0x0
 .vfp11_veneer  0x0800c03c        0x0 linker stubs

.v4_bx          0x0800c03c        0x0
 .v4_bx         0x0800c03c        0x0 linker stubs

.iplt           0x0800c03c        0x0
 .iplt          0x0800c03c        0x0 c:/gcc-arm-none-eabi/bin/../lib/gcc/arm-none-eabi/10.3.1/thumb/v7e-m+fp/hard/crtbegin.o

.rodata         0x0800c03c      0x96c
                0x0800c03c                . = ALIGN (0x4)
 *(.rodata)
 .rodata        0x0800c03c       0x8c CMakeFiles/Board_C_Infantry.elf.dir/Src/freertos.c.obj
 *(.rodata*)
 .rodata.write_BMI088_accel_reg_data_error
                0x0800c0c8       0x12 CMakeFiles/Board_C_Infantry.elf.dir/Devices/BMI088driver.c.obj
 *fill*         0x0800c0da        0x2 
 .rodata.write_BMI088_gyro_reg_data_error
                0x0800c0dc       0x12 CMakeFiles/Board_C_Infantry.elf.dir/Devices/BMI088driver.c.obj
 *fill*         0x0800c0ee        0x2 
 .rodata.flagBitshiftOffset.0
                0x0800c0f0        0x8 CMakeFiles/Board_C_Infantry.elf.dir/Drivers/STM32F4xx_HAL_Driver/Src/stm32f4xx_hal_dma.c.obj
 .rodata.vTaskStartScheduler.str1.4
                0x0800c0f8        0x5 CMakeFiles/Board_C_Infantry.elf.dir/Middlewares/Third_Party/FreeRTOS/Source/tasks.c.obj
 *fill*         0x0800c0fd        0x3 
 .rodata.prvCheckForValidListAndQueue.str1.4
                0x0800c100        0x5 CMakeFiles/Board_C_Infantry.elf.dir/Middlewares/Third_Party/FreeRTOS/Source/timers.c.obj
 *fill*         0x0800c105        0x3 
 .rodata.xTimerCreateTimerTask.str1.4
                0x0800c108        0x8 CMakeFiles/Board_C_Infantry.elf.dir/Middlewares/Third_Party/FreeRTOS/Source/timers.c.obj
 .rodata.str1.4
                0x0800c110       0x3d CMakeFiles/Board_C_Infantry.elf.dir/Src/freertos.c.obj
 *fill*         0x0800c14d        0x3 
 .rodata.AHBPrescTable
                0x0800c150       0x10 CMakeFiles/Board_C_Infantry.elf.dir/Src/system_stm32f4xx.c.obj
                0x0800c150                AHBPrescTable
 .rodata.APBPrescTable
                0x0800c160        0x8 CMakeFiles/Board_C_Infantry.elf.dir/Src/system_stm32f4xx.c.obj
                0x0800c160                APBPrescTable
 .rodata.sinTable_f32
                0x0800c168      0x804 C:\Users\HLiamso\Desktop\C_Infantry2022-master\UserLib\libarm_cortexM4lf_math.a(arm_common_tables.o)
                0x0800c168                sinTable_f32
 .rodata._global_impure_ptr
                0x0800c96c        0x4 c:/gcc-arm-none-eabi/bin/../lib/gcc/arm-none-eabi/10.3.1/../../../../arm-none-eabi/lib/thumb/v7e-m+fp/hard\libg.a(lib_a-impure.o)
                0x0800c96c                _global_impure_ptr
 .rodata.asinf.str1.4
                0x0800c970       0x3d c:/gcc-arm-none-eabi/bin/../lib/gcc/arm-none-eabi/10.3.1/../../../../arm-none-eabi/lib/thumb/v7e-m+fp/hard\libm.a(lib_a-wf_asin.o)
                                  0x1 (size before relaxing)
 .rodata.CSWTCH.8
                0x0800c970        0xc c:/gcc-arm-none-eabi/bin/../lib/gcc/arm-none-eabi/10.3.1/../../../../arm-none-eabi/lib/thumb/v7e-m+fp/hard\libm.a(lib_a-ef_atan2.o)
 .rodata.CSWTCH.9
                0x0800c97c        0xc c:/gcc-arm-none-eabi/bin/../lib/gcc/arm-none-eabi/10.3.1/../../../../arm-none-eabi/lib/thumb/v7e-m+fp/hard\libm.a(lib_a-ef_atan2.o)
 .rodata.atanhi
                0x0800c988       0x10 c:/gcc-arm-none-eabi/bin/../lib/gcc/arm-none-eabi/10.3.1/../../../../arm-none-eabi/lib/thumb/v7e-m+fp/hard\libm.a(lib_a-sf_atan.o)
 .rodata.atanlo
                0x0800c998       0x10 c:/gcc-arm-none-eabi/bin/../lib/gcc/arm-none-eabi/10.3.1/../../../../arm-none-eabi/lib/thumb/v7e-m+fp/hard\libm.a(lib_a-sf_atan.o)
                0x0800c9b0                . = ALIGN (0x4)

.ARM.extab
 *(.ARM.extab* .gnu.linkonce.armextab.*)

.ARM            0x0800c9a8        0x8
                0x0800c9a8                __exidx_start = .
 *(.ARM.exidx*)
 .ARM.exidx     0x0800c9a8        0x8 c:/gcc-arm-none-eabi/bin/../lib/gcc/arm-none-eabi/10.3.1/thumb/v7e-m+fp/hard\libgcc.a(_udivmoddi4.o)
                0x0800c9b0                __exidx_end = .

.rel.dyn        0x0800c9b0        0x0
 .rel.iplt      0x0800c9b0        0x0 c:/gcc-arm-none-eabi/bin/../lib/gcc/arm-none-eabi/10.3.1/thumb/v7e-m+fp/hard/crtbegin.o

.preinit_array  0x0800c9b0        0x0
                0x0800c9b0                PROVIDE (__preinit_array_start = .)
 *(.preinit_array*)
                0x0800c9b0                PROVIDE (__preinit_array_end = .)

.init_array     0x0800c9b0        0x8
                0x0800c9b0                PROVIDE (__init_array_start = .)
 *(SORT_BY_NAME(.init_array.*))
 .init_array.00000
                0x0800c9b0        0x4 c:/gcc-arm-none-eabi/bin/../lib/gcc/arm-none-eabi/10.3.1/../../../../arm-none-eabi/lib/thumb/v7e-m+fp/hard\libg.a(lib_a-__call_atexit.o)
 *(.init_array*)
 .init_array    0x0800c9b4        0x4 c:/gcc-arm-none-eabi/bin/../lib/gcc/arm-none-eabi/10.3.1/thumb/v7e-m+fp/hard/crtbegin.o
                0x0800c9b8                PROVIDE (__init_array_end = .)

.fini_array     0x0800c9b8        0x4
                0x0800c9b8                PROVIDE (__fini_array_start = .)
 *(SORT_BY_NAME(.fini_array.*))
 *(.fini_array*)
 .fini_array    0x0800c9b8        0x4 c:/gcc-arm-none-eabi/bin/../lib/gcc/arm-none-eabi/10.3.1/thumb/v7e-m+fp/hard/crtbegin.o
                0x0800c9bc                PROVIDE (__fini_array_end = .)
                0x0800c9bc                _sidata = LOADADDR (.data)

.data           0x20000000      0x4ac load address 0x0800c9bc
                0x20000000                . = ALIGN (0x4)
                0x20000000                _sdata = .
 *(.data)
 *(.data*)
 .data.auto_pid_flag
                0x20000000        0x1 CMakeFiles/Board_C_Infantry.elf.dir/APP/Gimbal.c.obj
 *fill*         0x20000001        0x3 
 .data.auto_tx_data
                0x20000004       0x1c CMakeFiles/Board_C_Infantry.elf.dir/APP/Gimbal.c.obj
                0x20000004                auto_tx_data
 .data.chassis_angle_ac
                0x20000020        0x4 CMakeFiles/Board_C_Infantry.elf.dir/APP/Gimbal.c.obj
                0x20000020                chassis_angle_ac
 .data.fric_wheel_speed
                0x20000024        0x2 CMakeFiles/Board_C_Infantry.elf.dir/APP/Shoot.c.obj
                0x20000024                fric_wheel_speed
 *fill*         0x20000026        0x2 
 .data.vofatail
                0x20000028        0x4 CMakeFiles/Board_C_Infantry.elf.dir/APP/Transmission.c.obj
                0x20000028                vofatail
 .data.BMI088_ACCEL_SEN
                0x2000002c        0x4 CMakeFiles/Board_C_Infantry.elf.dir/Devices/BMI088driver.c.obj
                0x2000002c                BMI088_ACCEL_SEN
 .data.BMI088_GYRO_SEN
                0x20000030        0x4 CMakeFiles/Board_C_Infantry.elf.dir/Devices/BMI088driver.c.obj
                0x20000030                BMI088_GYRO_SEN
 .data.caliOffset
                0x20000034        0x1 CMakeFiles/Board_C_Infantry.elf.dir/Devices/BMI088driver.c.obj
                0x20000034                caliOffset
 .data.uwTickFreq
                0x20000035        0x1 CMakeFiles/Board_C_Infantry.elf.dir/Drivers/STM32F4xx_HAL_Driver/Src/stm32f4xx_hal.c.obj
                0x20000035                uwTickFreq
 *fill*         0x20000036        0x2 
 .data.uwTickPrio
                0x20000038        0x4 CMakeFiles/Board_C_Infantry.elf.dir/Drivers/STM32F4xx_HAL_Driver/Src/stm32f4xx_hal.c.obj
                0x20000038                uwTickPrio
 .data.uxCriticalNesting
                0x2000003c        0x4 CMakeFiles/Board_C_Infantry.elf.dir/Middlewares/Third_Party/FreeRTOS/Source/portable/GCC/ARM_CM4F/port.c.obj
 .data.SystemCoreClock
                0x20000040        0x4 CMakeFiles/Board_C_Infantry.elf.dir/Src/system_stm32f4xx.c.obj
                0x20000040                SystemCoreClock
 .data.Gravity  0x20000044        0x4 CMakeFiles/Board_C_Infantry.elf.dir/UserLib/QuaternionAHRS.c.obj
                0x20000044                Gravity
 .data.q0       0x20000048        0x4 CMakeFiles/Board_C_Infantry.elf.dir/UserLib/QuaternionAHRS.c.obj
                0x20000048                q0
 .data.twoKp    0x2000004c        0x4 CMakeFiles/Board_C_Infantry.elf.dir/UserLib/QuaternionAHRS.c.obj
                0x2000004c                twoKp
 .data.delta_spd
                0x20000050        0x2 CMakeFiles/Board_C_Infantry.elf.dir/UserLib/keyboard.c.obj
                0x20000050                delta_spd
 *fill*         0x20000052        0x2 
 .data.pit_ramp
                0x20000054       0x14 CMakeFiles/Board_C_Infantry.elf.dir/UserLib/ramp.c.obj
                0x20000054                pit_ramp
 .data.yaw_ramp
                0x20000068       0x14 CMakeFiles/Board_C_Infantry.elf.dir/UserLib/ramp.c.obj
                0x20000068                yaw_ramp
 .data._impure_ptr
                0x2000007c        0x4 c:/gcc-arm-none-eabi/bin/../lib/gcc/arm-none-eabi/10.3.1/../../../../arm-none-eabi/lib/thumb/v7e-m+fp/hard\libg.a(lib_a-impure.o)
                0x2000007c                _impure_ptr
 .data.impure_data
                0x20000080      0x428 c:/gcc-arm-none-eabi/bin/../lib/gcc/arm-none-eabi/10.3.1/../../../../arm-none-eabi/lib/thumb/v7e-m+fp/hard\libg.a(lib_a-impure.o)
 .data.__atexit_recursive_mutex
                0x200004a8        0x4 c:/gcc-arm-none-eabi/bin/../lib/gcc/arm-none-eabi/10.3.1/../../../../arm-none-eabi/lib/thumb/v7e-m+fp/hard\libg.a(lib_a-__call_atexit.o)
                0x200004a8                __atexit_recursive_mutex
                0x200004ac                . = ALIGN (0x4)
                0x200004ac                _edata = .
                0x0800ce68                _siccmram = LOADADDR (.ccmram)

.igot.plt       0x200004ac        0x0 load address 0x0800ce68
 .igot.plt      0x200004ac        0x0 c:/gcc-arm-none-eabi/bin/../lib/gcc/arm-none-eabi/10.3.1/thumb/v7e-m+fp/hard/crtbegin.o

.ccmram         0x10000000        0x0 load address 0x0800ce68
                0x10000000                . = ALIGN (0x4)
                0x10000000                _sccmram = .
 *(.ccmram)
 *(.ccmram*)
                0x10000000                . = ALIGN (0x4)
                0x10000000                _eccmram = .
                0x10000000                . = ALIGN (0x4)

.bss            0x200004b0     0x7f20
                0x200004b0                _sbss = .
                0x200004b0                __bss_start__ = _sbss
 *(.bss)
 .bss           0x200004b0       0x1c c:/gcc-arm-none-eabi/bin/../lib/gcc/arm-none-eabi/10.3.1/thumb/v7e-m+fp/hard/crtbegin.o
 *(.bss*)
 .bss.glb_err   0x200004cc       0x68 CMakeFiles/Board_C_Infantry.elf.dir/APP/Detect.c.obj
                0x200004cc                glb_err