Archive member included to satisfy reference by file (symbol)

d:/gcc-arm-none-eabi-10.3-2021.10/bin/../lib/gcc/arm-none-eabi/10.3.1/thumb/v7e-m+fp/hard\libgcc.a(_arm_addsubdf3.o)
                              CMakeFiles/Board_C_Infantry.elf.dir/BSP/Src/bsp_dwt.c.obj (__aeabi_ui2d)
d:/gcc-arm-none-eabi-10.3-2021.10/bin/../lib/gcc/arm-none-eabi/10.3.1/thumb/v7e-m+fp/hard\libgcc.a(_arm_muldivdf3.o)
                              CMakeFiles/Board_C_Infantry.elf.dir/BSP/Src/bsp_dwt.c.obj (__aeabi_ddiv)
d:/gcc-arm-none-eabi-10.3-2021.10/bin/../lib/gcc/arm-none-eabi/10.3.1/thumb/v7e-m+fp/hard\libgcc.a(_arm_truncdfsf2.o)
                              CMakeFiles/Board_C_Infantry.elf.dir/UserLib/controller.c.obj (__aeabi_d2f)
d:/gcc-arm-none-eabi-10.3-2021.10/bin/../lib/gcc/arm-none-eabi/10.3.1/thumb/v7e-m+fp/hard\libgcc.a(_arm_addsubsf3.o)
                              CMakeFiles/Board_C_Infantry.elf.dir/BSP/Src/bsp_dwt.c.obj (__aeabi_ul2f)
d:/gcc-arm-none-eabi-10.3-2021.10/bin/../lib/gcc/arm-none-eabi/10.3.1/thumb/v7e-m+fp/hard\libgcc.a(_aeabi_uldivmod.o)
                              CMakeFiles/Board_C_Infantry.elf.dir/Drivers/STM32F4xx_HAL_Driver/Src/stm32f4xx_hal_rcc.c.obj (__aeabi_uldivmod)
d:/gcc-arm-none-eabi-10.3-2021.10/bin/../lib/gcc/arm-none-eabi/10.3.1/thumb/v7e-m+fp/hard\libgcc.a(_udivmoddi4.o)
                              d:/gcc-arm-none-eabi-10.3-2021.10/bin/../lib/gcc/arm-none-eabi/10.3.1/thumb/v7e-m+fp/hard\libgcc.a(_aeabi_uldivmod.o) (__udivmoddi4)
d:/gcc-arm-none-eabi-10.3-2021.10/bin/../lib/gcc/arm-none-eabi/10.3.1/thumb/v7e-m+fp/hard\libgcc.a(_dvmd_tls.o)
                              d:/gcc-arm-none-eabi-10.3-2021.10/bin/../lib/gcc/arm-none-eabi/10.3.1/thumb/v7e-m+fp/hard\libgcc.a(_aeabi_uldivmod.o) (__aeabi_ldiv0)
d:/gcc-arm-none-eabi-10.3-2021.10/bin/../lib/gcc/arm-none-eabi/10.3.1/../../../../arm-none-eabi/lib/thumb/v7e-m+fp/hard\libg.a(lib_a-errno.o)
                              CMakeFiles/Board_C_Infantry.elf.dir/Src/syscalls.c.obj (__errno)
d:/gcc-arm-none-eabi-10.3-2021.10/bin/../lib/gcc/arm-none-eabi/10.3.1/../../../../arm-none-eabi/lib/thumb/v7e-m+fp/hard\libg.a(lib_a-exit.o)
                              d:/gcc-arm-none-eabi-10.3-2021.10/bin/../lib/gcc/arm-none-eabi/10.3.1/../../../../arm-none-eabi/lib/thumb/v7e-m+fp/hard/crt0.o (exit)
d:/gcc-arm-none-eabi-10.3-2021.10/bin/../lib/gcc/arm-none-eabi/10.3.1/../../../../arm-none-eabi/lib/thumb/v7e-m+fp/hard\libg.a(lib_a-impure.o)
                              d:/gcc-arm-none-eabi-10.3-2021.10/bin/../lib/gcc/arm-none-eabi/10.3.1/../../../../arm-none-eabi/lib/thumb/v7e-m+fp/hard\libg.a(lib_a-exit.o) (_global_impure_ptr)
d:/gcc-arm-none-eabi-10.3-2021.10/bin/../lib/gcc/arm-none-eabi/10.3.1/../../../../arm-none-eabi/lib/thumb/v7e-m+fp/hard\libg.a(lib_a-init.o)
                              d:/gcc-arm-none-eabi-10.3-2021.10/bin/../lib/gcc/arm-none-eabi/10.3.1/../../../../arm-none-eabi/lib/thumb/v7e-m+fp/hard/crt0.o (__libc_init_array)
d:/gcc-arm-none-eabi-10.3-2021.10/bin/../lib/gcc/arm-none-eabi/10.3.1/../../../../arm-none-eabi/lib/thumb/v7e-m+fp/hard\libg.a(lib_a-memcpy.o)
                              CMakeFiles/Board_C_Infantry.elf.dir/Middlewares/Third_Party/FreeRTOS/Source/queue.c.obj (memcpy)
d:/gcc-arm-none-eabi-10.3-2021.10/bin/../lib/gcc/arm-none-eabi/10.3.1/../../../../arm-none-eabi/lib/thumb/v7e-m+fp/hard\libg.a(lib_a-memset.o)
                              d:/gcc-arm-none-eabi-10.3-2021.10/bin/../lib/gcc/arm-none-eabi/10.3.1/../../../../arm-none-eabi/lib/thumb/v7e-m+fp/hard/crt0.o (memset)
d:/gcc-arm-none-eabi-10.3-2021.10/bin/../lib/gcc/arm-none-eabi/10.3.1/../../../../arm-none-eabi/lib/thumb/v7e-m+fp/hard\libg.a(lib_a-strlen.o)
                              CMakeFiles/Board_C_Infantry.elf.dir/Middlewares/Third_Party/FreeRTOS/Source/tasks.c.obj (strlen)
d:/gcc-arm-none-eabi-10.3-2021.10/bin/../lib/gcc/arm-none-eabi/10.3.1/../../../../arm-none-eabi/lib/thumb/v7e-m+fp/hard\libg.a(lib_a-__call_atexit.o)
                              d:/gcc-arm-none-eabi-10.3-2021.10/bin/../lib/gcc/arm-none-eabi/10.3.1/../../../../arm-none-eabi/lib/thumb/v7e-m+fp/hard\libg.a(lib_a-exit.o) (__call_exitprocs)
d:/gcc-arm-none-eabi-10.3-2021.10/bin/../lib/gcc/arm-none-eabi/10.3.1/../../../../arm-none-eabi/lib/thumb/v7e-m+fp/hard\libg.a(lib_a-atexit.o)
                              d:/gcc-arm-none-eabi-10.3-2021.10/bin/../lib/gcc/arm-none-eabi/10.3.1/../../../../arm-none-eabi/lib/thumb/v7e-m+fp/hard\libg.a(lib_a-__call_atexit.o) (atexit)
d:/gcc-arm-none-eabi-10.3-2021.10/bin/../lib/gcc/arm-none-eabi/10.3.1/../../../../arm-none-eabi/lib/thumb/v7e-m+fp/hard\libg.a(lib_a-fini.o)
                              d:/gcc-arm-none-eabi-10.3-2021.10/bin/../lib/gcc/arm-none-eabi/10.3.1/../../../../arm-none-eabi/lib/thumb/v7e-m+fp/hard\libg.a(lib_a-__call_atexit.o) (__libc_fini_array)
d:/gcc-arm-none-eabi-10.3-2021.10/bin/../lib/gcc/arm-none-eabi/10.3.1/../../../../arm-none-eabi/lib/thumb/v7e-m+fp/hard\libg.a(lib_a-lock.o)
[...]
Memory Configuration

Name             Origin             Length             Attributes
RAM              0x20000000         0x00020000         xrw
CCMRAM           0x10000000         0x00010000         xrw
FLASH            0x08000000         0x00100000         xr
*default*        0x00000000         0xffffffff

Linker script and memory map

LOAD d:/gcc-arm-none-eabi-10.3-2021.10/bin/../lib/gcc/arm-none-eabi/10.3.1/thumb/v7e-m+fp/hard/crti.o
LOAD d:/gcc-arm-none-eabi-10.3-2021.10/bin/../lib/gcc/arm-none-eabi/10.3.1/thumb/v7e-m+fp/hard/crtbegin.o
LOAD d:/gcc-arm-none-eabi-10.3-2021.10/bin/../lib/gcc/arm-none-eabi/10.3.1/../../../../arm-none-eabi/lib/thumb/v7e-m+fp/hard/crt0.o
LOAD CMakeFiles/Board_C_Infantry.elf.dir/APP/Detect.c.obj
LOAD CMakeFiles/Board_C_Infantry.elf.dir/APP/Transmission.c.obj
LOAD CMakeFiles/Board_C_Infantry.elf.dir/BSP/Src/bsp_can.c.obj
LOAD CMakeFiles/Board_C_Infantry.elf.dir/BSP/Src/bsp_dwt.c.obj
LOAD CMakeFiles/Board_C_Infantry.elf.dir/BSP/Src/bsp_uart.c.obj
LOAD CMakeFiles/Board_C_Infantry.elf.dir/Drivers/STM32F4xx_HAL_Driver/Src/stm32f4xx_hal.c.obj
LOAD CMakeFiles/Board_C_Infantry.elf.dir/Drivers/STM32F4xx_HAL_Driver/Src/stm32f4xx_hal_adc.c.obj
LOAD CMakeFiles/Board_C_Infantry.elf.dir/Drivers/STM32F4xx_HAL_Driver/Src/stm32f4xx_hal_adc_ex.c.obj
LOAD CMakeFiles/Board_C_Infantry.elf.dir/Drivers/STM32F4xx_HAL_Driver/Src/stm32f4xx_hal_can.c.obj
LOAD CMakeFiles/Board_C_Infantry.elf.dir/Drivers/STM32F4xx_HAL_Driver/Src/stm32f4xx_hal_cortex.c.obj
LOAD CMakeFiles/Board_C_Infantry.elf.dir/Drivers/STM32F4xx_HAL_Driver/Src/stm32f4xx_hal_crc.c.obj
LOAD CMakeFiles/Board_C_Infantry.elf.dir/Drivers/STM32F4xx_HAL_Driver/Src/stm32f4xx_hal_dma.c.obj
LOAD CMakeFiles/Board_C_Infantry.elf.dir/Drivers/STM32F4xx_HAL_Driver/Src/stm32f4xx_hal_dma_ex.c.obj
LOAD CMakeFiles/Board_C_Infantry.elf.dir/Drivers/STM32F4xx_HAL_Driver/Src/stm32f4xx_hal_exti.c.obj
LOAD CMakeFiles/Board_C_Infantry.elf.dir/Drivers/STM32F4xx_HAL_Driver/Src/stm32f4xx_hal_flash.c.obj
LOAD CMakeFiles/Board_C_Infantry.elf.dir/Drivers/STM32F4xx_HAL_Driver/Src/stm32f4xx_hal_flash_ex.c.obj
LOAD CMakeFiles/Board_C_Infantry.elf.dir/Drivers/STM32F4xx_HAL_Driver/Src/stm32f4xx_hal_flash_ramfunc.c.obj
LOAD CMakeFiles/Board_C_Infantry.elf.dir/Drivers/STM32F4xx_HAL_Driver/Src/stm32f4xx_hal_gpio.c.obj
LOAD CMakeFiles/Board_C_Infantry.elf.dir/Drivers/STM32F4xx_HAL_Driver/Src/stm32f4xx_hal_i2c.c.obj
LOAD CMakeFiles/Board_C_Infantry.elf.dir/Drivers/STM32F4xx_HAL_Driver/Src/stm32f4xx_hal_i2c_ex.c.obj
LOAD CMakeFiles/Board_C_Infantry.elf.dir/Drivers/STM32F4xx_HAL_Driver/Src/stm32f4xx_hal_pcd.c.obj
LOAD CMakeFiles/Board_C_Infantry.elf.dir/Drivers/STM32F4xx_HAL_Driver/Src/stm32f4xx_hal_pcd_ex.c.obj
LOAD CMakeFiles/Board_C_Infantry.elf.dir/Drivers/STM32F4xx_HAL_Driver/Src/stm32f4xx_hal_pwr.c.obj
LOAD CMakeFiles/Board_C_Infantry.elf.dir/Drivers/STM32F4xx_HAL_Driver/Src/stm32f4xx_hal_pwr_ex.c.obj
LOAD CMakeFiles/Board_C_Infantry.elf.dir/Drivers/STM32F4xx_HAL_Driver/Src/stm32f4xx_hal_rcc.c.obj
LOAD CMakeFiles/Board_C_Infantry.elf.dir/Drivers/STM32F4xx_HAL_Driver/Src/stm32f4xx_hal_rcc_ex.c.obj
LOAD CMakeFiles/Board_C_Infantry.elf.dir/Drivers/STM32F4xx_HAL_Driver/Src/stm32f4xx_hal_rng.c.obj
LOAD CMakeFiles/Board_C_Infantry.elf.dir/Drivers/STM32F4xx_HAL_Driver/Src/stm32f4xx_hal_rtc.c.obj
LOAD CMakeFiles/Board_C_Infantry.elf.dir/Drivers/STM32F4xx_HAL_Driver/Src/stm32f4xx_hal_rtc_ex.c.obj
LOAD CMakeFiles/Board_C_Infantry.elf.dir/Drivers/STM32F4xx_HAL_Driver/Src/stm32f4xx_hal_spi.c.obj
LOAD CMakeFiles/Board_C_Infantry.elf.dir/Drivers/STM32F4xx_HAL_Driver/Src/stm32f4xx_hal_tim.c.obj
LOAD CMakeFiles/Board_C_Infantry.elf.dir/Drivers/STM32F4xx_HAL_Driver/Src/stm32f4xx_hal_tim_ex.c.obj
LOAD CMakeFiles/Board_C_Infantry.elf.dir/Drivers/STM32F4xx_HAL_Driver/Src/stm32f4xx_hal_uart.c.obj
LOAD CMakeFiles/Board_C_Infantry.elf.dir/Drivers/STM32F4xx_HAL_Driver/Src/stm32f4xx_ll_usb.c.obj
LOAD CMakeFiles/Board_C_Infantry.elf.dir/Middlewares/Third_Party/FreeRTOS/Source/CMSIS_RTOS/cmsis_os.c.obj
LOAD CMakeFiles/Board_C_Infantry.elf.dir/Middlewares/Third_Party/FreeRTOS/Source/croutine.c.obj
LOAD CMakeFiles/Board_C_Infantry.elf.dir/Middlewares/Third_Party/FreeRTOS/Source/event_groups.c.obj
LOAD CMakeFiles/Board_C_Infantry.elf.dir/Middlewares/Third_Party/FreeRTOS/Source/list.c.obj
LOAD CMakeFiles/Board_C_Infantry.elf.dir/Middlewares/Third_Party/FreeRTOS/Source/portable/GCC/ARM_CM4F/port.c.obj
LOAD CMakeFiles/Board_C_Infantry.elf.dir/Middlewares/Third_Party/FreeRTOS/Source/portable/MemMang/heap_4.c.obj
LOAD CMakeFiles/Board_C_Infantry.elf.dir/Middlewares/Third_Party/FreeRTOS/Source/queue.c.obj
LOAD CMakeFiles/Board_C_Infantry.elf.dir/Middlewares/Third_Party/FreeRTOS/Source/stream_buffer.c.obj
LOAD CMakeFiles/Board_C_Infantry.elf.dir/Middlewares/Third_Party/FreeRTOS/Source/tasks.c.obj
LOAD CMakeFiles/Board_C_Infantry.elf.dir/Middlewares/Third_Party/FreeRTOS/Source/timers.c.obj
LOAD CMakeFiles/Board_C_Infantry.elf.dir/Src/adc.c.obj
LOAD CMakeFiles/Board_C_Infantry.elf.dir/Src/can.c.obj
LOAD CMakeFiles/Board_C_Infantry.elf.dir/Src/crc.c.obj
LOAD CMakeFiles/Board_C_Infantry.elf.dir/Src/dma.c.obj
LOAD CMakeFiles/Board_C_Infantry.elf.dir/Src/freertos.c.obj
LOAD CMakeFiles/Board_C_Infantry.elf.dir/Src/gpio.c.obj
LOAD CMakeFiles/Board_C_Infantry.elf.dir/Src/i2c.c.obj
LOAD CMakeFiles/Board_C_Infantry.elf.dir/Src/main.c.obj
LOAD CMakeFiles/Board_C_Infantry.elf.dir/Src/rng.c.obj
LOAD CMakeFiles/Board_C_Infantry.elf.dir/Src/rtc.c.obj
LOAD CMakeFiles/Board_C_Infantry.elf.dir/Src/spi.c.obj
LOAD CMakeFiles/Board_C_Infantry.elf.dir/Src/stm32f4xx_hal_msp.c.obj
LOAD CMakeFiles/Board_C_Infantry.elf.dir/Src/stm32f4xx_it.c.obj
LOAD CMakeFiles/Board_C_Infantry.elf.dir/Src/syscalls.c.obj
LOAD CMakeFiles/Board_C_Infantry.elf.dir/Src/system_stm32f4xx.c.obj
LOAD CMakeFiles/Board_C_Infantry.elf.dir/Src/tim.c.obj
LOAD CMakeFiles/Board_C_Infantry.elf.dir/Src/usart.c.obj
LOAD CMakeFiles/Board_C_Infantry.elf.dir/Src/usb_otg.c.obj
LOAD CMakeFiles/Board_C_Infantry.elf.dir/UserLib/controller.c.obj
LOAD CMakeFiles/Board_C_Infantry.elf.dir/UserLib/filter32.c.obj
LOAD CMakeFiles/Board_C_Infantry.elf.dir/UserLib/motor.c.obj
LOAD CMakeFiles/Board_C_Infantry.elf.dir/UserLib/pid.c.obj
LOAD CMakeFiles/Board_C_Infantry.elf.dir/UserLib/user_lib.c.obj
LOAD CMakeFiles/Board_C_Infantry.elf.dir/startup/startup_stm32f407xx.s.obj
START GROUP
LOAD d:/gcc-arm-none-eabi-10.3-2021.10/bin/../lib/gcc/arm-none-eabi/10.3.1/thumb/v7e-m+fp/hard\libgcc.a
LOAD d:/gcc-arm-none-eabi-10.3-2021.10/bin/../lib/gcc/arm-none-eabi/10.3.1/../../../../arm-none-eabi/lib/thumb/v7e-m+fp/hard\libg.a
LOAD d:/gcc-arm-none-eabi-10.3-2021.10/bin/../lib/gcc/arm-none-eabi/10.3.1/../../../../arm-none-eabi/lib/thumb/v7e-m+fp/hard\libc.a
END GROUP
LOAD d:/gcc-arm-none-eabi-10.3-2021.10/bin/../lib/gcc/arm-none-eabi/10.3.1/thumb/v7e-m+fp/hard/crtend.o
LOAD d:/gcc-arm-none-eabi-10.3-2021.10/bin/../lib/gcc/arm-none-eabi/10.3.1/thumb/v7e-m+fp/hard/crtn.o
                0x20020000                _estack = 0x20020000
                0x00002000                _Min_Heap_Size = 0x2000
                0x00002000                _Min_Stack_Size = 0x2000

.isr_vector     0x08000000      0x188
                0x08000000                . = ALIGN (0x4)
 *(.isr_vector)
 .isr_vector    0x08000000      0x188 CMakeFiles/Board_C_Infantry.elf.dir/startup/startup_stm32f407xx.s.obj
                0x08000000                g_pfnVectors
                0x08000188                . = ALIGN (0x4)

.text           0x08000190     0x6c10
                0x08000190                . = ALIGN (0x4)
 *(.text)
 .text          0x08000190       0x40 d:/gcc-arm-none-eabi-10.3-2021.10/bin/../lib/gcc/arm-none-eabi/10.3.1/thumb/v7e-m+fp/hard/crtbegin.o
 .text          0x080001d0       0x30 d:/gcc-arm-none-eabi-10.3-2021.10/bin/../lib/gcc/arm-none-eabi/10.3.1/thumb/v7e-m+fp/hard\libgcc.a(_aeabi_uldivmod.o)
                0x080001d0                __aeabi_uldivmod
 .text          0x08000200      0x2d0 d:/gcc-arm-none-eabi-10.3-2021.10/bin/../lib/gcc/arm-none-eabi/10.3.1/thumb/v7e-m+fp/hard\libgcc.a(_udivmoddi4.o)
                0x08000200                __udivmoddi4
 .text          0x080004d0        0x4 d:/gcc-arm-none-eabi-10.3-2021.10/bin/../lib/gcc/arm-none-eabi/10.3.1/thumb/v7e-m+fp/hard\libgcc.a(_dvmd_tls.o)
                0x080004d0                __aeabi_idiv0
                0x080004d0                __aeabi_ldiv0
 .text          0x080004d4      0x134 d:/gcc-arm-none-eabi-10.3-2021.10/bin/../lib/gcc/arm-none-eabi/10.3.1/../../../../arm-none-eabi/lib/thumb/v7e-m+fp/hard\libg.a(lib_a-memcpy.o)
                0x080004d4                memcpy
 *(.text*)
 .text.global_err_detector_init
                0x08000608      0x1d0 CMakeFiles/Board_C_Infantry.elf.dir/APP/Detect.c.obj
                0x08000608                global_err_detector_init
 .text.detect_task
                0x080007d8       0x9c CMakeFiles/Board_C_Infantry.elf.dir/APP/Detect.c.obj
                0x080007d8                detect_task
 .text.transmission_task
                0x08000874       0x5c CMakeFiles/Board_C_Infantry.elf.dir/APP/Transmission.c.obj
                0x08000874                transmission_task
 .text.CAN_Device_Init
                0x080008d0       0x74 CMakeFiles/Board_C_Infantry.elf.dir/BSP/Src/bsp_can.c.obj
                0x080008d0                CAN_Device_Init
 .text.HAL_CAN_RxFifo0MsgPendingCallback
                0x08000944        0x2 CMakeFiles/Board_C_Infantry.elf.dir/BSP/Src/bsp_can.c.obj
                0x08000944                HAL_CAN_RxFifo0MsgPendingCallback
 .text.remote_data_handle
                0x08000946      0x140 CMakeFiles/Board_C_Infantry.elf.dir/BSP/Src/bsp_uart.c.obj
 *fill*         0x08000a86        0x2 
 .text.Send_RC_Data
                0x08000a88       0x88 CMakeFiles/Board_C_Infantry.elf.dir/BSP/Src/bsp_uart.c.obj
                0x08000a88                Send_RC_Data
 .text.USART3_IRQHandler
                0x08000b10      0x128 CMakeFiles/Board_C_Infantry.elf.dir/BSP/Src/bsp_uart.c.obj
                0x08000b10                USART3_IRQHandler
 .text.RC_init  0x08000c38       0x68 CMakeFiles/Board_C_Infantry.elf.dir/BSP/Src/bsp_uart.c.obj
                0x08000c38                RC_init
 .text.remote_control_init
                0x08000ca0       0x14 CMakeFiles/Board_C_Infantry.elf.dir/BSP/Src/bsp_uart.c.obj
                0x08000ca0                remote_control_init
 .text.HAL_InitTick
                0x08000cb4       0x4c CMakeFiles/Board_C_Infantry.elf.dir/Drivers/STM32F4xx_HAL_Driver/Src/stm32f4xx_hal.c.obj
                0x08000cb4                HAL_InitTick
 .text.HAL_Init
                0x08000d00       0x34 CMakeFiles/Board_C_Infantry.elf.dir/Drivers/STM32F4xx_HAL_Driver/Src/stm32f4xx_hal.c.obj
                0x08000d00                HAL_Init
 .text.HAL_IncTick
                0x08000d34       0x18 CMakeFiles/Board_C_Infantry.elf.dir/Drivers/STM32F4xx_HAL_Driver/Src/stm32f4xx_hal.c.obj
                0x08000d34                HAL_IncTick
 .text.HAL_GetTick
                0x08000d4c        0xc CMakeFiles/Board_C_Infantry.elf.dir/Drivers/STM32F4xx_HAL_Driver/Src/stm32f4xx_hal.c.obj
                0x08000d4c                HAL_GetTick
 .text.HAL_Delay
                0x08000d58       0x28 CMakeFiles/Board_C_Infantry.elf.dir/Drivers/STM32F4xx_HAL_Driver/Src/stm32f4xx_hal.c.obj
                0x08000d58                HAL_Delay
 .text.ADC_Init
                0x08000d80      0x134 CMakeFiles/Board_C_Infantry.elf.dir/Drivers/STM32F4xx_HAL_Driver/Src/stm32f4xx_hal_adc.c.obj
 .text.HAL_ADC_Init
                0x08000eb4       0x56 CMakeFiles/Board_C_Infantry.elf.dir/Drivers/STM32F4xx_HAL_Driver/Src/stm32f4xx_hal_adc.c.obj
                0x08000eb4                HAL_ADC_Init
 *fill*         0x08000f0a        0x2 
 .text.HAL_ADC_ConfigChannel
                0x08000f0c      0x198 CMakeFiles/Board_C_Infantry.elf.dir/Drivers/STM32F4xx_HAL_Driver/Src/stm32f4xx_hal_adc.c.obj
                0x08000f0c                HAL_ADC_ConfigChannel
 .text.HAL_CAN_Init
                0x080010a4      0x14c CMakeFiles/Board_C_Infantry.elf.dir/Drivers/STM32F4xx_HAL_Driver/Src/stm32f4xx_hal_can.c.obj
                0x080010a4                HAL_CAN_Init
 .text.HAL_CAN_ConfigFilter
                0x080011f0      0x138 CMakeFiles/Board_C_Infantry.elf.dir/Drivers/STM32F4xx_HAL_Driver/Src/stm32f4xx_hal_can.c.obj
                0x080011f0                HAL_CAN_ConfigFilter
 .text.HAL_CAN_Start
                0x08001328       0x5c CMakeFiles/Board_C_Infantry.elf.dir/Drivers/STM32F4xx_HAL_Driver/Src/stm32f4xx_hal_can.c.obj
                0x08001328                HAL_CAN_Start
 .text.HAL_CAN_AddTxMessage
                0x08001384       0xfc CMakeFiles/Board_C_Infantry.elf.dir/Drivers/STM32F4xx_HAL_Driver/Src/stm32f4xx_hal_can.c.obj
                0x08001384                HAL_CAN_AddTxMessage
 .text.HAL_CAN_ActivateNotification
                0x08001480       0x24 CMakeFiles/Board_C_Infantry.elf.dir/Drivers/STM32F4xx_HAL_Driver/Src/stm32f4xx_hal_can.c.obj
                0x08001480                HAL_CAN_ActivateNotification
 .text.HAL_CAN_TxMailbox0CompleteCallback
                0x080014a4        0x2 CMakeFiles/Board_C_Infantry.elf.dir/Drivers/STM32F4xx_HAL_Driver/Src/stm32f4xx_hal_can.c.obj
                0x080014a4                HAL_CAN_TxMailbox0CompleteCallback
 .text.HAL_CAN_TxMailbox1CompleteCallback
                0x080014a6        0x2 CMakeFiles/Board_C_Infantry.elf.dir/Drivers/STM32F4xx_HAL_Driver/Src/stm32f4xx_hal_can.c.obj
                0x080014a6                HAL_CAN_TxMailbox1CompleteCallback
 .text.HAL_CAN_TxMailbox2CompleteCallback
                0x080014a8        0x2 CMakeFiles/Board_C_Infantry.elf.dir/Drivers/STM32F4xx_HAL_Driver/Src/stm32f4xx_hal_can.c.obj
                0x080014a8                HAL_CAN_TxMailbox2CompleteCallback
 .text.HAL_CAN_TxMailbox0AbortCallback
                0x080014aa        0x2 CMakeFiles/Board_C_Infantry.elf.dir/Drivers/STM32F4xx_HAL_Driver/Src/stm32f4xx_hal_can.c.obj
                0x080014aa                HAL_CAN_TxMailbox0AbortCallback
 .text.HAL_CAN_TxMailbox1AbortCallback
                0x080014ac        0x2 CMakeFiles/Board_C_Infantry.elf.dir/Drivers/STM32F4xx_HAL_Driver/Src/stm32f4xx_hal_can.c.obj
                0x080014ac                HAL_CAN_TxMailbox1AbortCallback
 .text.HAL_CAN_TxMailbox2AbortCallback
                0x080014ae        0x2 CMakeFiles/Board_C_Infantry.elf.dir/Drivers/STM32F4xx_HAL_Driver/Src/stm32f4xx_hal_can.c.obj
                0x080014ae                HAL_CAN_TxMailbox2AbortCallback
 .text.HAL_CAN_RxFifo0FullCallback
                0x080014b0        0x2 CMakeFiles/Board_C_Infantry.elf.dir/Drivers/STM32F4xx_HAL_Driver/Src/stm32f4xx_hal_can.c.obj
                0x080014b0                HAL_CAN_RxFifo0FullCallback
 .text.HAL_CAN_RxFifo1MsgPendingCallback
                0x080014b2        0x2 CMakeFiles/Board_C_Infantry.elf.dir/Drivers/STM32F4xx_HAL_Driver/Src/stm32f4xx_hal_can.c.obj
                0x080014b2                HAL_CAN_RxFifo1MsgPendingCallback
 .text.HAL_CAN_RxFifo1FullCallback
                0x080014b4        0x2 CMakeFiles/Board_C_Infantry.elf.dir/Drivers/STM32F4xx_HAL_Driver/Src/stm32f4xx_hal_can.c.obj
                0x080014b4                HAL_CAN_RxFifo1FullCallback
 .text.HAL_CAN_SleepCallback
                0x080014b6        0x2 CMakeFiles/Board_C_Infantry.elf.dir/Drivers/STM32F4xx_HAL_Driver/Src/stm32f4xx_hal_can.c.obj
                0x080014b6                HAL_CAN_SleepCallback
 .text.HAL_CAN_WakeUpFromRxMsgCallback
                0x080014b8        0x2 CMakeFiles/Board_C_Infantry.elf.dir/Drivers/STM32F4xx_HAL_Driver/Src/stm32f4xx_hal_can.c.obj
                0x080014b8                HAL_CAN_WakeUpFromRxMsgCallback
 .text.HAL_CAN_ErrorCallback
                0x080014ba        0x2 CMakeFiles/Board_C_Infantry.elf.dir/Drivers/STM32F4xx_HAL_Driver/Src/stm32f4xx_hal_can.c.obj
                0x080014ba                HAL_CAN_ErrorCallback
 .text.HAL_CAN_IRQHandler
                0x080014bc      0x24a CMakeFiles/Board_C_Infantry.elf.dir/Drivers/STM32F4xx_HAL_Driver/Src/stm32f4xx_hal_can.c.obj
                0x080014bc                HAL_CAN_IRQHandler
 *fill*         0x08001706        0x2 
 .text.HAL_NVIC_SetPriorityGrouping
                0x08001708       0x24 CMakeFiles/Board_C_Infantry.elf.dir/Drivers/STM32F4xx_HAL_Driver/Src/stm32f4xx_hal_cortex.c.obj
                0x08001708                HAL_NVIC_SetPriorityGrouping
 .text.HAL_NVIC_SetPriority
                0x0800172c       0x70 CMakeFiles/Board_C_Infantry.elf.dir/Drivers/STM32F4xx_HAL_Driver/Src/stm32f4xx_hal_cortex.c.obj
                0x0800172c                HAL_NVIC_SetPriority
 .text.HAL_NVIC_EnableIRQ
                0x0800179c       0x1c CMakeFiles/Board_C_Infantry.elf.dir/Drivers/STM32F4xx_HAL_Driver/Src/stm32f4xx_hal_cortex.c.obj
                0x0800179c                HAL_NVIC_EnableIRQ
 .text.HAL_SYSTICK_Config
                0x080017b8       0x28 CMakeFiles/Board_C_Infantry.elf.dir/Drivers/STM32F4xx_HAL_Driver/Src/stm32f4xx_hal_cortex.c.obj
                0x080017b8                HAL_SYSTICK_Config
 .text.HAL_CRC_Init
                0x080017e0       0x1e CMakeFiles/Board_C_Infantry.elf.dir/Drivers/STM32F4xx_HAL_Driver/Src/stm32f4xx_hal_crc.c.obj
                0x080017e0                HAL_CRC_Init
 *fill*         0x080017fe        0x2 
 .text.DMA_CalcBaseAndBitshift
                0x08001800       0x44 CMakeFiles/Board_C_Infantry.elf.dir/Drivers/STM32F4xx_HAL_Driver/Src/stm32f4xx_hal_dma.c.obj
 .text.DMA_CheckFifoParam
                0x08001844       0x8e CMakeFiles/Board_C_Infantry.elf.dir/Drivers/STM32F4xx_HAL_Driver/Src/stm32f4xx_hal_dma.c.obj
 *fill*         0x080018d2        0x2 
 .text.HAL_DMA_Init
                0x080018d4       0xcc CMakeFiles/Board_C_Infantry.elf.dir/Drivers/STM32F4xx_HAL_Driver/Src/stm32f4xx_hal_dma.c.obj
                0x080018d4                HAL_DMA_Init
 .text.HAL_DMA_IRQHandler
                0x080019a0      0x1dc CMakeFiles/Board_C_Infantry.elf.dir/Drivers/STM32F4xx_HAL_Driver/Src/stm32f4xx_hal_dma.c.obj
                0x080019a0                HAL_DMA_IRQHandler
 .text.HAL_GPIO_Init
                0x08001b7c      0x1d0 CMakeFiles/Board_C_Infantry.elf.dir/Drivers/STM32F4xx_HAL_Driver/Src/stm32f4xx_hal_gpio.c.obj
                0x08001b7c                HAL_GPIO_Init
 .text.HAL_GPIO_WritePin
                0x08001d4c        0xc CMakeFiles/Board_C_Infantry.elf.dir/Drivers/STM32F4xx_HAL_Driver/Src/stm32f4xx_hal_gpio.c.obj
                0x08001d4c                HAL_GPIO_WritePin
 .text.HAL_GPIO_TogglePin
                0x08001d58       0x12 CMakeFiles/Board_C_Infantry.elf.dir/Drivers/STM32F4xx_HAL_Driver/Src/stm32f4xx_hal_gpio.c.obj
                0x08001d58                HAL_GPIO_TogglePin
 .text.HAL_GPIO_EXTI_Callback
                0x08001d6a        0x2 CMakeFiles/Board_C_Infantry.elf.dir/Drivers/STM32F4xx_HAL_Driver/Src/stm32f4xx_hal_gpio.c.obj
                0x08001d6a                HAL_GPIO_EXTI_Callback
 .text.HAL_GPIO_EXTI_IRQHandler
                0x08001d6c       0x1c CMakeFiles/Board_C_Infantry.elf.dir/Drivers/STM32F4xx_HAL_Driver/Src/stm32f4xx_hal_gpio.c.obj
                0x08001d6c                HAL_GPIO_EXTI_IRQHandler
 .text.HAL_I2C_Init
                0x08001d88      0x1bc CMakeFiles/Board_C_Infantry.elf.dir/Drivers/STM32F4xx_HAL_Driver/Src/stm32f4xx_hal_i2c.c.obj
                0x08001d88                HAL_I2C_Init
 .text.HAL_PCD_Init
                0x08001f44      0x12e CMakeFiles/Board_C_Infantry.elf.dir/Drivers/STM32F4xx_HAL_Driver/Src/stm32f4xx_hal_pcd.c.obj
                0x08001f44                HAL_PCD_Init
 *fill*         0x08002072        0x2 
 .text.HAL_RCC_OscConfig
                0x08002074      0x3ec CMakeFiles/Board_C_Infantry.elf.dir/Drivers/STM32F4xx_HAL_Driver/Src/stm32f4xx_hal_rcc.c.obj
                0x08002074                HAL_RCC_OscConfig
 .text.HAL_RCC_GetSysClockFreq
                0x08002460       0xa4 CMakeFiles/Board_C_Infantry.elf.dir/Drivers/STM32F4xx_HAL_Driver/Src/stm32f4xx_hal_rcc.c.obj
                0x08002460                HAL_RCC_GetSysClockFreq
 .text.HAL_RCC_ClockConfig
                0x08002504      0x160 CMakeFiles/Board_C_Infantry.elf.dir/Drivers/STM32F4xx_HAL_Driver/Src/stm32f4xx_hal_rcc.c.obj
                0x08002504                HAL_RCC_ClockConfig
 .text.HAL_RCC_GetHCLKFreq
                0x08002664        0xc CMakeFiles/Board_C_Infantry.elf.dir/Drivers/STM32F4xx_HAL_Driver/Src/stm32f4xx_hal_rcc.c.obj
                0x08002664                HAL_RCC_GetHCLKFreq
 .text.HAL_RCC_GetPCLK1Freq
                0x08002670       0x20 CMakeFiles/Board_C_Infantry.elf.dir/Drivers/STM32F4xx_HAL_Driver/Src/stm32f4xx_hal_rcc.c.obj
                0x08002670                HAL_RCC_GetPCLK1Freq
 .text.HAL_RCC_GetPCLK2Freq
                0x08002690       0x20 CMakeFiles/Board_C_Infantry.elf.dir/Drivers/STM32F4xx_HAL_Driver/Src/stm32f4xx_hal_rcc.c.obj
                0x08002690                HAL_RCC_GetPCLK2Freq
 .text.HAL_RCCEx_PeriphCLKConfig
                0x080026b0      0x154 CMakeFiles/Board_C_Infantry.elf.dir/Drivers/STM32F4xx_HAL_Driver/Src/stm32f4xx_hal_rcc_ex.c.obj
                0x080026b0                HAL_RCCEx_PeriphCLKConfig
 .text.HAL_RNG_Init
                0x08002804       0x2e CMakeFiles/Board_C_Infantry.elf.dir/Drivers/STM32F4xx_HAL_Driver/Src/stm32f4xx_hal_rng.c.obj
                0x08002804                HAL_RNG_Init
 .text.HAL_RTC_WaitForSynchro
                0x08002832       0x32 CMakeFiles/Board_C_Infantry.elf.dir/Drivers/STM32F4xx_HAL_Driver/Src/stm32f4xx_hal_rtc.c.obj
                0x08002832                HAL_RTC_WaitForSynchro
 .text.RTC_EnterInitMode
                0x08002864       0x3c CMakeFiles/Board_C_Infantry.elf.dir/Drivers/STM32F4xx_HAL_Driver/Src/stm32f4xx_hal_rtc.c.obj
                0x08002864                RTC_EnterInitMode
 .text.HAL_RTC_Init
                0x080028a0       0xc4 CMakeFiles/Board_C_Infantry.elf.dir/Drivers/STM32F4xx_HAL_Driver/Src/stm32f4xx_hal_rtc.c.obj
                0x080028a0                HAL_RTC_Init
 .text.HAL_SPI_Init
                0x08002964       0x80 CMakeFiles/Board_C_Infantry.elf.dir/Drivers/STM32F4xx_HAL_Driver/Src/stm32f4xx_hal_spi.c.obj
                0x08002964                HAL_SPI_Init
 .text.TIM_OC1_SetConfig
                0x080029e4       0x68 CMakeFiles/Board_C_Infantry.elf.dir/Drivers/STM32F4xx_HAL_Driver/Src/stm32f4xx_hal_tim.c.obj
 .text.TIM_OC3_SetConfig
                0x08002a4c       0x70 CMakeFiles/Board_C_Infantry.elf.dir/Drivers/STM32F4xx_HAL_Driver/Src/stm32f4xx_hal_tim.c.obj
 .text.TIM_OC4_SetConfig
                0x08002abc       0x50 CMakeFiles/Board_C_Infantry.elf.dir/Drivers/STM32F4xx_HAL_Driver/Src/stm32f4xx_hal_tim.c.obj
 .text.TIM_TI1_ConfigInputStage
                0x08002b0c       0x26 CMakeFiles/Board_C_Infantry.elf.dir/Drivers/STM32F4xx_HAL_Driver/Src/stm32f4xx_hal_tim.c.obj
 .text.TIM_TI2_ConfigInputStage
                0x08002b32       0x28 CMakeFiles/Board_C_Infantry.elf.dir/Drivers/STM32F4xx_HAL_Driver/Src/stm32f4xx_hal_tim.c.obj
 .text.TIM_ITRx_SetConfig
                0x08002b5a       0x10 CMakeFiles/Board_C_Infantry.elf.dir/Drivers/STM32F4xx_HAL_Driver/Src/stm32f4xx_hal_tim.c.obj
 .text.HAL_TIM_PWM_MspInit
                0x08002b6a        0x2 CMakeFiles/Board_C_Infantry.elf.dir/Drivers/STM32F4xx_HAL_Driver/Src/stm32f4xx_hal_tim.c.obj
                0x08002b6a                HAL_TIM_PWM_MspInit
 .text.TIM_Base_SetConfig
                0x08002b6c       0xc8 CMakeFiles/Board_C_Infantry.elf.dir/Drivers/STM32F4xx_HAL_Driver/Src/stm32f4xx_hal_tim.c.obj
                0x08002b6c                TIM_Base_SetConfig
 .text.HAL_TIM_Base_Init
                0x08002c34       0x34 CMakeFiles/Board_C_Infantry.elf.dir/Drivers/STM32F4xx_HAL_Driver/Src/stm32f4xx_hal_tim.c.obj
                0x08002c34                HAL_TIM_Base_Init
 .text.HAL_TIM_PWM_Init
                0x08002c68       0x34 CMakeFiles/Board_C_Infantry.elf.dir/Drivers/STM32F4xx_HAL_Driver/Src/stm32f4xx_hal_tim.c.obj
                0x08002c68                HAL_TIM_PWM_Init
 .text.TIM_OC2_SetConfig
                0x08002c9c       0x70 CMakeFiles/Board_C_Infantry.elf.dir/Drivers/STM32F4xx_HAL_Driver/Src/stm32f4xx_hal_tim.c.obj
                0x08002c9c                TIM_OC2_SetConfig
 .text.HAL_TIM_PWM_ConfigChannel
                0x08002d0c       0xdc CMakeFiles/Board_C_Infantry.elf.dir/Drivers/STM32F4xx_HAL_Driver/Src/stm32f4xx_hal_tim.c.obj
                0x08002d0c                HAL_TIM_PWM_ConfigChannel
 .text.TIM_ETR_SetConfig
                0x08002de8       0x1a CMakeFiles/Board_C_Infantry.elf.dir/Drivers/STM32F4xx_HAL_Driver/Src/stm32f4xx_hal_tim.c.obj
                0x08002de8                TIM_ETR_SetConfig
 .text.HAL_TIM_ConfigClockSource
                0x08002e02       0xda CMakeFiles/Board_C_Infantry.elf.dir/Drivers/STM32F4xx_HAL_Driver/Src/stm32f4xx_hal_tim.c.obj
                0x08002e02                HAL_TIM_ConfigClockSource
 .text.HAL_TIMEx_MasterConfigSynchronization
                0x08002edc       0x8c CMakeFiles/Board_C_Infantry.elf.dir/Drivers/STM32F4xx_HAL_Driver/Src/stm32f4xx_hal_tim_ex.c.obj
                0x08002edc                HAL_TIMEx_MasterConfigSynchronization
 .text.HAL_TIMEx_ConfigBreakDeadTime
                0x08002f68       0x52 CMakeFiles/Board_C_Infantry.elf.dir/Drivers/STM32F4xx_HAL_Driver/Src/stm32f4xx_hal_tim_ex.c.obj
                0x08002f68                HAL_TIMEx_ConfigBreakDeadTime
 *fill*         0x08002fba        0x2 
 .text.UART_SetConfig
                0x08002fbc      0x1d4 CMakeFiles/Board_C_Infantry.elf.dir/Drivers/STM32F4xx_HAL_Driver/Src/stm32f4xx_hal_uart.c.obj
 .text.HAL_UART_Init
                0x08003190       0x5e CMakeFiles/Board_C_Infantry.elf.dir/Drivers/STM32F4xx_HAL_Driver/Src/stm32f4xx_hal_uart.c.obj
                0x08003190                HAL_UART_Init
 *fill*         0x080031ee        0x2 
 .text.USB_CoreReset
                0x080031f0       0x3c CMakeFiles/Board_C_Infantry.elf.dir/Drivers/STM32F4xx_HAL_Driver/Src/stm32f4xx_ll_usb.c.obj
 .text.USB_CoreInit
                0x0800322c       0x8a CMakeFiles/Board_C_Infantry.elf.dir/Drivers/STM32F4xx_HAL_Driver/Src/stm32f4xx_ll_usb.c.obj
                0x0800322c                USB_CoreInit
 .text.USB_DisableGlobalInt
                0x080032b6        0xc CMakeFiles/Board_C_Infantry.elf.dir/Drivers/STM32F4xx_HAL_Driver/Src/stm32f4xx_ll_usb.c.obj
                0x080032b6                USB_DisableGlobalInt
 .text.USB_SetCurrentMode
                0x080032c2       0x30 CMakeFiles/Board_C_Infantry.elf.dir/Drivers/STM32F4xx_HAL_Driver/Src/stm32f4xx_ll_usb.c.obj
                0x080032c2                USB_SetCurrentMode
 *fill*         0x080032f2        0x2 
 .text.USB_FlushTxFifo
                0x080032f4       0x28 CMakeFiles/Board_C_Infantry.elf.dir/Drivers/STM32F4xx_HAL_Driver/Src/stm32f4xx_ll_usb.c.obj
                0x080032f4                USB_FlushTxFifo
 .text.USB_FlushRxFifo
                0x0800331c       0x24 CMakeFiles/Board_C_Infantry.elf.dir/Drivers/STM32F4xx_HAL_Driver/Src/stm32f4xx_ll_usb.c.obj
                0x0800331c                USB_FlushRxFifo
 .text.USB_SetDevSpeed
                0x08003340        0xe CMakeFiles/Board_C_Infantry.elf.dir/Drivers/STM32F4xx_HAL_Driver/Src/stm32f4xx_ll_usb.c.obj
                0x08003340                USB_SetDevSpeed
 *fill*         0x0800334e        0x2 
 .text.USB_DevInit
                0x08003350      0x190 CMakeFiles/Board_C_Infantry.elf.dir/Drivers/STM32F4xx_HAL_Driver/Src/stm32f4xx_ll_usb.c.obj
                0x08003350                USB_DevInit
 .text.USB_DevDisconnect
                0x080034e0       0x1c CMakeFiles/Board_C_Infantry.elf.dir/Drivers/STM32F4xx_HAL_Driver/Src/stm32f4xx_ll_usb.c.obj
                0x080034e0                USB_DevDisconnect
 .text.makeFreeRtosPriority
                0x080034fc        0xc CMakeFiles/Board_C_Infantry.elf.dir/Middlewares/Third_Party/FreeRTOS/Source/CMSIS_RTOS/cmsis_os.c.obj
 .text.inHandlerMode
                0x08003508        0xc CMakeFiles/Board_C_Infantry.elf.dir/Middlewares/Third_Party/FreeRTOS/Source/CMSIS_RTOS/cmsis_os.c.obj
 .text.osKernelStart
                0x08003514        0xa CMakeFiles/Board_C_Infantry.elf.dir/Middlewares/Third_Party/FreeRTOS/Source/CMSIS_RTOS/cmsis_os.c.obj
                0x08003514                osKernelStart
 .text.osKernelSysTick
                0x0800351e       0x14 CMakeFiles/Board_C_Infantry.elf.dir/Middlewares/Third_Party/FreeRTOS/Source/CMSIS_RTOS/cmsis_os.c.obj
                0x0800351e                osKernelSysTick
 .text.osThreadCreate
                0x08003532       0x6a CMakeFiles/Board_C_Infantry.elf.dir/Middlewares/Third_Party/FreeRTOS/Source/CMSIS_RTOS/cmsis_os.c.obj
                0x08003532                osThreadCreate
 .text.osDelay  0x0800359c        0xe CMakeFiles/Board_C_Infantry.elf.dir/Middlewares/Third_Party/FreeRTOS/Source/CMSIS_RTOS/cmsis_os.c.obj
                0x0800359c                osDelay
 .text.osDelayUntil
                0x080035aa        0xe CMakeFiles/Board_C_Infantry.elf.dir/Middlewares/Third_Party/FreeRTOS/Source/CMSIS_RTOS/cmsis_os.c.obj
                0x080035aa                osDelayUntil
 .text.vListInitialise
                0x080035b8       0x16 CMakeFiles/Board_C_Infantry.elf.dir/Middlewares/Third_Party/FreeRTOS/Source/list.c.obj
                0x080035b8                vListInitialise
 .text.vListInitialiseItem
                0x080035ce        0x6 CMakeFiles/Board_C_Infantry.elf.dir/Middlewares/Third_Party/FreeRTOS/Source/list.c.obj
                0x080035ce                vListInitialiseItem
 .text.vListInsertEnd
                0x080035d4       0x16 CMakeFiles/Board_C_Infantry.elf.dir/Middlewares/Third_Party/FreeRTOS/Source/list.c.obj
                0x080035d4                vListInsertEnd
 .text.vListInsert
                0x080035ea       0x32 CMakeFiles/Board_C_Infantry.elf.dir/Middlewares/Third_Party/FreeRTOS/Source/list.c.obj
                0x080035ea                vListInsert
 .text.uxListRemove
                0x0800361c       0x26 CMakeFiles/Board_C_Infantry.elf.dir/Middlewares/Third_Party/FreeRTOS/Source/list.c.obj
                0x0800361c                uxListRemove
 *fill*         0x08003642        0x2 
 .text.prvTaskExitError
                0x08003644       0x40 CMakeFiles/Board_C_Infantry.elf.dir/Middlewares/Third_Party/FreeRTOS/Source/portable/GCC/ARM_CM4F/port.c.obj
 .text.prvPortStartFirstTask
                0x08003684       0x28 CMakeFiles/Board_C_Infantry.elf.dir/Middlewares/Third_Party/FreeRTOS/Source/portable/GCC/ARM_CM4F/port.c.obj
 .text.vPortEnableVFP
                0x080036ac       0x14 CMakeFiles/Board_C_Infantry.elf.dir/Middlewares/Third_Party/FreeRTOS/Source/portable/GCC/ARM_CM4F/port.c.obj
 .text.pxPortInitialiseStack
                0x080036c0       0x2c CMakeFiles/Board_C_Infantry.elf.dir/Middlewares/Third_Party/FreeRTOS/Source/portable/GCC/ARM_CM4F/port.c.obj
                0x080036c0                pxPortInitialiseStack
 *fill*         0x080036ec        0x4 
 .text.SVC_Handler
                0x080036f0       0x24 CMakeFiles/Board_C_Infantry.elf.dir/Middlewares/Third_Party/FreeRTOS/Source/portable/GCC/ARM_CM4F/port.c.obj
                0x080036f0                SVC_Handler
 .text.vPortEnterCritical
                0x08003714       0x44 CMakeFiles/Board_C_Infantry.elf.dir/Middlewares/Third_Party/FreeRTOS/Source/portable/GCC/ARM_CM4F/port.c.obj
                0x08003714                vPortEnterCritical
 .text.vPortExitCritical
                0x08003758       0x2c CMakeFiles/Board_C_Infantry.elf.dir/Middlewares/Third_Party/FreeRTOS/Source/portable/GCC/ARM_CM4F/port.c.obj
                0x08003758                vPortExitCritical
 *fill*         0x08003784        0xc 
 .text.PendSV_Handler
                0x08003790       0x64 CMakeFiles/Board_C_Infantry.elf.dir/Middlewares/Third_Party/FreeRTOS/Source/portable/GCC/ARM_CM4F/port.c.obj
                0x08003790                PendSV_Handler
 .text.xPortSysTickHandler
                0x080037f4       0x2c CMakeFiles/Board_C_Infantry.elf.dir/Middlewares/Third_Party/FreeRTOS/Source/portable/GCC/ARM_CM4F/port.c.obj
                0x080037f4                xPortSysTickHandler
 .text.vPortSetupTimerInterrupt
                0x08003820       0x28 CMakeFiles/Board_C_Infantry.elf.dir/Middlewares/Third_Party/FreeRTOS/Source/portable/GCC/ARM_CM4F/port.c.obj
                0x08003820                vPortSetupTimerInterrupt
 .text.xPortStartScheduler
                0x08003848      0x118 CMakeFiles/Board_C_Infantry.elf.dir/Middlewares/Third_Party/FreeRTOS/Source/portable/GCC/ARM_CM4F/port.c.obj
                0x08003848                xPortStartScheduler
 .text.vPortValidateInterruptPriority
                0x08003960       0x5c CMakeFiles/Board_C_Infantry.elf.dir/Middlewares/Third_Party/FreeRTOS/Source/portable/GCC/ARM_CM4F/port.c.obj
                0x08003960                vPortValidateInterruptPriority
 .text.prvHeapInit
                0x080039bc       0x64 CMakeFiles/Board_C_Infantry.elf.dir/Middlewares/Third_Party/FreeRTOS/Source/portable/MemMang/heap_4.c.obj
 .text.prvInsertBlockIntoFreeList
                0x08003a20       0x64 CMakeFiles/Board_C_Infantry.elf.dir/Middlewares/Third_Party/FreeRTOS/Source/portable/MemMang/heap_4.c.obj
 .text.pvPortMalloc
                0x08003a84       0xf0 CMakeFiles/Board_C_Infantry.elf.dir/Middlewares/Third_Party/FreeRTOS/Source/portable/MemMang/heap_4.c.obj
                0x08003a84                pvPortMalloc
 .text.vPortFree
                0x08003b74       0x70 CMakeFiles/Board_C_Infantry.elf.dir/Middlewares/Third_Party/FreeRTOS/Source/portable/MemMang/heap_4.c.obj
                0x08003b74                vPortFree
 .text.prvIsQueueFull
                0x08003be4       0x1e CMakeFiles/Board_C_Infantry.elf.dir/Middlewares/Third_Party/FreeRTOS/Source/queue.c.obj
 .text.prvIsQueueEmpty
                0x08003c02       0x1a CMakeFiles/Board_C_Infantry.elf.dir/Middlewares/Third_Party/FreeRTOS/Source/queue.c.obj
 .text.prvCopyDataToQueue
                0x08003c1c       0x76 CMakeFiles/Board_C_Infantry.elf.dir/Middlewares/Third_Party/FreeRTOS/Source/queue.c.obj
 .text.prvCopyDataFromQueue
                0x08003c92       0x24 CMakeFiles/Board_C_Infantry.elf.dir/Middlewares/Third_Party/FreeRTOS/Source/queue.c.obj
 .text.prvUnlockQueue
                0x08003cb6       0x6e CMakeFiles/Board_C_Infantry.elf.dir/Middlewares/Third_Party/FreeRTOS/Source/queue.c.obj
 .text.xQueueGenericReset
                0x08003d24       0x84 CMakeFiles/Board_C_Infantry.elf.dir/Middlewares/Third_Party/FreeRTOS/Source/queue.c.obj
                0x08003d24                xQueueGenericReset
 .text.prvInitialiseNewQueue
                0x08003da8       0x1c CMakeFiles/Board_C_Infantry.elf.dir/Middlewares/Third_Party/FreeRTOS/Source/queue.c.obj
 .text.xQueueGenericCreateStatic
                0x08003dc4       0x94 CMakeFiles/Board_C_Infantry.elf.dir/Middlewares/Third_Party/FreeRTOS/Source/queue.c.obj
                0x08003dc4                xQueueGenericCreateStatic
 .text.xQueueGenericSend
                0x08003e58      0x188 CMakeFiles/Board_C_Infantry.elf.dir/Middlewares/Third_Party/FreeRTOS/Source/queue.c.obj
                0x08003e58                xQueueGenericSend
 .text.xQueueGenericSendFromISR
                0x08003fe0       0xcc CMakeFiles/Board_C_Infantry.elf.dir/Middlewares/Third_Party/FreeRTOS/Source/queue.c.obj
                0x08003fe0                xQueueGenericSendFromISR
 .text.xQueueReceive
                0x080040ac      0x15e CMakeFiles/Board_C_Infantry.elf.dir/Middlewares/Third_Party/FreeRTOS/Source/queue.c.obj
                0x080040ac                xQueueReceive
 *fill*         0x0800420a        0x2 
 .text.vQueueAddToRegistry
                0x0800420c       0x28 CMakeFiles/Board_C_Infantry.elf.dir/Middlewares/Third_Party/FreeRTOS/Source/queue.c.obj
                0x0800420c                vQueueAddToRegistry
 .text.vQueueWaitForMessageRestricted
                0x08004234       0x52 CMakeFiles/Board_C_Infantry.elf.dir/Middlewares/Third_Party/FreeRTOS/Source/queue.c.obj
                0x08004234                vQueueWaitForMessageRestricted
 *fill*         0x08004286        0x2 
 .text.prvResetNextTaskUnblockTime
                0x08004288       0x2c CMakeFiles/Board_C_Infantry.elf.dir/Middlewares/Third_Party/FreeRTOS/Source/tasks.c.obj
 .text.prvInitialiseNewTask
                0x080042b4       0xac CMakeFiles/Board_C_Infantry.elf.dir/Middlewares/Third_Party/FreeRTOS/Source/tasks.c.obj
 .text.prvInitialiseTaskLists
                0x08004360       0x68 CMakeFiles/Board_C_Infantry.elf.dir/Middlewares/Third_Party/FreeRTOS/Source/tasks.c.obj
 .text.prvAddNewTaskToReadyList
                0x080043c8       0xa8 CMakeFiles/Board_C_Infantry.elf.dir/Middlewares/Third_Party/FreeRTOS/Source/tasks.c.obj
 .text.prvDeleteTCB
                0x08004470       0x38 CMakeFiles/Board_C_Infantry.elf.dir/Middlewares/Third_Party/FreeRTOS/Source/tasks.c.obj
 .text.prvCheckTasksWaitingTermination
                0x080044a8       0x4c CMakeFiles/Board_C_Infantry.elf.dir/Middlewares/Third_Party/FreeRTOS/Source/tasks.c.obj
 .text.prvIdleTask
                0x080044f4       0x28 CMakeFiles/Board_C_Infantry.elf.dir/Middlewares/Third_Party/FreeRTOS/Source/tasks.c.obj
 .text.prvAddCurrentTaskToDelayedList
                0x0800451c       0xa0 CMakeFiles/Board_C_Infantry.elf.dir/Middlewares/Third_Party/FreeRTOS/Source/tasks.c.obj
 .text.xTaskCreateStatic
                0x080045bc       0x76 CMakeFiles/Board_C_Infantry.elf.dir/Middlewares/Third_Party/FreeRTOS/Source/tasks.c.obj
                0x080045bc                xTaskCreateStatic
 .text.xTaskCreate
                0x08004632       0x68 CMakeFiles/Board_C_Infantry.elf.dir/Middlewares/Third_Party/FreeRTOS/Source/tasks.c.obj
                0x08004632                xTaskCreate
 *fill*         0x0800469a        0x2 
 .text.vTaskStartScheduler
                0x0800469c       0x9c CMakeFiles/Board_C_Infantry.elf.dir/Middlewares/Third_Party/FreeRTOS/Source/tasks.c.obj
                0x0800469c                vTaskStartScheduler
 .text.vTaskSuspendAll
                0x08004738       0x10 CMakeFiles/Board_C_Infantry.elf.dir/Middlewares/Third_Party/FreeRTOS/Source/tasks.c.obj
                0x08004738                vTaskSuspendAll
 .text.xTaskGetTickCount
                0x08004748        0xc CMakeFiles/Board_C_Infantry.elf.dir/Middlewares/Third_Party/FreeRTOS/Source/tasks.c.obj
                0x08004748                xTaskGetTickCount
 .text.xTaskGetTickCountFromISR
                0x08004754       0x10 CMakeFiles/Board_C_Infantry.elf.dir/Middlewares/Third_Party/FreeRTOS/Source/tasks.c.obj
                0x08004754                xTaskGetTickCountFromISR
 .text.xTaskIncrementTick
                0x08004764      0x118 CMakeFiles/Board_C_Infantry.elf.dir/Middlewares/Third_Party/FreeRTOS/Source/tasks.c.obj
                0x08004764                xTaskIncrementTick
 .text.xTaskResumeAll
                0x0800487c       0xf8 CMakeFiles/Board_C_Infantry.elf.dir/Middlewares/Third_Party/FreeRTOS/Source/tasks.c.obj
                0x0800487c                xTaskResumeAll
 .text.vTaskDelayUntil
                0x08004974       0xa4 CMakeFiles/Board_C_Infantry.elf.dir/Middlewares/Third_Party/FreeRTOS/Source/tasks.c.obj
                0x08004974                vTaskDelayUntil
 .text.vTaskDelay
                0x08004a18       0x4c CMakeFiles/Board_C_Infantry.elf.dir/Middlewares/Third_Party/FreeRTOS/Source/tasks.c.obj
                0x08004a18                vTaskDelay
 .text.vTaskSwitchContext
                0x08004a64       0x98 CMakeFiles/Board_C_Infantry.elf.dir/Middlewares/Third_Party/FreeRTOS/Source/tasks.c.obj
                0x08004a64                vTaskSwitchContext
 .text.vTaskPlaceOnEventList
                0x08004afc       0x30 CMakeFiles/Board_C_Infantry.elf.dir/Middlewares/Third_Party/FreeRTOS/Source/tasks.c.obj
                0x08004afc                vTaskPlaceOnEventList
 .text.vTaskPlaceOnEventListRestricted
                0x08004b2c       0x38 CMakeFiles/Board_C_Infantry.elf.dir/Middlewares/Third_Party/FreeRTOS/Source/tasks.c.obj
                0x08004b2c                vTaskPlaceOnEventListRestricted
 .text.xTaskRemoveFromEventList
                0x08004b64       0x8c CMakeFiles/Board_C_Infantry.elf.dir/Middlewares/Third_Party/FreeRTOS/Source/tasks.c.obj
                0x08004b64                xTaskRemoveFromEventList
 .text.vTaskInternalSetTimeOutState
                0x08004bf0       0x18 CMakeFiles/Board_C_Infantry.elf.dir/Middlewares/Third_Party/FreeRTOS/Source/tasks.c.obj
                0x08004bf0                vTaskInternalSetTimeOutState
 .text.xTaskCheckForTimeOut
                0x08004c08       0xa0 CMakeFiles/Board_C_Infantry.elf.dir/Middlewares/Third_Party/FreeRTOS/Source/tasks.c.obj
                0x08004c08                xTaskCheckForTimeOut
 .text.vTaskMissedYield
                0x08004ca8        0xc CMakeFiles/Board_C_Infantry.elf.dir/Middlewares/Third_Party/FreeRTOS/Source/tasks.c.obj
                0x08004ca8                vTaskMissedYield
 .text.xTaskGetSchedulerState
                0x08004cb4       0x20 CMakeFiles/Board_C_Infantry.elf.dir/Middlewares/Third_Party/FreeRTOS/Source/tasks.c.obj
                0x08004cb4                xTaskGetSchedulerState
 .text.xTaskPriorityDisinherit
                0x08004cd4       0xb4 CMakeFiles/Board_C_Infantry.elf.dir/Middlewares/Third_Party/FreeRTOS/Source/tasks.c.obj
                0x08004cd4                xTaskPriorityDisinherit
 .text.prvGetNextExpireTime
                0x08004d88       0x20 CMakeFiles/Board_C_Infantry.elf.dir/Middlewares/Third_Party/FreeRTOS/Source/timers.c.obj
 .text.prvInsertTimerInActiveList
                0x08004da8       0x48 CMakeFiles/Board_C_Infantry.elf.dir/Middlewares/Third_Party/FreeRTOS/Source/timers.c.obj
 .text.prvCheckForValidListAndQueue
                0x08004df0       0x70 CMakeFiles/Board_C_Infantry.elf.dir/Middlewares/Third_Party/FreeRTOS/Source/timers.c.obj
 .text.xTimerCreateTimerTask
                0x08004e60       0x64 CMakeFiles/Board_C_Infantry.elf.dir/Middlewares/Third_Party/FreeRTOS/Source/timers.c.obj
                0x08004e60                xTimerCreateTimerTask
 .text.xTimerGenericCommand
                0x08004ec4       0x6c CMakeFiles/Board_C_Infantry.elf.dir/Middlewares/Third_Party/FreeRTOS/Source/timers.c.obj
                0x08004ec4                xTimerGenericCommand
 .text.prvSwitchTimerLists
                0x08004f30       0x7c CMakeFiles/Board_C_Infantry.elf.dir/Middlewares/Third_Party/FreeRTOS/Source/timers.c.obj
 .text.prvSampleTimeNow
                0x08004fac       0x2c CMakeFiles/Board_C_Infantry.elf.dir/Middlewares/Third_Party/FreeRTOS/Source/timers.c.obj
 .text.prvProcessExpiredTimer
                0x08004fd8       0x6c CMakeFiles/Board_C_Infantry.elf.dir/Middlewares/Third_Party/FreeRTOS/Source/timers.c.obj
 .text.prvProcessTimerOrBlockTask
                0x08005044       0x74 CMakeFiles/Board_C_Infantry.elf.dir/Middlewares/Third_Party/FreeRTOS/Source/timers.c.obj
 .text.prvProcessReceivedCommands
                0x080050b8      0x10c CMakeFiles/Board_C_Infantry.elf.dir/Middlewares/Third_Party/FreeRTOS/Source/timers.c.obj
 .text.prvTimerTask
                0x080051c4       0x16 CMakeFiles/Board_C_Infantry.elf.dir/Middlewares/Third_Party/FreeRTOS/Source/timers.c.obj
 *fill*         0x080051da        0x2 
 .text.MX_ADC1_Init
                0x080051dc       0x70 CMakeFiles/Board_C_Infantry.elf.dir/Src/adc.c.obj
                0x080051dc                MX_ADC1_Init
 .text.MX_ADC3_Init
                0x0800524c       0x70 CMakeFiles/Board_C_Infantry.elf.dir/Src/adc.c.obj
                0x0800524c                MX_ADC3_Init
 .text.HAL_ADC_MspInit
                0x080052bc       0x90 CMakeFiles/Board_C_Infantry.elf.dir/Src/adc.c.obj
                0x080052bc                HAL_ADC_MspInit
 .text.MX_CAN1_Init
                0x0800534c       0x40 CMakeFiles/Board_C_Infantry.elf.dir/Src/can.c.obj
                0x0800534c                MX_CAN1_Init
 .text.MX_CAN2_Init
                0x0800538c       0x40 CMakeFiles/Board_C_Infantry.elf.dir/Src/can.c.obj
                0x0800538c                MX_CAN2_Init
 .text.HAL_CAN_MspInit
                0x080053cc      0x120 CMakeFiles/Board_C_Infantry.elf.dir/Src/can.c.obj
                0x080053cc                HAL_CAN_MspInit
 .text.MX_CRC_Init
                0x080054ec       0x20 CMakeFiles/Board_C_Infantry.elf.dir/Src/crc.c.obj
                0x080054ec                MX_CRC_Init
 .text.HAL_CRC_MspInit
                0x0800550c       0x30 CMakeFiles/Board_C_Infantry.elf.dir/Src/crc.c.obj
                0x0800550c                HAL_CRC_MspInit
 .text.MX_DMA_Init
                0x0800553c       0xa8 CMakeFiles/Board_C_Infantry.elf.dir/Src/dma.c.obj
                0x0800553c                MX_DMA_Init
 .text.shoot_task
                0x080055e4        0xa CMakeFiles/Board_C_Infantry.elf.dir/Src/freertos.c.obj
                0x080055e4                shoot_task
 .text.gimbal_task
                0x080055ee        0xa CMakeFiles/Board_C_Infantry.elf.dir/Src/freertos.c.obj
                0x080055ee                gimbal_task
 .text.vApplicationGetIdleTaskMemory
                0x080055f8       0x18 CMakeFiles/Board_C_Infantry.elf.dir/Src/freertos.c.obj
                0x080055f8                vApplicationGetIdleTaskMemory
 .text.vApplicationGetTimerTaskMemory
                0x08005610       0x18 CMakeFiles/Board_C_Infantry.elf.dir/Src/freertos.c.obj
                0x08005610                vApplicationGetTimerTaskMemory
 .text.MX_FREERTOS_Init
                0x08005628       0xac CMakeFiles/Board_C_Infantry.elf.dir/Src/freertos.c.obj
                0x08005628                MX_FREERTOS_Init
 .text.MX_GPIO_Init
                0x080056d4      0x228 CMakeFiles/Board_C_Infantry.elf.dir/Src/gpio.c.obj
                0x080056d4                MX_GPIO_Init
 .text.MX_I2C1_Init
                0x080058fc       0x3c CMakeFiles/Board_C_Infantry.elf.dir/Src/i2c.c.obj
                0x080058fc                MX_I2C1_Init
 .text.MX_I2C2_Init
                0x08005938       0x3c CMakeFiles/Board_C_Infantry.elf.dir/Src/i2c.c.obj
                0x08005938                MX_I2C2_Init
 .text.MX_I2C3_Init
                0x08005974       0x3c CMakeFiles/Board_C_Infantry.elf.dir/Src/i2c.c.obj
                0x08005974                MX_I2C3_Init
 .text.HAL_I2C_MspInit
                0x080059b0      0x1a4 CMakeFiles/Board_C_Infantry.elf.dir/Src/i2c.c.obj
                0x080059b0                HAL_I2C_MspInit
 .text.Error_Handler
                0x08005b54        0x4 CMakeFiles/Board_C_Infantry.elf.dir/Src/main.c.obj
                0x08005b54                Error_Handler
 .text.SystemClock_Config
                0x08005b58       0xcc CMakeFiles/Board_C_Infantry.elf.dir/Src/main.c.obj
                0x08005b58                SystemClock_Config
 .text.main     0x08005c24       0x7c CMakeFiles/Board_C_Infantry.elf.dir/Src/main.c.obj
                0x08005c24                main
 .text.MX_RNG_Init
                0x08005ca0       0x20 CMakeFiles/Board_C_Infantry.elf.dir/Src/rng.c.obj
                0x08005ca0                MX_RNG_Init
 .text.HAL_RNG_MspInit
                0x08005cc0       0x30 CMakeFiles/Board_C_Infantry.elf.dir/Src/rng.c.obj
                0x08005cc0                HAL_RNG_MspInit
 .text.MX_RTC_Init
                0x08005cf0       0x34 CMakeFiles/Board_C_Infantry.elf.dir/Src/rtc.c.obj
                0x08005cf0                MX_RTC_Init
 .text.HAL_RTC_MspInit
                0x08005d24       0x1c CMakeFiles/Board_C_Infantry.elf.dir/Src/rtc.c.obj
                0x08005d24                HAL_RTC_MspInit
 .text.MX_SPI1_Init
                0x08005d40       0x48 CMakeFiles/Board_C_Infantry.elf.dir/Src/spi.c.obj
                0x08005d40                MX_SPI1_Init
 .text.MX_SPI2_Init
                0x08005d88       0x48 CMakeFiles/Board_C_Infantry.elf.dir/Src/spi.c.obj
                0x08005d88                MX_SPI2_Init
 .text.HAL_SPI_MspInit
                0x08005dd0      0x188 CMakeFiles/Board_C_Infantry.elf.dir/Src/spi.c.obj
                0x08005dd0                HAL_SPI_MspInit
 .text.HAL_MspInit
                0x08005f58       0x44 CMakeFiles/Board_C_Infantry.elf.dir/Src/stm32f4xx_hal_msp.c.obj
                0x08005f58                HAL_MspInit
 .text.NMI_Handler
                0x08005f9c        0x2 CMakeFiles/Board_C_Infantry.elf.dir/Src/stm32f4xx_it.c.obj
                0x08005f9c                NMI_Handler
 .text.HardFault_Handler
                0x08005f9e        0x2 CMakeFiles/Board_C_Infantry.elf.dir/Src/stm32f4xx_it.c.obj
                0x08005f9e                HardFault_Handler
 .text.MemManage_Handler
                0x08005fa0        0x2 CMakeFiles/Board_C_Infantry.elf.dir/Src/stm32f4xx_it.c.obj
                0x08005fa0                MemManage_Handler
 .text.BusFault_Handler
                0x08005fa2        0x2 CMakeFiles/Board_C_Infantry.elf.dir/Src/stm32f4xx_it.c.obj
                0x08005fa2                BusFault_Handler
 .text.UsageFault_Handler
                0x08005fa4        0x2 CMakeFiles/Board_C_Infantry.elf.dir/Src/stm32f4xx_it.c.obj
                0x08005fa4                UsageFault_Handler
 .text.DebugMon_Handler
                0x08005fa6        0x2 CMakeFiles/Board_C_Infantry.elf.dir/Src/stm32f4xx_it.c.obj
                0x08005fa6                DebugMon_Handler
 .text.SysTick_Handler
                0x08005fa8       0x16 CMakeFiles/Board_C_Infantry.elf.dir/Src/stm32f4xx_it.c.obj
                0x08005fa8                SysTick_Handler
 .text.EXTI0_IRQHandler
                0x08005fbe        0xa CMakeFiles/Board_C_Infantry.elf.dir/Src/stm32f4xx_it.c.obj
                0x08005fbe                EXTI0_IRQHandler
 .text.EXTI3_IRQHandler
                0x08005fc8        0xa CMakeFiles/Board_C_Infantry.elf.dir/Src/stm32f4xx_it.c.obj
                0x08005fc8                EXTI3_IRQHandler
 .text.EXTI4_IRQHandler
                0x08005fd2        0xa CMakeFiles/Board_C_Infantry.elf.dir/Src/stm32f4xx_it.c.obj
                0x08005fd2                EXTI4_IRQHandler
 .text.CAN1_RX0_IRQHandler
                0x08005fdc       0x10 CMakeFiles/Board_C_Infantry.elf.dir/Src/stm32f4xx_it.c.obj
                0x08005fdc                CAN1_RX0_IRQHandler
 .text.EXTI9_5_IRQHandler
                0x08005fec        0xa CMakeFiles/Board_C_Infantry.elf.dir/Src/stm32f4xx_it.c.obj
                0x08005fec                EXTI9_5_IRQHandler
 *fill*         0x08005ff6        0x2 
 .text.DMA2_Stream1_IRQHandler
                0x08005ff8       0x10 CMakeFiles/Board_C_Infantry.elf.dir/Src/stm32f4xx_it.c.obj
                0x08005ff8                DMA2_Stream1_IRQHandler
 .text.CAN2_RX0_IRQHandler
                0x08006008       0x10 CMakeFiles/Board_C_Infantry.elf.dir/Src/stm32f4xx_it.c.obj
                0x08006008                CAN2_RX0_IRQHandler
 .text.DMA2_Stream6_IRQHandler
                0x08006018       0x10 CMakeFiles/Board_C_Infantry.elf.dir/Src/stm32f4xx_it.c.obj
                0x08006018                DMA2_Stream6_IRQHandler
 .text.DMA2_Stream7_IRQHandler
                0x08006028       0x10 CMakeFiles/Board_C_Infantry.elf.dir/Src/stm32f4xx_it.c.obj
                0x08006028                DMA2_Stream7_IRQHandler
 .text.SystemInit
                0x08006038       0x1c CMakeFiles/Board_C_Infantry.elf.dir/Src/system_stm32f4xx.c.obj
                0x08006038                SystemInit
 .text.HAL_TIM_Base_MspInit
                0x08006054       0xe4 CMakeFiles/Board_C_Infantry.elf.dir/Src/tim.c.obj
                0x08006054                HAL_TIM_Base_MspInit
 .text.HAL_TIM_MspPostInit
                0x08006138      0x1d0 CMakeFiles/Board_C_Infantry.elf.dir/Src/tim.c.obj
                0x08006138                HAL_TIM_MspPostInit
 .text.MX_TIM1_Init
                0x08006308      0x124 CMakeFiles/Board_C_Infantry.elf.dir/Src/tim.c.obj
                0x08006308                MX_TIM1_Init
 .text.MX_TIM3_Init
                0x0800642c       0xac CMakeFiles/Board_C_Infantry.elf.dir/Src/tim.c.obj
                0x0800642c                MX_TIM3_Init
 .text.MX_TIM4_Init
                0x080064d8       0xb0 CMakeFiles/Board_C_Infantry.elf.dir/Src/tim.c.obj
                0x080064d8                MX_TIM4_Init
 .text.MX_TIM5_Init
                0x08006588       0xac CMakeFiles/Board_C_Infantry.elf.dir/Src/tim.c.obj
                0x08006588                MX_TIM5_Init
 .text.MX_TIM8_Init
                0x08006634      0x100 CMakeFiles/Board_C_Infantry.elf.dir/Src/tim.c.obj
                0x08006634                MX_TIM8_Init
 .text.MX_TIM10_Init
                0x08006734       0x74 CMakeFiles/Board_C_Infantry.elf.dir/Src/tim.c.obj
                0x08006734                MX_TIM10_Init
 .text.MX_USART1_UART_Init
                0x080067a8       0x34 CMakeFiles/Board_C_Infantry.elf.dir/Src/usart.c.obj
                0x080067a8                MX_USART1_UART_Init
 .text.MX_USART3_UART_Init
                0x080067dc       0x3c CMakeFiles/Board_C_Infantry.elf.dir/Src/usart.c.obj
                0x080067dc                MX_USART3_UART_Init
 .text.MX_USART6_UART_Init
                0x08006818       0x34 CMakeFiles/Board_C_Infantry.elf.dir/Src/usart.c.obj
                0x08006818                MX_USART6_UART_Init
 .text.HAL_UART_MspInit
                0x0800684c      0x274 CMakeFiles/Board_C_Infantry.elf.dir/Src/usart.c.obj
                0x0800684c                HAL_UART_MspInit
 .text.MX_USB_OTG_FS_PCD_Init
                0x08006ac0       0x34 CMakeFiles/Board_C_Infantry.elf.dir/Src/usb_otg.c.obj
                0x08006ac0                MX_USB_OTG_FS_PCD_Init
 .text.HAL_PCD_MspInit
                0x08006af4       0x74 CMakeFiles/Board_C_Infantry.elf.dir/Src/usb_otg.c.obj
                0x08006af4                HAL_PCD_MspInit
 .text.Reset_Handler
                0x08006b68       0x50 CMakeFiles/Board_C_Infantry.elf.dir/startup/startup_stm32f407xx.s.obj
                0x08006b68                Reset_Handler
 .text.Default_Handler
                0x08006bb8        0x2 CMakeFiles/Board_C_Infantry.elf.dir/startup/startup_stm32f407xx.s.obj
                0x08006bb8                RTC_Alarm_IRQHandler
                0x08006bb8                HASH_RNG_IRQHandler
                0x08006bb8                EXTI2_IRQHandler
                0x08006bb8                TIM8_CC_IRQHandler
                0x08006bb8                TIM1_CC_IRQHandler
                0x08006bb8                DMA2_Stream5_IRQHandler
                0x08006bb8                DMA1_Stream5_IRQHandler
                0x08006bb8                PVD_IRQHandler
                0x08006bb8                SDIO_IRQHandler
                0x08006bb8                TAMP_STAMP_IRQHandler
                0x08006bb8                CAN2_RX1_IRQHandler
                0x08006bb8                TIM8_TRG_COM_TIM14_IRQHandler
                0x08006bb8                TIM1_UP_TIM10_IRQHandler
                0x08006bb8                TIM8_UP_TIM13_IRQHandler
                0x08006bb8                I2C3_ER_IRQHandler
                0x08006bb8                I2C2_EV_IRQHandler
                0x08006bb8                DMA1_Stream2_IRQHandler
                0x08006bb8                FPU_IRQHandler
                0x08006bb8                OTG_HS_WKUP_IRQHandler
                0x08006bb8                CAN2_SCE_IRQHandler
                0x08006bb8                DMA2_Stream2_IRQHandler
                0x08006bb8                SPI1_IRQHandler
                0x08006bb8                TIM6_DAC_IRQHandler
                0x08006bb8                TIM1_BRK_TIM9_IRQHandler
                0x08006bb8                DCMI_IRQHandler
                0x08006bb8                DMA2_Stream3_IRQHandler
                0x08006bb8                USART6_IRQHandler
                0x08006bb8                CAN1_RX1_IRQHandler
                0x08006bb8                UART5_IRQHandler
                0x08006bb8                DMA2_Stream0_IRQHandler
                0x08006bb8                TIM4_IRQHandler
                0x08006bb8                I2C1_EV_IRQHandler
                0x08006bb8                DMA1_Stream6_IRQHandler
                0x08006bb8                DMA1_Stream1_IRQHandler
                0x08006bb8                UART4_IRQHandler
                0x08006bb8                TIM3_IRQHandler
                0x08006bb8                RCC_IRQHandler
                0x08006bb8                TIM8_BRK_TIM12_IRQHandler
                0x08006bb8                Default_Handler
                0x08006bb8                EXTI15_10_IRQHandler
                0x08006bb8                ADC_IRQHandler
                0x08006bb8                DMA1_Stream7_IRQHandler
                0x08006bb8                TIM7_IRQHandler
                0x08006bb8                CAN2_TX_IRQHandler
                0x08006bb8                TIM5_IRQHandler
                0x08006bb8                I2C3_EV_IRQHandler
                0x08006bb8                RTC_WKUP_IRQHandler
                0x08006bb8                ETH_WKUP_IRQHandler
                0x08006bb8                SPI2_IRQHandler
                0x08006bb8                OTG_HS_EP1_IN_IRQHandler
                0x08006bb8                DMA1_Stream0_IRQHandler
                0x08006bb8                CAN1_TX_IRQHandler
                0x08006bb8                FSMC_IRQHandler
                0x08006bb8                ETH_IRQHandler
                0x08006bb8                OTG_HS_EP1_OUT_IRQHandler
                0x08006bb8                WWDG_IRQHandler
                0x08006bb8                TIM2_IRQHandler
                0x08006bb8                OTG_FS_WKUP_IRQHandler
                0x08006bb8                TIM1_TRG_COM_TIM11_IRQHandler
                0x08006bb8                OTG_HS_IRQHandler
                0x08006bb8                EXTI1_IRQHandler
                0x08006bb8                USART2_IRQHandler
                0x08006bb8                I2C2_ER_IRQHandler
                0x08006bb8                CAN1_SCE_IRQHandler
                0x08006bb8                FLASH_IRQHandler
                0x08006bb8                DMA2_Stream4_IRQHandler
                0x08006bb8                USART1_IRQHandler
                0x08006bb8                OTG_FS_IRQHandler
                0x08006bb8                SPI3_IRQHandler
                0x08006bb8                DMA1_Stream4_IRQHandler
                0x08006bb8                I2C1_ER_IRQHandler
                0x08006bb8                DMA1_Stream3_IRQHandler
 *fill*         0x08006bba        0x2 
 .text.__libc_init_array
                0x08006bbc       0x48 d:/gcc-arm-none-eabi-10.3-2021.10/bin/../lib/gcc/arm-none-eabi/10.3.1/../../../../arm-none-eabi/lib/thumb/v7e-m+fp/hard\libg.a(lib_a-init.o)
                0x08006bbc                __libc_init_array
 .text.memset   0x08006c04       0xa4 d:/gcc-arm-none-eabi-10.3-2021.10/bin/../lib/gcc/arm-none-eabi/10.3.1/../../../../arm-none-eabi/lib/thumb/v7e-m+fp/hard\libg.a(lib_a-memset.o)
                0x08006c04                memset
 .text.startup.register_fini
                0x08006ca8       0x14 d:/gcc-arm-none-eabi-10.3-2021.10/bin/../lib/gcc/arm-none-eabi/10.3.1/../../../../arm-none-eabi/lib/thumb/v7e-m+fp/hard\libg.a(lib_a-__call_atexit.o)
 .text.atexit   0x08006cbc        0xc d:/gcc-arm-none-eabi-10.3-2021.10/bin/../lib/gcc/arm-none-eabi/10.3.1/../../../../arm-none-eabi/lib/thumb/v7e-m+fp/hard\libg.a(lib_a-atexit.o)
                0x08006cbc                atexit
 .text.__libc_fini_array
                0x08006cc8       0x2c d:/gcc-arm-none-eabi-10.3-2021.10/bin/../lib/gcc/arm-none-eabi/10.3.1/../../../../arm-none-eabi/lib/thumb/v7e-m+fp/hard\libg.a(lib_a-fini.o)
                0x08006cc8                __libc_fini_array
 .text.__retarget_lock_acquire_recursive
                0x08006cf4        0x4 d:/gcc-arm-none-eabi-10.3-2021.10/bin/../lib/gcc/arm-none-eabi/10.3.1/../../../../arm-none-eabi/lib/thumb/v7e-m+fp/hard\libg.a(lib_a-lock.o)
                0x08006cf4                __retarget_lock_acquire_recursive
 .text.__retarget_lock_release_recursive
                0x08006cf8        0x4 d:/gcc-arm-none-eabi-10.3-2021.10/bin/../lib/gcc/arm-none-eabi/10.3.1/../../../../arm-none-eabi/lib/thumb/v7e-m+fp/hard\libg.a(lib_a-lock.o)
                0x08006cf8                __retarget_lock_release_recursive
 .text.__register_exitproc
                0x08006cfc       0x8c d:/gcc-arm-none-eabi-10.3-2021.10/bin/../lib/gcc/arm-none-eabi/10.3.1/../../../../arm-none-eabi/lib/thumb/v7e-m+fp/hard\libg.a(lib_a-__atexit.o)
                0x08006cfc                __register_exitproc
 *(.glue_7)
 .glue_7        0x08006d88        0x0 linker stubs
 *(.glue_7t)
 .glue_7t       0x08006d88        0x0 linker stubs
 *(.eh_frame)
 .eh_frame      0x08006d88        0x0 d:/gcc-arm-none-eabi-10.3-2021.10/bin/../lib/gcc/arm-none-eabi/10.3.1/thumb/v7e-m+fp/hard/crtbegin.o
 *(.init)
 .init          0x08006d88        0x4 d:/gcc-arm-none-eabi-10.3-2021.10/bin/../lib/gcc/arm-none-eabi/10.3.1/thumb/v7e-m+fp/hard/crti.o
                0x08006d88                _init
 .init          0x08006d8c        0x8 d:/gcc-arm-none-eabi-10.3-2021.10/bin/../lib/gcc/arm-none-eabi/10.3.1/thumb/v7e-m+fp/hard/crtn.o
 *(.fini)
 .fini          0x08006d94        0x4 d:/gcc-arm-none-eabi-10.3-2021.10/bin/../lib/gcc/arm-none-eabi/10.3.1/thumb/v7e-m+fp/hard/crti.o
                0x08006d94                _fini
 .fini          0x08006d98        0x8 d:/gcc-arm-none-eabi-10.3-2021.10/bin/../lib/gcc/arm-none-eabi/10.3.1/thumb/v7e-m+fp/hard/crtn.o
                0x08006da0                . = ALIGN (0x4)
                0x08006da0                _etext = .

.vfp11_veneer   0x08006da0        0x0
 .vfp11_veneer  0x08006da0        0x0 linker stubs

.v4_bx          0x08006da0        0x0
 .v4_bx         0x08006da0        0x0 linker stubs

.iplt           0x08006da0        0x0
 .iplt          0x08006da0        0x0 d:/gcc-arm-none-eabi-10.3-2021.10/bin/../lib/gcc/arm-none-eabi/10.3.1/thumb/v7e-m+fp/hard/crtbegin.o

.rodata         0x08006da0       0xe0
                0x08006da0                . = ALIGN (0x4)
 *(.rodata)
 .rodata        0x08006da0       0x70 CMakeFiles/Board_C_Infantry.elf.dir/Src/freertos.c.obj
 *(.rodata*)
 .rodata.flagBitshiftOffset.0
                0x08006e10        0x8 CMakeFiles/Board_C_Infantry.elf.dir/Drivers/STM32F4xx_HAL_Driver/Src/stm32f4xx_hal_dma.c.obj
 .rodata.vTaskStartScheduler.str1.4
                0x08006e18        0x5 CMakeFiles/Board_C_Infantry.elf.dir/Middlewares/Third_Party/FreeRTOS/Source/tasks.c.obj
 *fill*         0x08006e1d        0x3 
 .rodata.prvCheckForValidListAndQueue.str1.4
                0x08006e20        0x5 CMakeFiles/Board_C_Infantry.elf.dir/Middlewares/Third_Party/FreeRTOS/Source/timers.c.obj
 *fill*         0x08006e25        0x3 
 .rodata.xTimerCreateTimerTask.str1.4
                0x08006e28        0x8 CMakeFiles/Board_C_Infantry.elf.dir/Middlewares/Third_Party/FreeRTOS/Source/timers.c.obj
 .rodata.str1.4
                0x08006e30       0x34 CMakeFiles/Board_C_Infantry.elf.dir/Src/freertos.c.obj
 .rodata.AHBPrescTable
                0x08006e64       0x10 CMakeFiles/Board_C_Infantry.elf.dir/Src/system_stm32f4xx.c.obj
                0x08006e64                AHBPrescTable
 .rodata.APBPrescTable
                0x08006e74        0x8 CMakeFiles/Board_C_Infantry.elf.dir/Src/system_stm32f4xx.c.obj
                0x08006e74                APBPrescTable
 .rodata._global_impure_ptr
                0x08006e7c        0x4 d:/gcc-arm-none-eabi-10.3-2021.10/bin/../lib/gcc/arm-none-eabi/10.3.1/../../../../arm-none-eabi/lib/thumb/v7e-m+fp/hard\libg.a(lib_a-impure.o)
                0x08006e7c                _global_impure_ptr
                0x08006e80                . = ALIGN (0x4)

.ARM.extab
 *(.ARM.extab* .gnu.linkonce.armextab.*)

.ARM            0x08006e80        0x8
                0x08006e80                __exidx_start = .
 *(.ARM.exidx*)
 .ARM.exidx     0x08006e80        0x8 d:/gcc-arm-none-eabi-10.3-2021.10/bin/../lib/gcc/arm-none-eabi/10.3.1/thumb/v7e-m+fp/hard\libgcc.a(_udivmoddi4.o)
                0x08006e88                __exidx_end = .

.rel.dyn        0x08006e88        0x0
 .rel.iplt      0x08006e88        0x0 d:/gcc-arm-none-eabi-10.3-2021.10/bin/../lib/gcc/arm-none-eabi/10.3.1/thumb/v7e-m+fp/hard/crtbegin.o

.preinit_array  0x08006e88        0x0
                0x08006e88                PROVIDE (__preinit_array_start = .)
 *(.preinit_array*)
                0x08006e88                PROVIDE (__preinit_array_end = .)

.init_array     0x08006e88        0x8
                0x08006e88                PROVIDE (__init_array_start = .)
 *(SORT_BY_NAME(.init_array.*))
 .init_array.00000
                0x08006e88        0x4 d:/gcc-arm-none-eabi-10.3-2021.10/bin/../lib/gcc/arm-none-eabi/10.3.1/../../../../arm-none-eabi/lib/thumb/v7e-m+fp/hard\libg.a(lib_a-__call_atexit.o)
 *(.init_array*)
 .init_array    0x08006e8c        0x4 d:/gcc-arm-none-eabi-10.3-2021.10/bin/../lib/gcc/arm-none-eabi/10.3.1/thumb/v7e-m+fp/hard/crtbegin.o
                0x08006e90                PROVIDE (__init_array_end = .)

.fini_array     0x08006e90        0x4
                0x08006e90                PROVIDE (__fini_array_start = .)
 *(SORT_BY_NAME(.fini_array.*))
 *(.fini_array*)
 .fini_array    0x08006e90        0x4 d:/gcc-arm-none-eabi-10.3-2021.10/bin/../lib/gcc/arm-none-eabi/10.3.1/thumb/v7e-m+fp/hard/crtbegin.o
                0x08006e94                PROVIDE (__fini_array_end = .)
                0x08006e94                _sidata = LOADADDR (.data)

.data           0x20000000      0x43c load address 0x08006e94
                0x20000000                . = ALIGN (0x4)
                0x20000000                _sdata = .
 *(.data)
 *(.data*)
 .data.uwTickFreq
                0x20000000        0x1 CMakeFiles/Board_C_Infantry.elf.dir/Drivers/STM32F4xx_HAL_Driver/Src/stm32f4xx_hal.c.obj
                0x20000000                uwTickFreq
 *fill*         0x20000001        0x3 
 .data.uwTickPrio
                0x20000004        0x4 CMakeFiles/Board_C_Infantry.elf.dir/Drivers/STM32F4xx_HAL_Driver/Src/stm32f4xx_hal.c.obj
                0x20000004                uwTickPrio
 .data.uxCriticalNesting
                0x20000008        0x4 CMakeFiles/Board_C_Infantry.elf.dir/Middlewares/Third_Party/FreeRTOS/Source/portable/GCC/ARM_CM4F/port.c.obj
 .data.SystemCoreClock
                0x2000000c        0x4 CMakeFiles/Board_C_Infantry.elf.dir/Src/system_stm32f4xx.c.obj
                0x2000000c                SystemCoreClock
 .data.impure_data
                0x20000010      0x428 d:/gcc-arm-none-eabi-10.3-2021.10/bin/../lib/gcc/arm-none-eabi/10.3.1/../../../../arm-none-eabi/lib/thumb/v7e-m+fp/hard\libg.a(lib_a-impure.o)
 .data.__atexit_recursive_mutex
                0x20000438        0x4 d:/gcc-arm-none-eabi-10.3-2021.10/bin/../lib/gcc/arm-none-eabi/10.3.1/../../../../arm-none-eabi/lib/thumb/v7e-m+fp/hard\libg.a(lib_a-__call_atexit.o)
                0x20000438                __atexit_recursive_mutex
                0x2000043c                . = ALIGN (0x4)
                0x2000043c                _edata = .
                0x080072d0                _siccmram = LOADADDR (.ccmram)

.igot.plt       0x2000043c        0x0 load address 0x080072d0
 .igot.plt      0x2000043c        0x0 d:/gcc-arm-none-eabi-10.3-2021.10/bin/../lib/gcc/arm-none-eabi/10.3.1/thumb/v7e-m+fp/hard/crtbegin.o

.ccmram         0x10000000        0x0 load address 0x080072d0
                0x10000000                . = ALIGN (0x4)
                0x10000000                _sccmram = .
 *(.ccmram)
 *(.ccmram*)
                0x10000000                . = ALIGN (0x4)
                0x10000000                _eccmram = .
                0x10000000                . = ALIGN (0x4)

.bss            0x2000043c     0x7624
                0x2000043c                _sbss = .
                0x2000043c                __bss_start__ = _sbss
 *(.bss)
 .bss           0x2000043c       0x1c d:/gcc-arm-none-eabi-10.3-2021.10/bin/../lib/gcc/arm-none-eabi/10.3.1/thumb/v7e-m+fp/hard/crtbegin.o
 *(.bss*)
 .bss.glb_err   0x20000458       0x68 CMakeFiles/Board_C_Infantry.elf.dir/APP/Detect.c.obj
                0x20000458                glb_err
 .bss.CAN_Send_Data.0
                0x200004c0        0x8 CMakeFiles/Board_C_Infantry.elf.dir/BSP/Src/bsp_uart.c.obj
 .bss.TX_MSG.1  0x200004c8       0x18 CMakeFiles/Board_C_Infantry.elf.dir/BSP/Src/bsp_uart.c.obj
 .bss.rc        0x200004e0       0x14 CMakeFiles/Board_C_Infantry.elf.dir/BSP/Src/bsp_uart.c.obj
                0x200004e0                rc
 .bss.sbus_rx_buf
                0x200004f4       0x48 CMakeFiles/Board_C_Infantry.elf.dir/BSP/Src/bsp_uart.c.obj
 .bss.this_time_rx_len.2
                0x2000053c        0x2 CMakeFiles/Board_C_Infantry.elf.dir/BSP/Src/bsp_uart.c.obj
 *fill*         0x2000053e        0x2 
 .bss.uwTick    0x20000540        0x4 CMakeFiles/Board_C_Infantry.elf.dir/Drivers/STM32F4xx_HAL_Driver/Src/stm32f4xx_hal.c.obj
                0x20000540                uwTick
 .bss.ucMaxSysCallPriority
                0x20000544        0x1 CMakeFiles/Board_C_Infantry.elf.dir/Middlewares/Third_Party/FreeRTOS/Source/portable/GCC/ARM_CM4F/port.c.obj
 *fill*         0x20000545        0x3 
 .bss.ulMaxPRIGROUPValue
                0x20000548        0x4 CMakeFiles/Board_C_Infantry.elf.dir/Middlewares/Third_Party/FreeRTOS/Source/portable/GCC/ARM_CM4F/port.c.obj
 .bss.pxEnd     0x2000054c        0x4 CMakeFiles/Board_C_Infantry.elf.dir/Middlewares/Third_Party/FreeRTOS/Source/portable/MemMang/heap_4.c.obj
 .bss.ucHeap    0x20000550     0x6000 CMakeFiles/Board_C_Infantry.elf.dir/Middlewares/Third_Party/FreeRTOS/Source/portable/MemMang/heap_4.c.obj
 .bss.xBlockAllocatedBit
                0x20006550        0x4 CMakeFiles/Board_C_Infantry.elf.dir/Middlewares/Third_Party/FreeRTOS/Source/portable/MemMang/heap_4.c.obj
 .bss.xFreeBytesRemaining
                0x20006554        0x4 CMakeFiles/Board_C_Infantry.elf.dir/Middlewares/Third_Party/FreeRTOS/Source/portable/MemMang/heap_4.c.obj
 .bss.xMinimumEverFreeBytesRemaining
                0x20006558        0x4 CMakeFiles/Board_C_Infantry.elf.dir/Middlewares/Third_Party/FreeRTOS/Source/portable/MemMang/heap_4.c.obj
 .bss.xStart    0x2000655c        0x8 CMakeFiles/Board_C_Infantry.elf.dir/Middlewares/Third_Party/FreeRTOS/Source/portable/MemMang/heap_4.c.obj
 .bss.xQueueRegistry
                0x20006564       0x40 CMakeFiles/Board_C_Infantry.elf.dir/Middlewares/Third_Party/FreeRTOS/Source/queue.c.obj
                0x20006564                xQueueRegistry
 .bss.pxCurrentTCB
                0x200065a4        0x4 CMakeFiles/Board_C_Infantry.elf.dir/Middlewares/Third_Party/FreeRTOS/Source/tasks.c.obj
                0x200065a4                pxCurrentTCB
 .bss.pxDelayedTaskList
                0x200065a8        0x4 CMakeFiles/Board_C_Infantry.elf.dir/Middlewares/Third_Party/FreeRTOS/Source/tasks.c.obj
 .bss.pxOverflowDelayedTaskList
                0x200065ac        0x4 CMakeFiles/Board_C_Infantry.elf.dir/Middlewares/Third_Party/FreeRTOS/Source/tasks.c.obj
 .bss.pxReadyTasksLists
                0x200065b0       0x8c CMakeFiles/Board_C_Infantry.elf.dir/Middlewares/Third_Party/FreeRTOS/Source/tasks.c.obj
 .bss.uxCurrentNumberOfTasks
                0x2000663c        0x4 CMakeFiles/Board_C_Infantry.elf.dir/Middlewares/Third_Party/FreeRTOS/Source/tasks.c.obj
 .bss.uxDeletedTasksWaitingCleanUp
                0x20006640        0x4 CMakeFiles/Board_C_Infantry.elf.dir/Middlewares/Third_Party/FreeRTOS/Source/tasks.c.obj
 .bss.uxPendedTicks
                0x20006644        0x4 CMakeFiles/Board_C_Infantry.elf.dir/Middlewares/Third_Party/FreeRTOS/Source/tasks.c.obj
 .bss.uxSchedulerSuspended
                0x20006648        0x4 CMakeFiles/Board_C_Infantry.elf.dir/Middlewares/Third_Party/FreeRTOS/Source/tasks.c.obj
 .bss.uxTaskNumber
                0x2000664c        0x4 CMakeFiles/Board_C_Infantry.elf.dir/Middlewares/Third_Party/FreeRTOS/Source/tasks.c.obj
 .bss.uxTopReadyPriority
                0x20006650        0x4 CMakeFiles/Board_C_Infantry.elf.dir/Middlewares/Third_Party/FreeRTOS/Source/tasks.c.obj
 .bss.xDelayedTaskList1
                0x20006654       0x14 CMakeFiles/Board_C_Infantry.elf.dir/Middlewares/Third_Party/FreeRTOS/Source/tasks.c.obj
 .bss.xDelayedTaskList2
                0x20006668       0x14 CMakeFiles/Board_C_Infantry.elf.dir/Middlewares/Third_Party/FreeRTOS/Source/tasks.c.obj
 .bss.xIdleTaskHandle
                0x2000667c        0x4 CMakeFiles/Board_C_Infantry.elf.dir/Middlewares/Third_Party/FreeRTOS/Source/tasks.c.obj
 .bss.xNextTaskUnblockTime
                0x20006680        0x4 CMakeFiles/Board_C_Infantry.elf.dir/Middlewares/Third_Party/FreeRTOS/Source/tasks.c.obj
 .bss.xNumOfOverflows
                0x20006684        0x4 CMakeFiles/Board_C_Infantry.elf.dir/Middlewares/Third_Party/FreeRTOS/Source/tasks.c.obj
 .bss.xPendingReadyList
                0x20006688       0x14 CMakeFiles/Board_C_Infantry.elf.dir/Middlewares/Third_Party/FreeRTOS/Source/tasks.c.obj
 .bss.xSchedulerRunning
                0x2000669c        0x4 CMakeFiles/Board_C_Infantry.elf.dir/Middlewares/Third_Party/FreeRTOS/Source/tasks.c.obj
 .bss.xSuspendedTaskList
                0x200066a0       0x14 CMakeFiles/Board_C_Infantry.elf.dir/Middlewares/Third_Party/FreeRTOS/Source/tasks.c.obj
 .bss.xTasksWaitingTermination
                0x200066b4       0x14 CMakeFiles/Board_C_Infantry.elf.dir/Middlewares/Third_Party/FreeRTOS/Source/tasks.c.obj
 .bss.xTickCount
                0x200066c8        0x4 CMakeFiles/Board_C_Infantry.elf.dir/Middlewares/Third_Party/FreeRTOS/Source/tasks.c.obj
 .bss.xYieldPending
                0x200066cc        0x4 CMakeFiles/Board_C_Infantry.elf.dir/Middlewares/Third_Party/FreeRTOS/Source/tasks.c.obj
 .bss.pxCurrentTimerList
                0x200066d0        0x4 CMakeFiles/Board_C_Infantry.elf.dir/Middlewares/Third_Party/FreeRTOS/Source/timers.c.obj
 .bss.pxOverflowTimerList
                0x200066d4        0x4 CMakeFiles/Board_C_Infantry.elf.dir/Middlewares/Third_Party/FreeRTOS/Source/timers.c.obj
 .bss.ucStaticTimerQueueStorage.1
                0x200066d8       0xa0 CMakeFiles/Board_C_Infantry.elf.dir/Middlewares/Third_Party/FreeRTOS/Source/timers.c.obj
 .bss.xActiveTimerList1
                0x20006778       0x14 CMakeFiles/Board_C_Infantry.elf.dir/Middlewares/Third_Party/FreeRTOS/Source/timers.c.obj
 .bss.xActiveTimerList2
                0x2000678c       0x14 CMakeFiles/Board_C_Infantry.elf.dir/Middlewares/Third_Party/FreeRTOS/Source/timers.c.obj
 .bss.xLastTime.2
                0x200067a0        0x4 CMakeFiles/Board_C_Infantry.elf.dir/Middlewares/Third_Party/FreeRTOS/Source/timers.c.obj
 .bss.xStaticTimerQueue.0
                0x200067a4       0x48 CMakeFiles/Board_C_Infantry.elf.dir/Middlewares/Third_Party/FreeRTOS/Source/timers.c.obj
 .bss.xTimerQueue
                0x200067ec        0x4 CMakeFiles/Board_C_Infantry.elf.dir/Middlewares/Third_Party/FreeRTOS/Source/timers.c.obj
 .bss.xTimerTaskHandle
                0x200067f0        0x4 CMakeFiles/Board_C_Infantry.elf.dir/Middlewares/Third_Party/FreeRTOS/Source/timers.c.obj
 .bss.hadc1     0x200067f4       0x48 CMakeFiles/Board_C_Infantry.elf.dir/Src/adc.c.obj
                0x200067f4                hadc1
 .bss.hadc3     0x2000683c       0x48 CMakeFiles/Board_C_Infantry.elf.dir/Src/adc.c.obj
                0x2000683c                hadc3
 .bss.HAL_RCC_CAN1_CLK_ENABLED
                0x20006884        0x4 CMakeFiles/Board_C_Infantry.elf.dir/Src/can.c.obj
 .bss.hcan1     0x20006888       0x28 CMakeFiles/Board_C_Infantry.elf.dir/Src/can.c.obj
                0x20006888                hcan1
 .bss.hcan2     0x200068b0       0x28 CMakeFiles/Board_C_Infantry.elf.dir/Src/can.c.obj
                0x200068b0                hcan2
 .bss.hcrc      0x200068d8        0x8 CMakeFiles/Board_C_Infantry.elf.dir/Src/crc.c.obj
                0x200068d8                hcrc
 .bss.DETECT_TASKHandle
                0x200068e0        0x4 CMakeFiles/Board_C_Infantry.elf.dir/Src/freertos.c.obj
                0x200068e0                DETECT_TASKHandle
 .bss.GIMBAL_TASKHandle
                0x200068e4        0x4 CMakeFiles/Board_C_Infantry.elf.dir/Src/freertos.c.obj
                0x200068e4                GIMBAL_TASKHandle
 .bss.SHOOT_TASKHandle
                0x200068e8        0x4 CMakeFiles/Board_C_Infantry.elf.dir/Src/freertos.c.obj
                0x200068e8                SHOOT_TASKHandle
 .bss.TRANSMISSTIN_TAHandle
                0x200068ec        0x4 CMakeFiles/Board_C_Infantry.elf.dir/Src/freertos.c.obj
                0x200068ec                TRANSMISSTIN_TAHandle
 .bss.xIdleStack
                0x200068f0      0x200 CMakeFiles/Board_C_Infantry.elf.dir/Src/freertos.c.obj
 .bss.xIdleTaskTCBBuffer
                0x20006af0       0x54 CMakeFiles/Board_C_Infantry.elf.dir/Src/freertos.c.obj
 .bss.xTimerStack
                0x20006b44      0x400 CMakeFiles/Board_C_Infantry.elf.dir/Src/freertos.c.obj
 .bss.xTimerTaskTCBBuffer
                0x20006f44       0x54 CMakeFiles/Board_C_Infantry.elf.dir/Src/freertos.c.obj
 .bss.hdma_i2c2_tx
                0x20006f98       0x60 CMakeFiles/Board_C_Infantry.elf.dir/Src/i2c.c.obj
                0x20006f98                hdma_i2c2_tx
 .bss.hi2c1     0x20006ff8       0x54 CMakeFiles/Board_C_Infantry.elf.dir/Src/i2c.c.obj
                0x20006ff8                hi2c1
 .bss.hi2c2     0x2000704c       0x54 CMakeFiles/Board_C_Infantry.elf.dir/Src/i2c.c.obj
                0x2000704c                hi2c2
 .bss.hi2c3     0x200070a0       0x54 CMakeFiles/Board_C_Infantry.elf.dir/Src/i2c.c.obj
                0x200070a0                hi2c3
 .bss.hrng      0x200070f4       0x10 CMakeFiles/Board_C_Infantry.elf.dir/Src/rng.c.obj
                0x200070f4                hrng
 .bss.hrtc      0x20007104       0x20 CMakeFiles/Board_C_Infantry.elf.dir/Src/rtc.c.obj
                0x20007104                hrtc
 .bss.hdma_spi1_rx
                0x20007124       0x60 CMakeFiles/Board_C_Infantry.elf.dir/Src/spi.c.obj
                0x20007124                hdma_spi1_rx
 .bss.hdma_spi1_tx
                0x20007184       0x60 CMakeFiles/Board_C_Infantry.elf.dir/Src/spi.c.obj
                0x20007184                hdma_spi1_tx
 .bss.hspi1     0x200071e4       0x58 CMakeFiles/Board_C_Infantry.elf.dir/Src/spi.c.obj
                0x200071e4                hspi1
 .bss.hspi2     0x2000723c       0x58 CMakeFiles/Board_C_Infantry.elf.dir/Src/spi.c.obj
                0x2000723c                hspi2
 .bss.htim1     0x20007294       0x40 CMakeFiles/Board_C_Infantry.elf.dir/Src/tim.c.obj
                0x20007294                htim1
 .bss.htim10    0x200072d4       0x40 CMakeFiles/Board_C_Infantry.elf.dir/Src/tim.c.obj
                0x200072d4                htim10
 .bss.htim3     0x20007314       0x40 CMakeFiles/Board_C_Infantry.elf.dir/Src/tim.c.obj
                0x20007314                htim3
 .bss.htim4     0x20007354       0x40 CMakeFiles/Board_C_Infantry.elf.dir/Src/tim.c.obj
                0x20007354                htim4
 .bss.htim5     0x20007394       0x40 CMakeFiles/Board_C_Infantry.elf.dir/Src/tim.c.obj
                0x20007394                htim5
 .bss.htim8     0x200073d4       0x40 CMakeFiles/Board_C_Infantry.elf.dir/Src/tim.c.obj
                0x200073d4                htim8
 .bss.hdma_usart1_tx
                0x20007414       0x60 CMakeFiles/Board_C_Infantry.elf.dir/Src/usart.c.obj
                0x20007414                hdma_usart1_tx
 .bss.hdma_usart3_rx
                0x20007474       0x60 CMakeFiles/Board_C_Infantry.elf.dir/Src/usart.c.obj
                0x20007474                hdma_usart3_rx
 .bss.hdma_usart6_rx
                0x200074d4       0x60 CMakeFiles/Board_C_Infantry.elf.dir/Src/usart.c.obj
                0x200074d4                hdma_usart6_rx
 .bss.hdma_usart6_tx
                0x20007534       0x60 CMakeFiles/Board_C_Infantry.elf.dir/Src/usart.c.obj
                0x20007534                hdma_usart6_tx
 .bss.huart1    0x20007594       0x40 CMakeFiles/Board_C_Infantry.elf.dir/Src/usart.c.obj
                0x20007594                huart1
 .bss.huart3    0x200075d4       0x40 CMakeFiles/Board_C_Infantry.elf.dir/Src/usart.c.obj
                0x200075d4                huart3
 .bss.huart6    0x20007614       0x40 CMakeFiles/Board_C_Infantry.elf.dir/Src/usart.c.obj
                0x20007614                huart6
 .bss.hpcd_USB_OTG_FS
                0x20007654      0x408 CMakeFiles/Board_C_Infantry.elf.dir/Src/usb_otg.c.obj
                0x20007654                hpcd_USB_OTG_FS
 .bss.__lock___atexit_recursive_mutex
                0x20007a5c        0x1 d:/gcc-arm-none-eabi-10.3-2021.10/bin/../lib/gcc/arm-none-eabi/10.3.1/../../../../arm-none-eabi/lib/thumb/v7e-m+fp/hard\libg.a(lib_a-lock.o)
                0x20007a5c                __lock___atexit_recursive_mutex
 *(COMMON)
                0x20007a60                . = ALIGN (0x4)
 *fill*         0x20007a5d        0x3 
                0x20007a60                _ebss = .
                0x20007a60                __bss_end__ = _ebss

._user_heap_stack
                0x20007a60     0x4000
                0x20007a60                . = ALIGN (0x8)
                0x20007a60                PROVIDE (end = .)
                [!provide]                PROVIDE (_end = .)
                0x20009a60                . = (. + _Min_Heap_Size)
 *fill*         0x20007a60     0x2000 
                0x2000ba60                . = (. + _Min_Stack_Size)
 *fill*         0x20009a60     0x2000 
                0x2000ba60                . = ALIGN (0x8)

/DISCARD/
 libc.a(*)
 libm.a(*)
 libgcc.a(*)

.ARM.attributes
                0x00000000       0x30
 *(.ARM.attributes)
 .ARM.attributes
                0x00000000       0x1e d:/gcc-arm-none-eabi-10.3-2021.10/bin/../lib/gcc/arm-none-eabi/10.3.1/thumb/v7e-m+fp/hard/crti.o
 .ARM.attributes
                0x0000001e       0x34 d:/gcc-arm-none-eabi-10.3-2021.10/bin/../lib/gcc/arm-none-eabi/10.3.1/thumb/v7e-m+fp/hard/crtbegin.o
 .ARM.attributes
                0x00000052       0x34 CMakeFiles/Board_C_Infantry.elf.dir/APP/Detect.c.obj
 .ARM.attributes
                0x00000086       0x34 CMakeFiles/Board_C_Infantry.elf.dir/APP/Transmission.c.obj
 .ARM.attributes
                0x000000ba       0x34 CMakeFiles/Board_C_Infantry.elf.dir/BSP/Src/bsp_can.c.obj
 .ARM.attributes
                0x000000ee       0x34 CMakeFiles/Board_C_Infantry.elf.dir/BSP/Src/bsp_uart.c.obj
 .ARM.attributes
                0x00000122       0x34 CMakeFiles/Board_C_Infantry.elf.dir/Drivers/STM32F4xx_HAL_Driver/Src/stm32f4xx_hal.c.obj
 .ARM.attributes
                0x00000156       0x34 CMakeFiles/Board_C_Infantry.elf.dir/Drivers/STM32F4xx_HAL_Driver/Src/stm32f4xx_hal_adc.c.obj
 .ARM.attributes
                0x0000018a       0x34 CMakeFiles/Board_C_Infantry.elf.dir/Drivers/STM32F4xx_HAL_Driver/Src/stm32f4xx_hal_can.c.obj
 .ARM.attributes
                0x000001be       0x34 CMakeFiles/Board_C_Infantry.elf.dir/Drivers/STM32F4xx_HAL_Driver/Src/stm32f4xx_hal_cortex.c.obj
 .ARM.attributes
                0x000001f2       0x34 CMakeFiles/Board_C_Infantry.elf.dir/Drivers/STM32F4xx_HAL_Driver/Src/stm32f4xx_hal_crc.c.obj
 .ARM.attributes
                0x00000226       0x34 CMakeFiles/Board_C_Infantry.elf.dir/Drivers/STM32F4xx_HAL_Driver/Src/stm32f4xx_hal_dma.c.obj
 .ARM.attributes
                0x0000025a       0x34 CMakeFiles/Board_C_Infantry.elf.dir/Drivers/STM32F4xx_HAL_Driver/Src/stm32f4xx_hal_gpio.c.obj
 .ARM.attributes
                0x0000028e       0x34 CMakeFiles/Board_C_Infantry.elf.dir/Drivers/STM32F4xx_HAL_Driver/Src/stm32f4xx_hal_i2c.c.obj
 .ARM.attributes
                0x000002c2       0x34 CMakeFiles/Board_C_Infantry.elf.dir/Drivers/STM32F4xx_HAL_Driver/Src/stm32f4xx_hal_pcd.c.obj
 .ARM.attributes
                0x000002f6       0x34 CMakeFiles/Board_C_Infantry.elf.dir/Drivers/STM32F4xx_HAL_Driver/Src/stm32f4xx_hal_rcc.c.obj
 .ARM.attributes
                0x0000032a       0x34 CMakeFiles/Board_C_Infantry.elf.dir/Drivers/STM32F4xx_HAL_Driver/Src/stm32f4xx_hal_rcc_ex.c.obj
 .ARM.attributes
                0x0000035e       0x34 CMakeFiles/Board_C_Infantry.elf.dir/Drivers/STM32F4xx_HAL_Driver/Src/stm32f4xx_hal_rng.c.obj
 .ARM.attributes
                0x00000392       0x34 CMakeFiles/Board_C_Infantry.elf.dir/Drivers/STM32F4xx_HAL_Driver/Src/stm32f4xx_hal_rtc.c.obj
 .ARM.attributes
                0x000003c6       0x34 CMakeFiles/Board_C_Infantry.elf.dir/Drivers/STM32F4xx_HAL_Driver/Src/stm32f4xx_hal_spi.c.obj
 .ARM.attributes
                0x000003fa       0x34 CMakeFiles/Board_C_Infantry.elf.dir/Drivers/STM32F4xx_HAL_Driver/Src/stm32f4xx_hal_tim.c.obj
 .ARM.attributes
                0x0000042e       0x34 CMakeFiles/Board_C_Infantry.elf.dir/Drivers/STM32F4xx_HAL_Driver/Src/stm32f4xx_hal_tim_ex.c.obj
 .ARM.attributes
                0x00000462       0x34 CMakeFiles/Board_C_Infantry.elf.dir/Drivers/STM32F4xx_HAL_Driver/Src/stm32f4xx_hal_uart.c.obj
 .ARM.attributes
                0x00000496       0x34 CMakeFiles/Board_C_Infantry.elf.dir/Drivers/STM32F4xx_HAL_Driver/Src/stm32f4xx_ll_usb.c.obj
 .ARM.attributes
                0x000004ca       0x34 CMakeFiles/Board_C_Infantry.elf.dir/Middlewares/Third_Party/FreeRTOS/Source/CMSIS_RTOS/cmsis_os.c.obj
 .ARM.attributes
                0x000004fe       0x34 CMakeFiles/Board_C_Infantry.elf.dir/Middlewares/Third_Party/FreeRTOS/Source/list.c.obj
 .ARM.attributes
                0x00000532       0x34 CMakeFiles/Board_C_Infantry.elf.dir/Middlewares/Third_Party/FreeRTOS/Source/portable/GCC/ARM_CM4F/port.c.obj
 .ARM.attributes
                0x00000566       0x34 CMakeFiles/Board_C_Infantry.elf.dir/Middlewares/Third_Party/FreeRTOS/Source/portable/MemMang/heap_4.c.obj
 .ARM.attributes
                0x0000059a       0x34 CMakeFiles/Board_C_Infantry.elf.dir/Middlewares/Third_Party/FreeRTOS/Source/queue.c.obj
 .ARM.attributes
                0x000005ce       0x34 CMakeFiles/Board_C_Infantry.elf.dir/Middlewares/Third_Party/FreeRTOS/Source/tasks.c.obj
 .ARM.attributes
                0x00000602       0x34 CMakeFiles/Board_C_Infantry.elf.dir/Middlewares/Third_Party/FreeRTOS/Source/timers.c.obj
 .ARM.attributes
                0x00000636       0x34 CMakeFiles/Board_C_Infantry.elf.dir/Src/adc.c.obj
 .ARM.attributes
                0x0000066a       0x34 CMakeFiles/Board_C_Infantry.elf.dir/Src/can.c.obj
 .ARM.attributes
                0x0000069e       0x34 CMakeFiles/Board_C_Infantry.elf.dir/Src/crc.c.obj
 .ARM.attributes
                0x000006d2       0x34 CMakeFiles/Board_C_Infantry.elf.dir/Src/dma.c.obj
 .ARM.attributes
                0x00000706       0x34 CMakeFiles/Board_C_Infantry.elf.dir/Src/freertos.c.obj
 .ARM.attributes
                0x0000073a       0x34 CMakeFiles/Board_C_Infantry.elf.dir/Src/gpio.c.obj
 .ARM.attributes
                0x0000076e       0x34 CMakeFiles/Board_C_Infantry.elf.dir/Src/i2c.c.obj
 .ARM.attributes
                0x000007a2       0x34 CMakeFiles/Board_C_Infantry.elf.dir/Src/main.c.obj
 .ARM.attributes
                0x000007d6       0x34 CMakeFiles/Board_C_Infantry.elf.dir/Src/rng.c.obj
 .ARM.attributes
                0x0000080a       0x34 CMakeFiles/Board_C_Infantry.elf.dir/Src/rtc.c.obj
 .ARM.attributes
                0x0000083e       0x34 CMakeFiles/Board_C_Infantry.elf.dir/Src/spi.c.obj
 .ARM.attributes
                0x00000872       0x34 CMakeFiles/Board_C_Infantry.elf.dir/Src/stm32f4xx_hal_msp.c.obj
 .ARM.attributes
                0x000008a6       0x34 CMakeFiles/Board_C_Infantry.elf.dir/Src/stm32f4xx_it.c.obj
 .ARM.attributes
                0x000008da       0x34 CMakeFiles/Board_C_Infantry.elf.dir/Src/system_stm32f4xx.c.obj
 .ARM.attributes
                0x0000090e       0x34 CMakeFiles/Board_C_Infantry.elf.dir/Src/tim.c.obj
 .ARM.attributes
                0x00000942       0x34 CMakeFiles/Board_C_Infantry.elf.dir/Src/usart.c.obj
 .ARM.attributes
                0x00000976       0x34 CMakeFiles/Board_C_Infantry.elf.dir/Src/usb_otg.c.obj
 .ARM.attributes
                0x000009aa       0x21 CMakeFiles/Board_C_Infantry.elf.dir/startup/startup_stm32f407xx.s.obj
 .ARM.attributes
                0x000009cb       0x1e d:/gcc-arm-none-eabi-10.3-2021.10/bin/../lib/gcc/arm-none-eabi/10.3.1/thumb/v7e-m+fp/hard\libgcc.a(_aeabi_uldivmod.o)
 .ARM.attributes
                0x000009e9       0x34 d:/gcc-arm-none-eabi-10.3-2021.10/bin/../lib/gcc/arm-none-eabi/10.3.1/thumb/v7e-m+fp/hard\libgcc.a(_udivmoddi4.o)
 .ARM.attributes
                0x00000a1d       0x1e d:/gcc-arm-none-eabi-10.3-2021.10/bin/../lib/gcc/arm-none-eabi/10.3.1/thumb/v7e-m+fp/hard\libgcc.a(_dvmd_tls.o)
 .ARM.attributes
                0x00000a3b       0x34 d:/gcc-arm-none-eabi-10.3-2021.10/bin/../lib/gcc/arm-none-eabi/10.3.1/../../../../arm-none-eabi/lib/thumb/v7e-m+fp/hard\libg.a(lib_a-impure.o)
 .ARM.attributes
                0x00000a6f       0x34 d:/gcc-arm-none-eabi-10.3-2021.10/bin/../lib/gcc/arm-none-eabi/10.3.1/../../../../arm-none-eabi/lib/thumb/v7e-m+fp/hard\libg.a(lib_a-init.o)
 .ARM.attributes
                0x00000aa3       0x1c d:/gcc-arm-none-eabi-10.3-2021.10/bin/../lib/gcc/arm-none-eabi/10.3.1/../../../../arm-none-eabi/lib/thumb/v7e-m+fp/hard\libg.a(lib_a-memcpy.o)
 .ARM.attributes
                0x00000abf       0x34 d:/gcc-arm-none-eabi-10.3-2021.10/bin/../lib/gcc/arm-none-eabi/10.3.1/../../../../arm-none-eabi/lib/thumb/v7e-m+fp/hard\libg.a(lib_a-memset.o)
 .ARM.attributes
                0x00000af3       0x34 d:/gcc-arm-none-eabi-10.3-2021.10/bin/../lib/gcc/arm-none-eabi/10.3.1/../../../../arm-none-eabi/lib/thumb/v7e-m+fp/hard\libg.a(lib_a-__call_atexit.o)
 .ARM.attributes
                0x00000b27       0x34 d:/gcc-arm-none-eabi-10.3-2021.10/bin/../lib/gcc/arm-none-eabi/10.3.1/../../../../arm-none-eabi/lib/thumb/v7e-m+fp/hard\libg.a(lib_a-atexit.o)
 .ARM.attributes
                0x00000b5b       0x34 d:/gcc-arm-none-eabi-10.3-2021.10/bin/../lib/gcc/arm-none-eabi/10.3.1/../../../../arm-none-eabi/lib/thumb/v7e-m+fp/hard\libg.a(lib_a-fini.o)
 .ARM.attributes
                0x00000b8f       0x34 d:/gcc-arm-none-eabi-10.3-2021.10/bin/../lib/gcc/arm-none-eabi/10.3.1/../../../../arm-none-eabi/lib/thumb/v7e-m+fp/hard\libg.a(lib_a-lock.o)
 .ARM.attributes
                0x00000bc3       0x34 d:/gcc-arm-none-eabi-10.3-2021.10/bin/../lib/gcc/arm-none-eabi/10.3.1/../../../../arm-none-eabi/lib/thumb/v7e-m+fp/hard\libg.a(lib_a-__atexit.o)
 .ARM.attributes
                0x00000bf7       0x1e d:/gcc-arm-none-eabi-10.3-2021.10/bin/../lib/gcc/arm-none-eabi/10.3.1/thumb/v7e-m+fp/hard/crtn.o
OUTPUT(Board_C_Infantry.elf elf32-littlearm)
LOAD linker stubs
LOAD d:/gcc-arm-none-eabi-10.3-2021.10/bin/../lib/gcc/arm-none-eabi/10.3.1/../../../../arm-none-eabi/lib/thumb/v7e-m+fp/hard\libc.a
LOAD d:/gcc-arm-none-eabi-10.3-2021.10/bin/../lib/gcc/arm-none-eabi/10.3.1/../../../../arm-none-eabi/lib/thumb/v7e-m+fp/hard\libm.a
LOAD d:/gcc-arm-none-eabi-10.3-2021.10/bin/../lib/gcc/arm-none-eabi/10.3.1/thumb/v7e-m+fp/hard\libgcc.a

.debug_info     0x00000000    0x2cabf
 .debug_info    0x00000000      0x383 CMakeFiles/Board_C_Infantry.elf.dir/APP/Detect.c.obj
 .debug_info    0x00000383      0x320 CMakeFiles/Board_C_Infantry.elf.dir/APP/Transmission.c.obj
 .debug_info    0x000006a3      0x7e2 CMakeFiles/Board_C_Infantry.elf.dir/BSP/Src/bsp_can.c.obj
 .debug_info    0x00000e85      0xfd9 CMakeFiles/Board_C_Infantry.elf.dir/BSP/Src/bsp_uart.c.obj
 .debug_info    0x00001e5e      0x9f0 CMakeFiles/Board_C_Infantry.elf.dir/Drivers/STM32F4xx_HAL_Driver/Src/stm32f4xx_hal.c.obj
 .debug_info    0x0000284e      0xeb7 CMakeFiles/Board_C_Infantry.elf.dir/Drivers/STM32F4xx_HAL_Driver/Src/stm32f4xx_hal_adc.c.obj
 .debug_info    0x00003705     0x126a CMakeFiles/Board_C_Infantry.elf.dir/Drivers/STM32F4xx_HAL_Driver/Src/stm32f4xx_hal_can.c.obj
 .debug_info    0x0000496f     0x1098 CMakeFiles/Board_C_Infantry.elf.dir/Drivers/STM32F4xx_HAL_Driver/Src/stm32f4xx_hal_cortex.c.obj
 .debug_info    0x00005a07      0x3e9 CMakeFiles/Board_C_Infantry.elf.dir/Drivers/STM32F4xx_HAL_Driver/Src/stm32f4xx_hal_crc.c.obj
 .debug_info    0x00005df0      0xb3f CMakeFiles/Board_C_Infantry.elf.dir/Drivers/STM32F4xx_HAL_Driver/Src/stm32f4xx_hal_dma.c.obj
 .debug_info    0x0000692f      0x79b CMakeFiles/Board_C_Infantry.elf.dir/Drivers/STM32F4xx_HAL_Driver/Src/stm32f4xx_hal_gpio.c.obj
 .debug_info    0x000070ca     0x3911 CMakeFiles/Board_C_Infantry.elf.dir/Drivers/STM32F4xx_HAL_Driver/Src/stm32f4xx_hal_i2c.c.obj
 .debug_info    0x0000a9db     0x19dc CMakeFiles/Board_C_Infantry.elf.dir/Drivers/STM32F4xx_HAL_Driver/Src/stm32f4xx_hal_pcd.c.obj
 .debug_info    0x0000c3b7      0xb03 CMakeFiles/Board_C_Infantry.elf.dir/Drivers/STM32F4xx_HAL_Driver/Src/stm32f4xx_hal_rcc.c.obj
 .debug_info    0x0000ceba      0x684 CMakeFiles/Board_C_Infantry.elf.dir/Drivers/STM32F4xx_HAL_Driver/Src/stm32f4xx_hal_rcc_ex.c.obj
 .debug_info    0x0000d53e      0x56e CMakeFiles/Board_C_Infantry.elf.dir/Drivers/STM32F4xx_HAL_Driver/Src/stm32f4xx_hal_rng.c.obj
 .debug_info    0x0000daac      0xf41 CMakeFiles/Board_C_Infantry.elf.dir/Drivers/STM32F4xx_HAL_Driver/Src/stm32f4xx_hal_rtc.c.obj
 .debug_info    0x0000e9ed     0x1e35 CMakeFiles/Board_C_Infantry.elf.dir/Drivers/STM32F4xx_HAL_Driver/Src/stm32f4xx_hal_spi.c.obj
 .debug_info    0x00010822     0x35d9 CMakeFiles/Board_C_Infantry.elf.dir/Drivers/STM32F4xx_HAL_Driver/Src/stm32f4xx_hal_tim.c.obj
 .debug_info    0x00013dfb     0x160b CMakeFiles/Board_C_Infantry.elf.dir/Drivers/STM32F4xx_HAL_Driver/Src/stm32f4xx_hal_tim_ex.c.obj
 .debug_info    0x00015406     0x1906 CMakeFiles/Board_C_Infantry.elf.dir/Drivers/STM32F4xx_HAL_Driver/Src/stm32f4xx_hal_uart.c.obj
 .debug_info    0x00016d0c     0x1e79 CMakeFiles/Board_C_Infantry.elf.dir/Drivers/STM32F4xx_HAL_Driver/Src/stm32f4xx_ll_usb.c.obj
 .debug_info    0x00018b85     0x256a CMakeFiles/Board_C_Infantry.elf.dir/Middlewares/Third_Party/FreeRTOS/Source/CMSIS_RTOS/cmsis_os.c.obj
 .debug_info    0x0001b0ef      0x2e0 CMakeFiles/Board_C_Infantry.elf.dir/Middlewares/Third_Party/FreeRTOS/Source/list.c.obj
 .debug_info    0x0001b3cf      0x587 CMakeFiles/Board_C_Infantry.elf.dir/Middlewares/Third_Party/FreeRTOS/Source/portable/GCC/ARM_CM4F/port.c.obj
 .debug_info    0x0001b956      0x471 CMakeFiles/Board_C_Infantry.elf.dir/Middlewares/Third_Party/FreeRTOS/Source/portable/MemMang/heap_4.c.obj