Archive member included to satisfy reference by file (symbol)

d:/gcc-arm-none-eabi-10-2020-q4-major-win32/gcc-arm-none-eabi-10-2020-q4-major/bin/../lib/gcc/arm-none-eabi/10.2.1/thumb/v7e-m+fp/hard\libgcc.a(_aeabi_uldivmod.o)
                              CMakeFiles/Board_C_Infantry.elf.dir/Drivers/STM32F4xx_HAL_Driver/Src/stm32f4xx_hal_rcc.c.obj (__aeabi_uldivmod)
d:/gcc-arm-none-eabi-10-2020-q4-major-win32/gcc-arm-none-eabi-10-2020-q4-major/bin/../lib/gcc/arm-none-eabi/10.2.1/thumb/v7e-m+fp/hard\libgcc.a(_udivmoddi4.o)
                              d:/gcc-arm-none-eabi-10-2020-q4-major-win32/gcc-arm-none-eabi-10-2020-q4-major/bin/../lib/gcc/arm-none-eabi/10.2.1/thumb/v7e-m+fp/hard\libgcc.a(_aeabi_uldivmod.o) (__udivmoddi4)
d:/gcc-arm-none-eabi-10-2020-q4-major-win32/gcc-arm-none-eabi-10-2020-q4-major/bin/../lib/gcc/arm-none-eabi/10.2.1/thumb/v7e-m+fp/hard\libgcc.a(_dvmd_tls.o)
                              d:/gcc-arm-none-eabi-10-2020-q4-major-win32/gcc-arm-none-eabi-10-2020-q4-major/bin/../lib/gcc/arm-none-eabi/10.2.1/thumb/v7e-m+fp/hard\libgcc.a(_aeabi_uldivmod.o) (__aeabi_ldiv0)
d:/gcc-arm-none-eabi-10-2020-q4-major-win32/gcc-arm-none-eabi-10-2020-q4-major/bin/../lib/gcc/arm-none-eabi/10.2.1/../../../../arm-none-eabi/lib/thumb/v7e-m+fp/hard\libg.a(lib_a-errno.o)
                              CMakeFiles/Board_C_Infantry.elf.dir/Core/Src/syscalls.c.obj (__errno)
d:/gcc-arm-none-eabi-10-2020-q4-major-win32/gcc-arm-none-eabi-10-2020-q4-major/bin/../lib/gcc/arm-none-eabi/10.2.1/../../../../arm-none-eabi/lib/thumb/v7e-m+fp/hard\libg.a(lib_a-exit.o)
                              d:/gcc-arm-none-eabi-10-2020-q4-major-win32/gcc-arm-none-eabi-10-2020-q4-major/bin/../lib/gcc/arm-none-eabi/10.2.1/../../../../arm-none-eabi/lib/thumb/v7e-m+fp/hard/crt0.o (exit)
d:/gcc-arm-none-eabi-10-2020-q4-major-win32/gcc-arm-none-eabi-10-2020-q4-major/bin/../lib/gcc/arm-none-eabi/10.2.1/../../../../arm-none-eabi/lib/thumb/v7e-m+fp/hard\libg.a(lib_a-impure.o)
                              d:/gcc-arm-none-eabi-10-2020-q4-major-win32/gcc-arm-none-eabi-10-2020-q4-major/bin/../lib/gcc/arm-none-eabi/10.2.1/../../../../arm-none-eabi/lib/thumb/v7e-m+fp/hard\libg.a(lib_a-exit.o) (_global_impure_ptr)
d:/gcc-arm-none-eabi-10-2020-q4-major-win32/gcc-arm-none-eabi-10-2020-q4-major/bin/../lib/gcc/arm-none-eabi/10.2.1/../../../../arm-none-eabi/lib/thumb/v7e-m+fp/hard\libg.a(lib_a-init.o)
                              d:/gcc-arm-none-eabi-10-2020-q4-major-win32/gcc-arm-none-eabi-10-2020-q4-major/bin/../lib/gcc/arm-none-eabi/10.2.1/../../../../arm-none-eabi/lib/thumb/v7e-m+fp/hard/crt0.o (__libc_init_array)
d:/gcc-arm-none-eabi-10-2020-q4-major-win32/gcc-arm-none-eabi-10-2020-q4-major/bin/../lib/gcc/arm-none-eabi/10.2.1/../../../../arm-none-eabi/lib/thumb/v7e-m+fp/hard\libg.a(lib_a-malloc.o)
                              CMakeFiles/Board_C_Infantry.elf.dir/Middlewares/ST/STM32_USB_Device_Library/Class/CDC/Src/usbd_cdc.c.obj (malloc)
d:/gcc-arm-none-eabi-10-2020-q4-major-win32/gcc-arm-none-eabi-10-2020-q4-major/bin/../lib/gcc/arm-none-eabi/10.2.1/../../../../arm-none-eabi/lib/thumb/v7e-m+fp/hard\libg.a(lib_a-mallocr.o)
                              d:/gcc-arm-none-eabi-10-2020-q4-major-win32/gcc-arm-none-eabi-10-2020-q4-major/bin/../lib/gcc/arm-none-eabi/10.2.1/../../../../arm-none-eabi/lib/thumb/v7e-m+fp/hard\libg.a(lib_a-malloc.o) (_malloc_r)
d:/gcc-arm-none-eabi-10-2020-q4-major-win32/gcc-arm-none-eabi-10-2020-q4-major/bin/../lib/gcc/arm-none-eabi/10.2.1/../../../../arm-none-eabi/lib/thumb/v7e-m+fp/hard\libg.a(lib_a-memcpy.o)
                              CMakeFiles/Board_C_Infantry.elf.dir/Middlewares/Third_Party/FreeRTOS/Source/queue.c.obj (memcpy)
d:/gcc-arm-none-eabi-10-2020-q4-major-win32/gcc-arm-none-eabi-10-2020-q4-major/bin/../lib/gcc/arm-none-eabi/10.2.1/../../../../arm-none-eabi/lib/thumb/v7e-m+fp/hard\libg.a(lib_a-memset.o)
                              d:/gcc-arm-none-eabi-10-2020-q4-major-win32/gcc-arm-none-eabi-10-2020-q4-major/bin/../lib/gcc/arm-none-eabi/10.2.1/../../../../arm-none-eabi/lib/thumb/v7e-m+fp/hard/crt0.o (memset)
d:/gcc-arm-none-eabi-10-2020-q4-major-win32/gcc-arm-none-eabi-10-2020-q4-major/bin/../lib/gcc/arm-none-eabi/10.2.1/../../../../arm-none-eabi/lib/thumb/v7e-m+fp/hard\libg.a(lib_a-mlock.o)
                              d:/gcc-arm-none-eabi-10-2020-q4-major-win32/gcc-arm-none-eabi-10-2020-q4-major/bin/../lib/gcc/arm-none-eabi/10.2.1/../../../../arm-none-eabi/lib/thumb/v7e-m+fp/hard\libg.a(lib_a-mallocr.o) (__malloc_lock)
d:/gcc-arm-none-eabi-10-2020-q4-major-win32/gcc-arm-none-eabi-10-2020-q4-major/bin/../lib/gcc/arm-none-eabi/10.2.1/../../../../arm-none-eabi/lib/thumb/v7e-m+fp/hard\libg.a(lib_a-sbrkr.o)
                              d:/gcc-arm-none-eabi-10-2020-q4-major-win32/gcc-arm-none-eabi-10-2020-q4-major/bin/../lib/gcc/arm-none-eabi/10.2.1/../../../../arm-none-eabi/lib/thumb/v7e-m+fp/hard\libg.a(lib_a-mallocr.o) (_sbrk_r)
[...]
Memory Configuration

Name             Origin             Length             Attributes
RAM              0x20000000         0x00020000         xrw
CCMRAM           0x10000000         0x00010000         xrw
FLASH            0x08000000         0x00100000         xr
*default*        0x00000000         0xffffffff

Linker script and memory map

LOAD d:/gcc-arm-none-eabi-10-2020-q4-major-win32/gcc-arm-none-eabi-10-2020-q4-major/bin/../lib/gcc/arm-none-eabi/10.2.1/thumb/v7e-m+fp/hard/crti.o
LOAD d:/gcc-arm-none-eabi-10-2020-q4-major-win32/gcc-arm-none-eabi-10-2020-q4-major/bin/../lib/gcc/arm-none-eabi/10.2.1/thumb/v7e-m+fp/hard/crtbegin.o
LOAD d:/gcc-arm-none-eabi-10-2020-q4-major-win32/gcc-arm-none-eabi-10-2020-q4-major/bin/../lib/gcc/arm-none-eabi/10.2.1/../../../../arm-none-eabi/lib/thumb/v7e-m+fp/hard/crt0.o
LOAD CMakeFiles/Board_C_Infantry.elf.dir/APP/uart_device.c.obj
LOAD CMakeFiles/Board_C_Infantry.elf.dir/Core/Src/can.c.obj
LOAD CMakeFiles/Board_C_Infantry.elf.dir/Core/Src/dma.c.obj
LOAD CMakeFiles/Board_C_Infantry.elf.dir/Core/Src/freertos.c.obj
LOAD CMakeFiles/Board_C_Infantry.elf.dir/Core/Src/gpio.c.obj
LOAD CMakeFiles/Board_C_Infantry.elf.dir/Core/Src/i2c.c.obj
LOAD CMakeFiles/Board_C_Infantry.elf.dir/Core/Src/main.c.obj
LOAD CMakeFiles/Board_C_Infantry.elf.dir/Core/Src/rng.c.obj
LOAD CMakeFiles/Board_C_Infantry.elf.dir/Core/Src/spi.c.obj
LOAD CMakeFiles/Board_C_Infantry.elf.dir/Core/Src/stm32f4xx_hal_msp.c.obj
LOAD CMakeFiles/Board_C_Infantry.elf.dir/Core/Src/stm32f4xx_hal_timebase_tim.c.obj
LOAD CMakeFiles/Board_C_Infantry.elf.dir/Core/Src/stm32f4xx_it.c.obj
LOAD CMakeFiles/Board_C_Infantry.elf.dir/Core/Src/syscalls.c.obj
LOAD CMakeFiles/Board_C_Infantry.elf.dir/Core/Src/system_stm32f4xx.c.obj
LOAD CMakeFiles/Board_C_Infantry.elf.dir/Core/Src/tim.c.obj
LOAD CMakeFiles/Board_C_Infantry.elf.dir/Core/Src/usart.c.obj
LOAD CMakeFiles/Board_C_Infantry.elf.dir/Drivers/STM32F4xx_HAL_Driver/Src/stm32f4xx_hal.c.obj
LOAD CMakeFiles/Board_C_Infantry.elf.dir/Drivers/STM32F4xx_HAL_Driver/Src/stm32f4xx_hal_can.c.obj
LOAD CMakeFiles/Board_C_Infantry.elf.dir/Drivers/STM32F4xx_HAL_Driver/Src/stm32f4xx_hal_cortex.c.obj
LOAD CMakeFiles/Board_C_Infantry.elf.dir/Drivers/STM32F4xx_HAL_Driver/Src/stm32f4xx_hal_dma.c.obj
LOAD CMakeFiles/Board_C_Infantry.elf.dir/Drivers/STM32F4xx_HAL_Driver/Src/stm32f4xx_hal_dma_ex.c.obj
LOAD CMakeFiles/Board_C_Infantry.elf.dir/Drivers/STM32F4xx_HAL_Driver/Src/stm32f4xx_hal_exti.c.obj
LOAD CMakeFiles/Board_C_Infantry.elf.dir/Drivers/STM32F4xx_HAL_Driver/Src/stm32f4xx_hal_flash.c.obj
LOAD CMakeFiles/Board_C_Infantry.elf.dir/Drivers/STM32F4xx_HAL_Driver/Src/stm32f4xx_hal_flash_ex.c.obj
LOAD CMakeFiles/Board_C_Infantry.elf.dir/Drivers/STM32F4xx_HAL_Driver/Src/stm32f4xx_hal_flash_ramfunc.c.obj
LOAD CMakeFiles/Board_C_Infantry.elf.dir/Drivers/STM32F4xx_HAL_Driver/Src/stm32f4xx_hal_gpio.c.obj
LOAD CMakeFiles/Board_C_Infantry.elf.dir/Drivers/STM32F4xx_HAL_Driver/Src/stm32f4xx_hal_i2c.c.obj
LOAD CMakeFiles/Board_C_Infantry.elf.dir/Drivers/STM32F4xx_HAL_Driver/Src/stm32f4xx_hal_i2c_ex.c.obj
LOAD CMakeFiles/Board_C_Infantry.elf.dir/Drivers/STM32F4xx_HAL_Driver/Src/stm32f4xx_hal_pcd.c.obj
LOAD CMakeFiles/Board_C_Infantry.elf.dir/Drivers/STM32F4xx_HAL_Driver/Src/stm32f4xx_hal_pcd_ex.c.obj
LOAD CMakeFiles/Board_C_Infantry.elf.dir/Drivers/STM32F4xx_HAL_Driver/Src/stm32f4xx_hal_pwr.c.obj
LOAD CMakeFiles/Board_C_Infantry.elf.dir/Drivers/STM32F4xx_HAL_Driver/Src/stm32f4xx_hal_pwr_ex.c.obj
LOAD CMakeFiles/Board_C_Infantry.elf.dir/Drivers/STM32F4xx_HAL_Driver/Src/stm32f4xx_hal_rcc.c.obj
LOAD CMakeFiles/Board_C_Infantry.elf.dir/Drivers/STM32F4xx_HAL_Driver/Src/stm32f4xx_hal_rcc_ex.c.obj
LOAD CMakeFiles/Board_C_Infantry.elf.dir/Drivers/STM32F4xx_HAL_Driver/Src/stm32f4xx_hal_rng.c.obj
LOAD CMakeFiles/Board_C_Infantry.elf.dir/Drivers/STM32F4xx_HAL_Driver/Src/stm32f4xx_hal_spi.c.obj
LOAD CMakeFiles/Board_C_Infantry.elf.dir/Drivers/STM32F4xx_HAL_Driver/Src/stm32f4xx_hal_tim.c.obj
LOAD CMakeFiles/Board_C_Infantry.elf.dir/Drivers/STM32F4xx_HAL_Driver/Src/stm32f4xx_hal_tim_ex.c.obj
LOAD CMakeFiles/Board_C_Infantry.elf.dir/Drivers/STM32F4xx_HAL_Driver/Src/stm32f4xx_hal_uart.c.obj
LOAD CMakeFiles/Board_C_Infantry.elf.dir/Drivers/STM32F4xx_HAL_Driver/Src/stm32f4xx_ll_usb.c.obj
LOAD CMakeFiles/Board_C_Infantry.elf.dir/Middlewares/ST/STM32_USB_Device_Library/Class/CDC/Src/usbd_cdc.c.obj
LOAD CMakeFiles/Board_C_Infantry.elf.dir/Middlewares/ST/STM32_USB_Device_Library/Core/Src/usbd_core.c.obj
LOAD CMakeFiles/Board_C_Infantry.elf.dir/Middlewares/ST/STM32_USB_Device_Library/Core/Src/usbd_ctlreq.c.obj
LOAD CMakeFiles/Board_C_Infantry.elf.dir/Middlewares/ST/STM32_USB_Device_Library/Core/Src/usbd_ioreq.c.obj
LOAD CMakeFiles/Board_C_Infantry.elf.dir/Middlewares/Third_Party/FreeRTOS/Source/CMSIS_RTOS/cmsis_os.c.obj
LOAD CMakeFiles/Board_C_Infantry.elf.dir/Middlewares/Third_Party/FreeRTOS/Source/croutine.c.obj
LOAD CMakeFiles/Board_C_Infantry.elf.dir/Middlewares/Third_Party/FreeRTOS/Source/event_groups.c.obj
LOAD CMakeFiles/Board_C_Infantry.elf.dir/Middlewares/Third_Party/FreeRTOS/Source/list.c.obj
LOAD CMakeFiles/Board_C_Infantry.elf.dir/Middlewares/Third_Party/FreeRTOS/Source/portable/GCC/ARM_CM4F/port.c.obj
LOAD CMakeFiles/Board_C_Infantry.elf.dir/Middlewares/Third_Party/FreeRTOS/Source/portable/MemMang/heap_4.c.obj
LOAD CMakeFiles/Board_C_Infantry.elf.dir/Middlewares/Third_Party/FreeRTOS/Source/queue.c.obj
LOAD CMakeFiles/Board_C_Infantry.elf.dir/Middlewares/Third_Party/FreeRTOS/Source/stream_buffer.c.obj
LOAD CMakeFiles/Board_C_Infantry.elf.dir/Middlewares/Third_Party/FreeRTOS/Source/tasks.c.obj
LOAD CMakeFiles/Board_C_Infantry.elf.dir/Middlewares/Third_Party/FreeRTOS/Source/timers.c.obj
LOAD CMakeFiles/Board_C_Infantry.elf.dir/USB_DEVICE/App/usb_device.c.obj
LOAD CMakeFiles/Board_C_Infantry.elf.dir/USB_DEVICE/App/usbd_cdc_if.c.obj
LOAD CMakeFiles/Board_C_Infantry.elf.dir/USB_DEVICE/App/usbd_desc.c.obj
LOAD CMakeFiles/Board_C_Infantry.elf.dir/USB_DEVICE/Target/usbd_conf.c.obj
LOAD CMakeFiles/Board_C_Infantry.elf.dir/startup/startup_stm32f407xx.s.obj
START GROUP
LOAD d:/gcc-arm-none-eabi-10-2020-q4-major-win32/gcc-arm-none-eabi-10-2020-q4-major/bin/../lib/gcc/arm-none-eabi/10.2.1/thumb/v7e-m+fp/hard\libgcc.a
LOAD d:/gcc-arm-none-eabi-10-2020-q4-major-win32/gcc-arm-none-eabi-10-2020-q4-major/bin/../lib/gcc/arm-none-eabi/10.2.1/../../../../arm-none-eabi/lib/thumb/v7e-m+fp/hard\libg.a
LOAD d:/gcc-arm-none-eabi-10-2020-q4-major-win32/gcc-arm-none-eabi-10-2020-q4-major/bin/../lib/gcc/arm-none-eabi/10.2.1/../../../../arm-none-eabi/lib/thumb/v7e-m+fp/hard\libc.a
END GROUP
LOAD d:/gcc-arm-none-eabi-10-2020-q4-major-win32/gcc-arm-none-eabi-10-2020-q4-major/bin/../lib/gcc/arm-none-eabi/10.2.1/thumb/v7e-m+fp/hard/crtend.o
LOAD d:/gcc-arm-none-eabi-10-2020-q4-major-win32/gcc-arm-none-eabi-10-2020-q4-major/bin/../lib/gcc/arm-none-eabi/10.2.1/thumb/v7e-m+fp/hard/crtn.o
                0x20020000                _estack = 0x20020000
                0x00002000                _Min_Heap_Size = 0x2000
                0x00002000                _Min_Stack_Size = 0x2000

.isr_vector     0x08000000      0x188
                0x08000000                . = ALIGN (0x4)
 *(.isr_vector)
 .isr_vector    0x08000000      0x188 CMakeFiles/Board_C_Infantry.elf.dir/startup/startup_stm32f407xx.s.obj
                0x08000000                g_pfnVectors
                0x08000188                . = ALIGN (0x4)

.text           0x08000190     0x87cc
                0x08000190                . = ALIGN (0x4)
 *(.text)
 .text          0x08000190       0x40 d:/gcc-arm-none-eabi-10-2020-q4-major-win32/gcc-arm-none-eabi-10-2020-q4-major/bin/../lib/gcc/arm-none-eabi/10.2.1/thumb/v7e-m+fp/hard/crtbegin.o
 .text          0x080001d0       0x30 d:/gcc-arm-none-eabi-10-2020-q4-major-win32/gcc-arm-none-eabi-10-2020-q4-major/bin/../lib/gcc/arm-none-eabi/10.2.1/thumb/v7e-m+fp/hard\libgcc.a(_aeabi_uldivmod.o)
                0x080001d0                __aeabi_uldivmod
 .text          0x08000200      0x2d0 d:/gcc-arm-none-eabi-10-2020-q4-major-win32/gcc-arm-none-eabi-10-2020-q4-major/bin/../lib/gcc/arm-none-eabi/10.2.1/thumb/v7e-m+fp/hard\libgcc.a(_udivmoddi4.o)
                0x08000200                __udivmoddi4
 .text          0x080004d0        0x4 d:/gcc-arm-none-eabi-10-2020-q4-major-win32/gcc-arm-none-eabi-10-2020-q4-major/bin/../lib/gcc/arm-none-eabi/10.2.1/thumb/v7e-m+fp/hard\libgcc.a(_dvmd_tls.o)
                0x080004d0                __aeabi_idiv0
                0x080004d0                __aeabi_ldiv0
 .text          0x080004d4      0x134 d:/gcc-arm-none-eabi-10-2020-q4-major-win32/gcc-arm-none-eabi-10-2020-q4-major/bin/../lib/gcc/arm-none-eabi/10.2.1/../../../../arm-none-eabi/lib/thumb/v7e-m+fp/hard\libg.a(lib_a-memcpy.o)
                0x080004d4                memcpy
 *(.text*)
 .text.remote_data_handle
                0x08000608      0x152 CMakeFiles/Board_C_Infantry.elf.dir/APP/uart_device.c.obj
 *fill*         0x0800075a        0x2 
 .text.Send_RC_Data
                0x0800075c       0x84 CMakeFiles/Board_C_Infantry.elf.dir/APP/uart_device.c.obj
                0x0800075c                Send_RC_Data
 .text.HAL_UART_RxCpltCallback
                0x080007e0       0x30 CMakeFiles/Board_C_Infantry.elf.dir/APP/uart_device.c.obj
                0x080007e0                HAL_UART_RxCpltCallback
 .text.MX_CAN1_Init
                0x08000810       0x44 CMakeFiles/Board_C_Infantry.elf.dir/Core/Src/can.c.obj
                0x08000810                MX_CAN1_Init
 .text.MX_CAN2_Init
                0x08000854       0x44 CMakeFiles/Board_C_Infantry.elf.dir/Core/Src/can.c.obj
                0x08000854                MX_CAN2_Init
 .text.HAL_CAN_MspInit
                0x08000898      0x140 CMakeFiles/Board_C_Infantry.elf.dir/Core/Src/can.c.obj
                0x08000898                HAL_CAN_MspInit
 .text.MX_DMA_Init
                0x080009d8       0xa8 CMakeFiles/Board_C_Infantry.elf.dir/Core/Src/dma.c.obj
                0x080009d8                MX_DMA_Init
 .text.transmit_task
                0x08000a80        0xe CMakeFiles/Board_C_Infantry.elf.dir/Core/Src/freertos.c.obj
                0x08000a80                transmit_task
 .text.vApplicationStackOverflowHook
                0x08000a8e        0x2 CMakeFiles/Board_C_Infantry.elf.dir/Core/Src/freertos.c.obj
                0x08000a8e                vApplicationStackOverflowHook
 .text.vApplicationMallocFailedHook
                0x08000a90        0x2 CMakeFiles/Board_C_Infantry.elf.dir/Core/Src/freertos.c.obj
                0x08000a90                vApplicationMallocFailedHook
 *fill*         0x08000a92        0x2 
 .text.vApplicationGetIdleTaskMemory
                0x08000a94       0x18 CMakeFiles/Board_C_Infantry.elf.dir/Core/Src/freertos.c.obj
                0x08000a94                vApplicationGetIdleTaskMemory
 .text.vApplicationGetTimerTaskMemory
                0x08000aac       0x18 CMakeFiles/Board_C_Infantry.elf.dir/Core/Src/freertos.c.obj
                0x08000aac                vApplicationGetTimerTaskMemory
 .text.MX_FREERTOS_Init
                0x08000ac4       0x30 CMakeFiles/Board_C_Infantry.elf.dir/Core/Src/freertos.c.obj
                0x08000ac4                MX_FREERTOS_Init
 .text.MX_GPIO_Init
                0x08000af4      0x1f4 CMakeFiles/Board_C_Infantry.elf.dir/Core/Src/gpio.c.obj
                0x08000af4                MX_GPIO_Init
 .text.MX_I2C1_Init
                0x08000ce8       0x3c CMakeFiles/Board_C_Infantry.elf.dir/Core/Src/i2c.c.obj
                0x08000ce8                MX_I2C1_Init
 .text.HAL_I2C_MspInit
                0x08000d24       0x74 CMakeFiles/Board_C_Infantry.elf.dir/Core/Src/i2c.c.obj
                0x08000d24                HAL_I2C_MspInit
 .text.SystemClock_Config
                0x08000d98       0x98 CMakeFiles/Board_C_Infantry.elf.dir/Core/Src/main.c.obj
                0x08000d98                SystemClock_Config
 .text.main     0x08000e30       0x4c CMakeFiles/Board_C_Infantry.elf.dir/Core/Src/main.c.obj
                0x08000e30                main
 .text.HAL_TIM_PeriodElapsedCallback
                0x08000e7c       0x18 CMakeFiles/Board_C_Infantry.elf.dir/Core/Src/main.c.obj
                0x08000e7c                HAL_TIM_PeriodElapsedCallback
 .text.Error_Handler
                0x08000e94        0x2 CMakeFiles/Board_C_Infantry.elf.dir/Core/Src/main.c.obj
                0x08000e94                Error_Handler
 *fill*         0x08000e96        0x2 
 .text.MX_RNG_Init
                0x08000e98       0x20 CMakeFiles/Board_C_Infantry.elf.dir/Core/Src/rng.c.obj
                0x08000e98                MX_RNG_Init
 .text.HAL_RNG_MspInit
                0x08000eb8       0x30 CMakeFiles/Board_C_Infantry.elf.dir/Core/Src/rng.c.obj
                0x08000eb8                HAL_RNG_MspInit
 .text.MX_SPI1_Init
                0x08000ee8       0x44 CMakeFiles/Board_C_Infantry.elf.dir/Core/Src/spi.c.obj
                0x08000ee8                MX_SPI1_Init
 .text.HAL_SPI_MspInit
                0x08000f2c      0x11c CMakeFiles/Board_C_Infantry.elf.dir/Core/Src/spi.c.obj
                0x08000f2c                HAL_SPI_MspInit
 .text.HAL_MspInit
                0x08001048       0x44 CMakeFiles/Board_C_Infantry.elf.dir/Core/Src/stm32f4xx_hal_msp.c.obj
                0x08001048                HAL_MspInit
 .text.HAL_InitTick
                0x0800108c       0x7c CMakeFiles/Board_C_Infantry.elf.dir/Core/Src/stm32f4xx_hal_timebase_tim.c.obj
                0x0800108c                HAL_InitTick
 .text.NMI_Handler
                0x08001108        0x2 CMakeFiles/Board_C_Infantry.elf.dir/Core/Src/stm32f4xx_it.c.obj
                0x08001108                NMI_Handler
 .text.HardFault_Handler
                0x0800110a        0x2 CMakeFiles/Board_C_Infantry.elf.dir/Core/Src/stm32f4xx_it.c.obj
                0x0800110a                HardFault_Handler
 .text.MemManage_Handler
                0x0800110c        0x2 CMakeFiles/Board_C_Infantry.elf.dir/Core/Src/stm32f4xx_it.c.obj
                0x0800110c                MemManage_Handler
 .text.BusFault_Handler
                0x0800110e        0x2 CMakeFiles/Board_C_Infantry.elf.dir/Core/Src/stm32f4xx_it.c.obj
                0x0800110e                BusFault_Handler
 .text.UsageFault_Handler
                0x08001110        0x2 CMakeFiles/Board_C_Infantry.elf.dir/Core/Src/stm32f4xx_it.c.obj
                0x08001110                UsageFault_Handler
 .text.DebugMon_Handler
                0x08001112        0x2 CMakeFiles/Board_C_Infantry.elf.dir/Core/Src/stm32f4xx_it.c.obj
                0x08001112                DebugMon_Handler
 .text.EXTI0_IRQHandler
                0x08001114        0xa CMakeFiles/Board_C_Infantry.elf.dir/Core/Src/stm32f4xx_it.c.obj
                0x08001114                EXTI0_IRQHandler
 *fill*         0x0800111e        0x2 
 .text.DMA1_Stream1_IRQHandler
                0x08001120       0x10 CMakeFiles/Board_C_Infantry.elf.dir/Core/Src/stm32f4xx_it.c.obj
                0x08001120                DMA1_Stream1_IRQHandler
 .text.CAN1_TX_IRQHandler
                0x08001130       0x10 CMakeFiles/Board_C_Infantry.elf.dir/Core/Src/stm32f4xx_it.c.obj
                0x08001130                CAN1_TX_IRQHandler
 .text.CAN1_RX0_IRQHandler
                0x08001140       0x10 CMakeFiles/Board_C_Infantry.elf.dir/Core/Src/stm32f4xx_it.c.obj
                0x08001140                CAN1_RX0_IRQHandler
 .text.EXTI9_5_IRQHandler
                0x08001150       0x10 CMakeFiles/Board_C_Infantry.elf.dir/Core/Src/stm32f4xx_it.c.obj
                0x08001150                EXTI9_5_IRQHandler
 .text.TIM1_BRK_TIM9_IRQHandler
                0x08001160       0x10 CMakeFiles/Board_C_Infantry.elf.dir/Core/Src/stm32f4xx_it.c.obj
                0x08001160                TIM1_BRK_TIM9_IRQHandler
 .text.USART1_IRQHandler
                0x08001170       0x10 CMakeFiles/Board_C_Infantry.elf.dir/Core/Src/stm32f4xx_it.c.obj
                0x08001170                USART1_IRQHandler
 .text.USART3_IRQHandler
                0x08001180       0x10 CMakeFiles/Board_C_Infantry.elf.dir/Core/Src/stm32f4xx_it.c.obj
                0x08001180                USART3_IRQHandler
 .text.DMA2_Stream0_IRQHandler
                0x08001190       0x10 CMakeFiles/Board_C_Infantry.elf.dir/Core/Src/stm32f4xx_it.c.obj
                0x08001190                DMA2_Stream0_IRQHandler
 .text.DMA2_Stream1_IRQHandler
                0x080011a0       0x10 CMakeFiles/Board_C_Infantry.elf.dir/Core/Src/stm32f4xx_it.c.obj
                0x080011a0                DMA2_Stream1_IRQHandler
 .text.DMA2_Stream2_IRQHandler
                0x080011b0       0x10 CMakeFiles/Board_C_Infantry.elf.dir/Core/Src/stm32f4xx_it.c.obj
                0x080011b0                DMA2_Stream2_IRQHandler
 .text.DMA2_Stream3_IRQHandler
                0x080011c0       0x10 CMakeFiles/Board_C_Infantry.elf.dir/Core/Src/stm32f4xx_it.c.obj
                0x080011c0                DMA2_Stream3_IRQHandler
 .text.CAN2_TX_IRQHandler
                0x080011d0       0x10 CMakeFiles/Board_C_Infantry.elf.dir/Core/Src/stm32f4xx_it.c.obj
                0x080011d0                CAN2_TX_IRQHandler
 .text.CAN2_RX0_IRQHandler
                0x080011e0       0x10 CMakeFiles/Board_C_Infantry.elf.dir/Core/Src/stm32f4xx_it.c.obj
                0x080011e0                CAN2_RX0_IRQHandler
 .text.OTG_FS_IRQHandler
                0x080011f0       0x10 CMakeFiles/Board_C_Infantry.elf.dir/Core/Src/stm32f4xx_it.c.obj
                0x080011f0                OTG_FS_IRQHandler
 .text.DMA2_Stream6_IRQHandler
                0x08001200       0x10 CMakeFiles/Board_C_Infantry.elf.dir/Core/Src/stm32f4xx_it.c.obj
                0x08001200                DMA2_Stream6_IRQHandler
 .text.DMA2_Stream7_IRQHandler
                0x08001210       0x10 CMakeFiles/Board_C_Infantry.elf.dir/Core/Src/stm32f4xx_it.c.obj
                0x08001210                DMA2_Stream7_IRQHandler
 .text.USART6_IRQHandler
                0x08001220       0x10 CMakeFiles/Board_C_Infantry.elf.dir/Core/Src/stm32f4xx_it.c.obj
                0x08001220                USART6_IRQHandler
 .text._sbrk    0x08001230       0x3c CMakeFiles/Board_C_Infantry.elf.dir/Core/Src/syscalls.c.obj
                0x08001230                _sbrk
 .text.SystemInit
                0x0800126c       0x4c CMakeFiles/Board_C_Infantry.elf.dir/Core/Src/system_stm32f4xx.c.obj
                0x0800126c                SystemInit
 .text.HAL_TIM_PWM_MspInit
                0x080012b8       0x54 CMakeFiles/Board_C_Infantry.elf.dir/Core/Src/tim.c.obj
                0x080012b8                HAL_TIM_PWM_MspInit
 .text.HAL_TIM_Base_MspInit
                0x0800130c       0x54 CMakeFiles/Board_C_Infantry.elf.dir/Core/Src/tim.c.obj
                0x0800130c                HAL_TIM_Base_MspInit
 .text.HAL_TIM_MspPostInit
                0x08001360      0x10c CMakeFiles/Board_C_Infantry.elf.dir/Core/Src/tim.c.obj
                0x08001360                HAL_TIM_MspPostInit
 .text.MX_TIM3_Init
                0x0800146c       0x84 CMakeFiles/Board_C_Infantry.elf.dir/Core/Src/tim.c.obj
                0x0800146c                MX_TIM3_Init
 .text.MX_TIM4_Init
                0x080014f0       0x84 CMakeFiles/Board_C_Infantry.elf.dir/Core/Src/tim.c.obj
                0x080014f0                MX_TIM4_Init
 .text.MX_TIM8_Init
                0x08001574       0xfc CMakeFiles/Board_C_Infantry.elf.dir/Core/Src/tim.c.obj
                0x08001574                MX_TIM8_Init
 .text.MX_TIM10_Init
                0x08001670       0x74 CMakeFiles/Board_C_Infantry.elf.dir/Core/Src/tim.c.obj
                0x08001670                MX_TIM10_Init
 .text.MX_USART1_UART_Init
                0x080016e4       0x34 CMakeFiles/Board_C_Infantry.elf.dir/Core/Src/usart.c.obj
                0x080016e4                MX_USART1_UART_Init
 .text.MX_USART3_UART_Init
                0x08001718       0x3c CMakeFiles/Board_C_Infantry.elf.dir/Core/Src/usart.c.obj
                0x08001718                MX_USART3_UART_Init
 .text.MX_USART6_UART_Init
                0x08001754       0x34 CMakeFiles/Board_C_Infantry.elf.dir/Core/Src/usart.c.obj
                0x08001754                MX_USART6_UART_Init
 .text.HAL_UART_MspInit
                0x08001788      0x2d0 CMakeFiles/Board_C_Infantry.elf.dir/Core/Src/usart.c.obj
                0x08001788                HAL_UART_MspInit
 .text.HAL_Init
                0x08001a58       0x34 CMakeFiles/Board_C_Infantry.elf.dir/Drivers/STM32F4xx_HAL_Driver/Src/stm32f4xx_hal.c.obj
                0x08001a58                HAL_Init
 .text.HAL_IncTick
                0x08001a8c       0x18 CMakeFiles/Board_C_Infantry.elf.dir/Drivers/STM32F4xx_HAL_Driver/Src/stm32f4xx_hal.c.obj
                0x08001a8c                HAL_IncTick
 .text.HAL_GetTick
                0x08001aa4        0xc CMakeFiles/Board_C_Infantry.elf.dir/Drivers/STM32F4xx_HAL_Driver/Src/stm32f4xx_hal.c.obj
                0x08001aa4                HAL_GetTick
 .text.HAL_Delay
                0x08001ab0       0x28 CMakeFiles/Board_C_Infantry.elf.dir/Drivers/STM32F4xx_HAL_Driver/Src/stm32f4xx_hal.c.obj
                0x08001ab0                HAL_Delay
 .text.HAL_CAN_Init
                0x08001ad8      0x14c CMakeFiles/Board_C_Infantry.elf.dir/Drivers/STM32F4xx_HAL_Driver/Src/stm32f4xx_hal_can.c.obj
                0x08001ad8                HAL_CAN_Init
 .text.HAL_CAN_AddTxMessage
                0x08001c24       0xfc CMakeFiles/Board_C_Infantry.elf.dir/Drivers/STM32F4xx_HAL_Driver/Src/stm32f4xx_hal_can.c.obj
                0x08001c24                HAL_CAN_AddTxMessage
 .text.HAL_CAN_TxMailbox0CompleteCallback
                0x08001d20        0x2 CMakeFiles/Board_C_Infantry.elf.dir/Drivers/STM32F4xx_HAL_Driver/Src/stm32f4xx_hal_can.c.obj
                0x08001d20                HAL_CAN_TxMailbox0CompleteCallback
 .text.HAL_CAN_TxMailbox1CompleteCallback
                0x08001d22        0x2 CMakeFiles/Board_C_Infantry.elf.dir/Drivers/STM32F4xx_HAL_Driver/Src/stm32f4xx_hal_can.c.obj
                0x08001d22                HAL_CAN_TxMailbox1CompleteCallback
 .text.HAL_CAN_TxMailbox2CompleteCallback
                0x08001d24        0x2 CMakeFiles/Board_C_Infantry.elf.dir/Drivers/STM32F4xx_HAL_Driver/Src/stm32f4xx_hal_can.c.obj
                0x08001d24                HAL_CAN_TxMailbox2CompleteCallback
 .text.HAL_CAN_TxMailbox0AbortCallback
                0x08001d26        0x2 CMakeFiles/Board_C_Infantry.elf.dir/Drivers/STM32F4xx_HAL_Driver/Src/stm32f4xx_hal_can.c.obj
                0x08001d26                HAL_CAN_TxMailbox0AbortCallback
 .text.HAL_CAN_TxMailbox1AbortCallback
                0x08001d28        0x2 CMakeFiles/Board_C_Infantry.elf.dir/Drivers/STM32F4xx_HAL_Driver/Src/stm32f4xx_hal_can.c.obj
                0x08001d28                HAL_CAN_TxMailbox1AbortCallback
 .text.HAL_CAN_TxMailbox2AbortCallback
                0x08001d2a        0x2 CMakeFiles/Board_C_Infantry.elf.dir/Drivers/STM32F4xx_HAL_Driver/Src/stm32f4xx_hal_can.c.obj
                0x08001d2a                HAL_CAN_TxMailbox2AbortCallback
 .text.HAL_CAN_RxFifo0MsgPendingCallback
                0x08001d2c        0x2 CMakeFiles/Board_C_Infantry.elf.dir/Drivers/STM32F4xx_HAL_Driver/Src/stm32f4xx_hal_can.c.obj
                0x08001d2c                HAL_CAN_RxFifo0MsgPendingCallback
 .text.HAL_CAN_RxFifo0FullCallback
                0x08001d2e        0x2 CMakeFiles/Board_C_Infantry.elf.dir/Drivers/STM32F4xx_HAL_Driver/Src/stm32f4xx_hal_can.c.obj
                0x08001d2e                HAL_CAN_RxFifo0FullCallback
 .text.HAL_CAN_RxFifo1MsgPendingCallback
                0x08001d30        0x2 CMakeFiles/Board_C_Infantry.elf.dir/Drivers/STM32F4xx_HAL_Driver/Src/stm32f4xx_hal_can.c.obj
                0x08001d30                HAL_CAN_RxFifo1MsgPendingCallback
 .text.HAL_CAN_RxFifo1FullCallback
                0x08001d32        0x2 CMakeFiles/Board_C_Infantry.elf.dir/Drivers/STM32F4xx_HAL_Driver/Src/stm32f4xx_hal_can.c.obj
                0x08001d32                HAL_CAN_RxFifo1FullCallback
 .text.HAL_CAN_SleepCallback
                0x08001d34        0x2 CMakeFiles/Board_C_Infantry.elf.dir/Drivers/STM32F4xx_HAL_Driver/Src/stm32f4xx_hal_can.c.obj
                0x08001d34                HAL_CAN_SleepCallback
 .text.HAL_CAN_WakeUpFromRxMsgCallback
                0x08001d36        0x2 CMakeFiles/Board_C_Infantry.elf.dir/Drivers/STM32F4xx_HAL_Driver/Src/stm32f4xx_hal_can.c.obj
                0x08001d36                HAL_CAN_WakeUpFromRxMsgCallback
 .text.HAL_CAN_ErrorCallback
                0x08001d38        0x2 CMakeFiles/Board_C_Infantry.elf.dir/Drivers/STM32F4xx_HAL_Driver/Src/stm32f4xx_hal_can.c.obj
                0x08001d38                HAL_CAN_ErrorCallback
 .text.HAL_CAN_IRQHandler
                0x08001d3a      0x24a CMakeFiles/Board_C_Infantry.elf.dir/Drivers/STM32F4xx_HAL_Driver/Src/stm32f4xx_hal_can.c.obj
                0x08001d3a                HAL_CAN_IRQHandler
 .text.HAL_NVIC_SetPriorityGrouping
                0x08001f84       0x24 CMakeFiles/Board_C_Infantry.elf.dir/Drivers/STM32F4xx_HAL_Driver/Src/stm32f4xx_hal_cortex.c.obj
                0x08001f84                HAL_NVIC_SetPriorityGrouping
 .text.HAL_NVIC_SetPriority
                0x08001fa8       0x70 CMakeFiles/Board_C_Infantry.elf.dir/Drivers/STM32F4xx_HAL_Driver/Src/stm32f4xx_hal_cortex.c.obj
                0x08001fa8                HAL_NVIC_SetPriority
 .text.HAL_NVIC_EnableIRQ
                0x08002018       0x1c CMakeFiles/Board_C_Infantry.elf.dir/Drivers/STM32F4xx_HAL_Driver/Src/stm32f4xx_hal_cortex.c.obj
                0x08002018                HAL_NVIC_EnableIRQ
 .text.DMA_CalcBaseAndBitshift
                0x08002034       0x44 CMakeFiles/Board_C_Infantry.elf.dir/Drivers/STM32F4xx_HAL_Driver/Src/stm32f4xx_hal_dma.c.obj
 .text.DMA_CheckFifoParam
                0x08002078       0x8e CMakeFiles/Board_C_Infantry.elf.dir/Drivers/STM32F4xx_HAL_Driver/Src/stm32f4xx_hal_dma.c.obj
 *fill*         0x08002106        0x2 
 .text.HAL_DMA_Init
                0x08002108       0xcc CMakeFiles/Board_C_Infantry.elf.dir/Drivers/STM32F4xx_HAL_Driver/Src/stm32f4xx_hal_dma.c.obj
                0x08002108                HAL_DMA_Init
 .text.HAL_DMA_Abort_IT
                0x080021d4       0x26 CMakeFiles/Board_C_Infantry.elf.dir/Drivers/STM32F4xx_HAL_Driver/Src/stm32f4xx_hal_dma.c.obj
                0x080021d4                HAL_DMA_Abort_IT
 *fill*         0x080021fa        0x2 
 .text.HAL_DMA_IRQHandler
                0x080021fc      0x1dc CMakeFiles/Board_C_Infantry.elf.dir/Drivers/STM32F4xx_HAL_Driver/Src/stm32f4xx_hal_dma.c.obj
                0x080021fc                HAL_DMA_IRQHandler
 .text.HAL_GPIO_Init
                0x080023d8      0x1cc CMakeFiles/Board_C_Infantry.elf.dir/Drivers/STM32F4xx_HAL_Driver/Src/stm32f4xx_hal_gpio.c.obj
                0x080023d8                HAL_GPIO_Init
 .text.HAL_GPIO_WritePin
                0x080025a4        0xc CMakeFiles/Board_C_Infantry.elf.dir/Drivers/STM32F4xx_HAL_Driver/Src/stm32f4xx_hal_gpio.c.obj
                0x080025a4                HAL_GPIO_WritePin
 .text.HAL_GPIO_EXTI_Callback
                0x080025b0        0x2 CMakeFiles/Board_C_Infantry.elf.dir/Drivers/STM32F4xx_HAL_Driver/Src/stm32f4xx_hal_gpio.c.obj
                0x080025b0                HAL_GPIO_EXTI_Callback
 *fill*         0x080025b2        0x2 
 .text.HAL_GPIO_EXTI_IRQHandler
                0x080025b4       0x1c CMakeFiles/Board_C_Infantry.elf.dir/Drivers/STM32F4xx_HAL_Driver/Src/stm32f4xx_hal_gpio.c.obj
                0x080025b4                HAL_GPIO_EXTI_IRQHandler
 .text.HAL_I2C_Init
                0x080025d0      0x1a8 CMakeFiles/Board_C_Infantry.elf.dir/Drivers/STM32F4xx_HAL_Driver/Src/stm32f4xx_hal_i2c.c.obj
                0x080025d0                HAL_I2C_Init
 .text.PCD_WriteEmptyTxFifo
                0x08002778       0xd0 CMakeFiles/Board_C_Infantry.elf.dir/Drivers/STM32F4xx_HAL_Driver/Src/stm32f4xx_hal_pcd.c.obj
 .text.HAL_PCD_Init
                0x08002848      0x12e CMakeFiles/Board_C_Infantry.elf.dir/Drivers/STM32F4xx_HAL_Driver/Src/stm32f4xx_hal_pcd.c.obj
                0x08002848                HAL_PCD_Init
 .text.HAL_PCD_Start
                0x08002976       0x42 CMakeFiles/Board_C_Infantry.elf.dir/Drivers/STM32F4xx_HAL_Driver/Src/stm32f4xx_hal_pcd.c.obj
                0x08002976                HAL_PCD_Start
 .text.PCD_EP_OutXfrComplete_int
                0x080029b8       0xf4 CMakeFiles/Board_C_Infantry.elf.dir/Drivers/STM32F4xx_HAL_Driver/Src/stm32f4xx_hal_pcd.c.obj
 .text.PCD_EP_OutSetupPacket_int
                0x08002aac       0x6c CMakeFiles/Board_C_Infantry.elf.dir/Drivers/STM32F4xx_HAL_Driver/Src/stm32f4xx_hal_pcd.c.obj
 .text.HAL_PCD_IRQHandler
                0x08002b18      0x47a CMakeFiles/Board_C_Infantry.elf.dir/Drivers/STM32F4xx_HAL_Driver/Src/stm32f4xx_hal_pcd.c.obj
                0x08002b18                HAL_PCD_IRQHandler
 .text.HAL_PCD_SetAddress
                0x08002f92       0x28 CMakeFiles/Board_C_Infantry.elf.dir/Drivers/STM32F4xx_HAL_Driver/Src/stm32f4xx_hal_pcd.c.obj
                0x08002f92                HAL_PCD_SetAddress
 .text.HAL_PCD_EP_Open
                0x08002fba       0x8a CMakeFiles/Board_C_Infantry.elf.dir/Drivers/STM32F4xx_HAL_Driver/Src/stm32f4xx_hal_pcd.c.obj
                0x08002fba                HAL_PCD_EP_Open
 .text.HAL_PCD_EP_Close
                0x08003044       0x72 CMakeFiles/Board_C_Infantry.elf.dir/Drivers/STM32F4xx_HAL_Driver/Src/stm32f4xx_hal_pcd.c.obj
                0x08003044                HAL_PCD_EP_Close
 .text.HAL_PCD_EP_Receive
                0x080030b6       0x5e CMakeFiles/Board_C_Infantry.elf.dir/Drivers/STM32F4xx_HAL_Driver/Src/stm32f4xx_hal_pcd.c.obj
                0x080030b6                HAL_PCD_EP_Receive
 .text.HAL_PCD_EP_GetRxCount
                0x08003114       0x12 CMakeFiles/Board_C_Infantry.elf.dir/Drivers/STM32F4xx_HAL_Driver/Src/stm32f4xx_hal_pcd.c.obj
                0x08003114                HAL_PCD_EP_GetRxCount
 .text.HAL_PCD_EP_Transmit
                0x08003126       0x5e CMakeFiles/Board_C_Infantry.elf.dir/Drivers/STM32F4xx_HAL_Driver/Src/stm32f4xx_hal_pcd.c.obj
                0x08003126                HAL_PCD_EP_Transmit
 .text.HAL_PCD_EP_SetStall
                0x08003184       0x88 CMakeFiles/Board_C_Infantry.elf.dir/Drivers/STM32F4xx_HAL_Driver/Src/stm32f4xx_hal_pcd.c.obj
                0x08003184                HAL_PCD_EP_SetStall
 .text.HAL_PCD_EP_ClrStall
                0x0800320c       0x76 CMakeFiles/Board_C_Infantry.elf.dir/Drivers/STM32F4xx_HAL_Driver/Src/stm32f4xx_hal_pcd.c.obj
                0x0800320c                HAL_PCD_EP_ClrStall
 .text.HAL_PCDEx_SetTxFiFo
                0x08003282       0x4c CMakeFiles/Board_C_Infantry.elf.dir/Drivers/STM32F4xx_HAL_Driver/Src/stm32f4xx_hal_pcd_ex.c.obj
                0x08003282                HAL_PCDEx_SetTxFiFo
 .text.HAL_PCDEx_SetRxFiFo
                0x080032ce        0x8 CMakeFiles/Board_C_Infantry.elf.dir/Drivers/STM32F4xx_HAL_Driver/Src/stm32f4xx_hal_pcd_ex.c.obj
                0x080032ce                HAL_PCDEx_SetRxFiFo
 .text.HAL_PCDEx_LPM_Callback
                0x080032d6        0x2 CMakeFiles/Board_C_Infantry.elf.dir/Drivers/STM32F4xx_HAL_Driver/Src/stm32f4xx_hal_pcd_ex.c.obj
                0x080032d6                HAL_PCDEx_LPM_Callback
 .text.HAL_RCC_OscConfig
                0x080032d8      0x398 CMakeFiles/Board_C_Infantry.elf.dir/Drivers/STM32F4xx_HAL_Driver/Src/stm32f4xx_hal_rcc.c.obj
                0x080032d8                HAL_RCC_OscConfig
 .text.HAL_RCC_GetSysClockFreq
                0x08003670       0xa4 CMakeFiles/Board_C_Infantry.elf.dir/Drivers/STM32F4xx_HAL_Driver/Src/stm32f4xx_hal_rcc.c.obj
                0x08003670                HAL_RCC_GetSysClockFreq
 .text.HAL_RCC_ClockConfig
                0x08003714      0x15c CMakeFiles/Board_C_Infantry.elf.dir/Drivers/STM32F4xx_HAL_Driver/Src/stm32f4xx_hal_rcc.c.obj
                0x08003714                HAL_RCC_ClockConfig
 .text.HAL_RCC_GetHCLKFreq
                0x08003870        0xc CMakeFiles/Board_C_Infantry.elf.dir/Drivers/STM32F4xx_HAL_Driver/Src/stm32f4xx_hal_rcc.c.obj
                0x08003870                HAL_RCC_GetHCLKFreq
 .text.HAL_RCC_GetPCLK1Freq
                0x0800387c       0x20 CMakeFiles/Board_C_Infantry.elf.dir/Drivers/STM32F4xx_HAL_Driver/Src/stm32f4xx_hal_rcc.c.obj
                0x0800387c                HAL_RCC_GetPCLK1Freq
 .text.HAL_RCC_GetPCLK2Freq
                0x0800389c       0x20 CMakeFiles/Board_C_Infantry.elf.dir/Drivers/STM32F4xx_HAL_Driver/Src/stm32f4xx_hal_rcc.c.obj
                0x0800389c                HAL_RCC_GetPCLK2Freq
 .text.HAL_RCC_GetClockConfig
                0x080038bc       0x3c CMakeFiles/Board_C_Infantry.elf.dir/Drivers/STM32F4xx_HAL_Driver/Src/stm32f4xx_hal_rcc.c.obj
                0x080038bc                HAL_RCC_GetClockConfig
 .text.HAL_RNG_Init
                0x080038f8       0x2e CMakeFiles/Board_C_Infantry.elf.dir/Drivers/STM32F4xx_HAL_Driver/Src/stm32f4xx_hal_rng.c.obj
                0x080038f8                HAL_RNG_Init
 .text.HAL_SPI_Init
                0x08003926       0x80 CMakeFiles/Board_C_Infantry.elf.dir/Drivers/STM32F4xx_HAL_Driver/Src/stm32f4xx_hal_spi.c.obj
                0x08003926                HAL_SPI_Init
 *fill*         0x080039a6        0x2 
 .text.TIM_OC1_SetConfig
                0x080039a8       0x68 CMakeFiles/Board_C_Infantry.elf.dir/Drivers/STM32F4xx_HAL_Driver/Src/stm32f4xx_hal_tim.c.obj
 .text.TIM_OC3_SetConfig
                0x08003a10       0x70 CMakeFiles/Board_C_Infantry.elf.dir/Drivers/STM32F4xx_HAL_Driver/Src/stm32f4xx_hal_tim.c.obj
 .text.TIM_OC4_SetConfig
                0x08003a80       0x50 CMakeFiles/Board_C_Infantry.elf.dir/Drivers/STM32F4xx_HAL_Driver/Src/stm32f4xx_hal_tim.c.obj
 .text.TIM_TI1_ConfigInputStage
                0x08003ad0       0x26 CMakeFiles/Board_C_Infantry.elf.dir/Drivers/STM32F4xx_HAL_Driver/Src/stm32f4xx_hal_tim.c.obj
 .text.TIM_TI2_ConfigInputStage
                0x08003af6       0x28 CMakeFiles/Board_C_Infantry.elf.dir/Drivers/STM32F4xx_HAL_Driver/Src/stm32f4xx_hal_tim.c.obj
 .text.TIM_ITRx_SetConfig
                0x08003b1e       0x10 CMakeFiles/Board_C_Infantry.elf.dir/Drivers/STM32F4xx_HAL_Driver/Src/stm32f4xx_hal_tim.c.obj
 .text.HAL_TIM_Base_Start_IT
                0x08003b2e       0x22 CMakeFiles/Board_C_Infantry.elf.dir/Drivers/STM32F4xx_HAL_Driver/Src/stm32f4xx_hal_tim.c.obj
                0x08003b2e                HAL_TIM_Base_Start_IT
 .text.HAL_TIM_OC_DelayElapsedCallback
                0x08003b50        0x2 CMakeFiles/Board_C_Infantry.elf.dir/Drivers/STM32F4xx_HAL_Driver/Src/stm32f4xx_hal_tim.c.obj
                0x08003b50                HAL_TIM_OC_DelayElapsedCallback
 .text.HAL_TIM_IC_CaptureCallback
                0x08003b52        0x2 CMakeFiles/Board_C_Infantry.elf.dir/Drivers/STM32F4xx_HAL_Driver/Src/stm32f4xx_hal_tim.c.obj
                0x08003b52                HAL_TIM_IC_CaptureCallback
 .text.HAL_TIM_PWM_PulseFinishedCallback
                0x08003b54        0x2 CMakeFiles/Board_C_Infantry.elf.dir/Drivers/STM32F4xx_HAL_Driver/Src/stm32f4xx_hal_tim.c.obj
                0x08003b54                HAL_TIM_PWM_PulseFinishedCallback
 .text.HAL_TIM_TriggerCallback
                0x08003b56        0x2 CMakeFiles/Board_C_Infantry.elf.dir/Drivers/STM32F4xx_HAL_Driver/Src/stm32f4xx_hal_tim.c.obj
                0x08003b56                HAL_TIM_TriggerCallback
 .text.HAL_TIM_IRQHandler
                0x08003b58      0x17a CMakeFiles/Board_C_Infantry.elf.dir/Drivers/STM32F4xx_HAL_Driver/Src/stm32f4xx_hal_tim.c.obj
                0x08003b58                HAL_TIM_IRQHandler
 *fill*         0x08003cd2        0x2 
 .text.TIM_Base_SetConfig
                0x08003cd4       0xc8 CMakeFiles/Board_C_Infantry.elf.dir/Drivers/STM32F4xx_HAL_Driver/Src/stm32f4xx_hal_tim.c.obj
                0x08003cd4                TIM_Base_SetConfig
 .text.HAL_TIM_Base_Init
                0x08003d9c       0x34 CMakeFiles/Board_C_Infantry.elf.dir/Drivers/STM32F4xx_HAL_Driver/Src/stm32f4xx_hal_tim.c.obj
                0x08003d9c                HAL_TIM_Base_Init
 .text.HAL_TIM_PWM_Init
                0x08003dd0       0x34 CMakeFiles/Board_C_Infantry.elf.dir/Drivers/STM32F4xx_HAL_Driver/Src/stm32f4xx_hal_tim.c.obj
                0x08003dd0                HAL_TIM_PWM_Init
 .text.TIM_OC2_SetConfig
                0x08003e04       0x70 CMakeFiles/Board_C_Infantry.elf.dir/Drivers/STM32F4xx_HAL_Driver/Src/stm32f4xx_hal_tim.c.obj
                0x08003e04                TIM_OC2_SetConfig
 .text.HAL_TIM_PWM_ConfigChannel
                0x08003e74       0xdc CMakeFiles/Board_C_Infantry.elf.dir/Drivers/STM32F4xx_HAL_Driver/Src/stm32f4xx_hal_tim.c.obj
                0x08003e74                HAL_TIM_PWM_ConfigChannel
 .text.TIM_ETR_SetConfig
                0x08003f50       0x1a CMakeFiles/Board_C_Infantry.elf.dir/Drivers/STM32F4xx_HAL_Driver/Src/stm32f4xx_hal_tim.c.obj
                0x08003f50                TIM_ETR_SetConfig
 .text.HAL_TIM_ConfigClockSource
                0x08003f6a       0xda CMakeFiles/Board_C_Infantry.elf.dir/Drivers/STM32F4xx_HAL_Driver/Src/stm32f4xx_hal_tim.c.obj
                0x08003f6a                HAL_TIM_ConfigClockSource
 .text.HAL_TIMEx_MasterConfigSynchronization
                0x08004044       0x48 CMakeFiles/Board_C_Infantry.elf.dir/Drivers/STM32F4xx_HAL_Driver/Src/stm32f4xx_hal_tim_ex.c.obj
                0x08004044                HAL_TIMEx_MasterConfigSynchronization
 .text.HAL_TIMEx_ConfigBreakDeadTime
                0x0800408c       0x52 CMakeFiles/Board_C_Infantry.elf.dir/Drivers/STM32F4xx_HAL_Driver/Src/stm32f4xx_hal_tim_ex.c.obj
                0x0800408c                HAL_TIMEx_ConfigBreakDeadTime
 .text.HAL_TIMEx_CommutCallback
                0x080040de        0x2 CMakeFiles/Board_C_Infantry.elf.dir/Drivers/STM32F4xx_HAL_Driver/Src/stm32f4xx_hal_tim_ex.c.obj
                0x080040de                HAL_TIMEx_CommutCallback
 .text.HAL_TIMEx_BreakCallback
                0x080040e0        0x2 CMakeFiles/Board_C_Infantry.elf.dir/Drivers/STM32F4xx_HAL_Driver/Src/stm32f4xx_hal_tim_ex.c.obj
                0x080040e0                HAL_TIMEx_BreakCallback
 .text.UART_EndRxTransfer
                0x080040e2       0x1c CMakeFiles/Board_C_Infantry.elf.dir/Drivers/STM32F4xx_HAL_Driver/Src/stm32f4xx_hal_uart.c.obj
 .text.UART_Transmit_IT
                0x080040fe       0x66 CMakeFiles/Board_C_Infantry.elf.dir/Drivers/STM32F4xx_HAL_Driver/Src/stm32f4xx_hal_uart.c.obj
 .text.UART_SetConfig
                0x08004164      0x328 CMakeFiles/Board_C_Infantry.elf.dir/Drivers/STM32F4xx_HAL_Driver/Src/stm32f4xx_hal_uart.c.obj
 .text.HAL_UART_Init
                0x0800448c       0x5e CMakeFiles/Board_C_Infantry.elf.dir/Drivers/STM32F4xx_HAL_Driver/Src/stm32f4xx_hal_uart.c.obj
                0x0800448c                HAL_UART_Init
 .text.HAL_UART_TxCpltCallback
                0x080044ea        0x2 CMakeFiles/Board_C_Infantry.elf.dir/Drivers/STM32F4xx_HAL_Driver/Src/stm32f4xx_hal_uart.c.obj
                0x080044ea                HAL_UART_TxCpltCallback
 .text.UART_EndTransmit_IT
                0x080044ec       0x1a CMakeFiles/Board_C_Infantry.elf.dir/Drivers/STM32F4xx_HAL_Driver/Src/stm32f4xx_hal_uart.c.obj
 .text.UART_Receive_IT
                0x08004506       0x9e CMakeFiles/Board_C_Infantry.elf.dir/Drivers/STM32F4xx_HAL_Driver/Src/stm32f4xx_hal_uart.c.obj
 .text.HAL_UART_ErrorCallback
                0x080045a4        0x2 CMakeFiles/Board_C_Infantry.elf.dir/Drivers/STM32F4xx_HAL_Driver/Src/stm32f4xx_hal_uart.c.obj
                0x080045a4                HAL_UART_ErrorCallback
 *fill*         0x080045a6        0x2 
 .text.HAL_UART_IRQHandler
                0x080045a8      0x120 CMakeFiles/Board_C_Infantry.elf.dir/Drivers/STM32F4xx_HAL_Driver/Src/stm32f4xx_hal_uart.c.obj
                0x080045a8                HAL_UART_IRQHandler
 .text.UART_DMAAbortOnError
                0x080046c8       0x10 CMakeFiles/Board_C_Infantry.elf.dir/Drivers/STM32F4xx_HAL_Driver/Src/stm32f4xx_hal_uart.c.obj
 .text.USB_CoreReset
                0x080046d8       0x3c CMakeFiles/Board_C_Infantry.elf.dir/Drivers/STM32F4xx_HAL_Driver/Src/stm32f4xx_ll_usb.c.obj
 .text.USB_CoreInit
                0x08004714       0x8a CMakeFiles/Board_C_Infantry.elf.dir/Drivers/STM32F4xx_HAL_Driver/Src/stm32f4xx_ll_usb.c.obj
                0x08004714                USB_CoreInit
 *fill*         0x0800479e        0x2 
 .text.USB_SetTurnaroundTime
                0x080047a0       0xe4 CMakeFiles/Board_C_Infantry.elf.dir/Drivers/STM32F4xx_HAL_Driver/Src/stm32f4xx_ll_usb.c.obj
                0x080047a0                USB_SetTurnaroundTime
 .text.USB_EnableGlobalInt
                0x08004884        0xc CMakeFiles/Board_C_Infantry.elf.dir/Drivers/STM32F4xx_HAL_Driver/Src/stm32f4xx_ll_usb.c.obj
                0x08004884                USB_EnableGlobalInt
 .text.USB_DisableGlobalInt
                0x08004890        0xc CMakeFiles/Board_C_Infantry.elf.dir/Drivers/STM32F4xx_HAL_Driver/Src/stm32f4xx_ll_usb.c.obj
                0x08004890                USB_DisableGlobalInt
 .text.USB_SetCurrentMode
                0x0800489c       0x30 CMakeFiles/Board_C_Infantry.elf.dir/Drivers/STM32F4xx_HAL_Driver/Src/stm32f4xx_ll_usb.c.obj
                0x0800489c                USB_SetCurrentMode
 .text.USB_FlushTxFifo
                0x080048cc       0x28 CMakeFiles/Board_C_Infantry.elf.dir/Drivers/STM32F4xx_HAL_Driver/Src/stm32f4xx_ll_usb.c.obj
                0x080048cc                USB_FlushTxFifo
 .text.USB_FlushRxFifo
                0x080048f4       0x24 CMakeFiles/Board_C_Infantry.elf.dir/Drivers/STM32F4xx_HAL_Driver/Src/stm32f4xx_ll_usb.c.obj
                0x080048f4                USB_FlushRxFifo
 .text.USB_SetDevSpeed
                0x08004918        0xe CMakeFiles/Board_C_Infantry.elf.dir/Drivers/STM32F4xx_HAL_Driver/Src/stm32f4xx_ll_usb.c.obj
                0x08004918                USB_SetDevSpeed
 *fill*         0x08004926        0x2 
 .text.USB_DevInit
                0x08004928      0x19c CMakeFiles/Board_C_Infantry.elf.dir/Drivers/STM32F4xx_HAL_Driver/Src/stm32f4xx_ll_usb.c.obj
                0x08004928                USB_DevInit
 .text.USB_GetDevSpeed
                0x08004ac4       0x22 CMakeFiles/Board_C_Infantry.elf.dir/Drivers/STM32F4xx_HAL_Driver/Src/stm32f4xx_ll_usb.c.obj
                0x08004ac4                USB_GetDevSpeed
 .text.USB_ActivateEndpoint
                0x08004ae6       0x9c CMakeFiles/Board_C_Infantry.elf.dir/Drivers/STM32F4xx_HAL_Driver/Src/stm32f4xx_ll_usb.c.obj
                0x08004ae6                USB_ActivateEndpoint
 *fill*         0x08004b82        0x2 
 .text.USB_DeactivateEndpoint
                0x08004b84       0x94 CMakeFiles/Board_C_Infantry.elf.dir/Drivers/STM32F4xx_HAL_Driver/Src/stm32f4xx_ll_usb.c.obj
                0x08004b84                USB_DeactivateEndpoint
 .text.USB_EP0StartXfer
                0x08004c18      0x120 CMakeFiles/Board_C_Infantry.elf.dir/Drivers/STM32F4xx_HAL_Driver/Src/stm32f4xx_ll_usb.c.obj
                0x08004c18                USB_EP0StartXfer
 .text.USB_WritePacket
                0x08004d38       0x2e CMakeFiles/Board_C_Infantry.elf.dir/Drivers/STM32F4xx_HAL_Driver/Src/stm32f4xx_ll_usb.c.obj
                0x08004d38                USB_WritePacket
 *fill*         0x08004d66        0x2 
 .text.USB_EPStartXfer
                0x08004d68      0x238 CMakeFiles/Board_C_Infantry.elf.dir/Drivers/STM32F4xx_HAL_Driver/Src/stm32f4xx_ll_usb.c.obj
                0x08004d68                USB_EPStartXfer
 .text.USB_ReadPacket
                0x08004fa0       0x1e CMakeFiles/Board_C_Infantry.elf.dir/Drivers/STM32F4xx_HAL_Driver/Src/stm32f4xx_ll_usb.c.obj
                0x08004fa0                USB_ReadPacket
 .text.USB_EPSetStall
                0x08004fbe       0x5a CMakeFiles/Board_C_Infantry.elf.dir/Drivers/STM32F4xx_HAL_Driver/Src/stm32f4xx_ll_usb.c.obj
                0x08004fbe                USB_EPSetStall
 .text.USB_EPClearStall
                0x08005018       0x5c CMakeFiles/Board_C_Infantry.elf.dir/Drivers/STM32F4xx_HAL_Driver/Src/stm32f4xx_ll_usb.c.obj
                0x08005018                USB_EPClearStall
 .text.USB_SetDevAddress
                0x08005074       0x20 CMakeFiles/Board_C_Infantry.elf.dir/Drivers/STM32F4xx_HAL_Driver/Src/stm32f4xx_ll_usb.c.obj
                0x08005074                USB_SetDevAddress
 .text.USB_DevConnect
                0x08005094       0x18 CMakeFiles/Board_C_Infantry.elf.dir/Drivers/STM32F4xx_HAL_Driver/Src/stm32f4xx_ll_usb.c.obj
                0x08005094                USB_DevConnect
 .text.USB_DevDisconnect
                0x080050ac       0x18 CMakeFiles/Board_C_Infantry.elf.dir/Drivers/STM32F4xx_HAL_Driver/Src/stm32f4xx_ll_usb.c.obj
                0x080050ac                USB_DevDisconnect
 .text.USB_ReadInterrupts
                0x080050c4        0x8 CMakeFiles/Board_C_Infantry.elf.dir/Drivers/STM32F4xx_HAL_Driver/Src/stm32f4xx_ll_usb.c.obj
                0x080050c4                USB_ReadInterrupts
 .text.USB_ReadDevAllOutEpInterrupt
                0x080050cc       0x10 CMakeFiles/Board_C_Infantry.elf.dir/Drivers/STM32F4xx_HAL_Driver/Src/stm32f4xx_ll_usb.c.obj
                0x080050cc                USB_ReadDevAllOutEpInterrupt
 .text.USB_ReadDevAllInEpInterrupt
                0x080050dc       0x10 CMakeFiles/Board_C_Infantry.elf.dir/Drivers/STM32F4xx_HAL_Driver/Src/stm32f4xx_ll_usb.c.obj
                0x080050dc                USB_ReadDevAllInEpInterrupt
 .text.USB_ReadDevOutEPInterrupt
                0x080050ec       0x12 CMakeFiles/Board_C_Infantry.elf.dir/Drivers/STM32F4xx_HAL_Driver/Src/stm32f4xx_ll_usb.c.obj
                0x080050ec                USB_ReadDevOutEPInterrupt
 .text.USB_ReadDevInEPInterrupt
                0x080050fe       0x28 CMakeFiles/Board_C_Infantry.elf.dir/Drivers/STM32F4xx_HAL_Driver/Src/stm32f4xx_ll_usb.c.obj
                0x080050fe                USB_ReadDevInEPInterrupt
 .text.USB_GetMode
                0x08005126        0x8 CMakeFiles/Board_C_Infantry.elf.dir/Drivers/STM32F4xx_HAL_Driver/Src/stm32f4xx_ll_usb.c.obj
                0x08005126                USB_GetMode
 .text.USB_ActivateSetup
                0x0800512e       0x38 CMakeFiles/Board_C_Infantry.elf.dir/Drivers/STM32F4xx_HAL_Driver/Src/stm32f4xx_ll_usb.c.obj
                0x0800512e                USB_ActivateSetup
 *fill*         0x08005166        0x2 
 .text.USB_EP0_OutStart
                0x08005168       0x60 CMakeFiles/Board_C_Infantry.elf.dir/Drivers/STM32F4xx_HAL_Driver/Src/stm32f4xx_ll_usb.c.obj
                0x08005168                USB_EP0_OutStart
 .text.USBD_CDC_EP0_RxReady
                0x080051c8       0x28 CMakeFiles/Board_C_Infantry.elf.dir/Middlewares/ST/STM32_USB_Device_Library/Class/CDC/Src/usbd_cdc.c.obj
 .text.USBD_CDC_GetFSCfgDesc
                0x080051f0        0xc CMakeFiles/Board_C_Infantry.elf.dir/Middlewares/ST/STM32_USB_Device_Library/Class/CDC/Src/usbd_cdc.c.obj
 .text.USBD_CDC_GetHSCfgDesc
                0x080051fc        0xc CMakeFiles/Board_C_Infantry.elf.dir/Middlewares/ST/STM32_USB_Device_Library/Class/CDC/Src/usbd_cdc.c.obj
 .text.USBD_CDC_GetOtherSpeedCfgDesc
                0x08005208        0xc CMakeFiles/Board_C_Infantry.elf.dir/Middlewares/ST/STM32_USB_Device_Library/Class/CDC/Src/usbd_cdc.c.obj
 .text.USBD_CDC_GetDeviceQualifierDescriptor
                0x08005214        0xc CMakeFiles/Board_C_Infantry.elf.dir/Middlewares/ST/STM32_USB_Device_Library/Class/CDC/Src/usbd_cdc.c.obj
                0x08005214                USBD_CDC_GetDeviceQualifierDescriptor
 .text.USBD_CDC_DataOut
                0x08005220       0x2e CMakeFiles/Board_C_Infantry.elf.dir/Middlewares/ST/STM32_USB_Device_Library/Class/CDC/Src/usbd_cdc.c.obj
 .text.USBD_CDC_DataIn
                0x0800524e       0x4e CMakeFiles/Board_C_Infantry.elf.dir/Middlewares/ST/STM32_USB_Device_Library/Class/CDC/Src/usbd_cdc.c.obj
 .text.USBD_CDC_Setup
                0x0800529c       0xd6 CMakeFiles/Board_C_Infantry.elf.dir/Middlewares/ST/STM32_USB_Device_Library/Class/CDC/Src/usbd_cdc.c.obj
 .text.USBD_CDC_DeInit
                0x08005372       0x42 CMakeFiles/Board_C_Infantry.elf.dir/Middlewares/ST/STM32_USB_Device_Library/Class/CDC/Src/usbd_cdc.c.obj
 .text.USBD_CDC_Init
                0x080053b4       0xaa CMakeFiles/Board_C_Infantry.elf.dir/Middlewares/ST/STM32_USB_Device_Library/Class/CDC/Src/usbd_cdc.c.obj
 .text.USBD_CDC_RegisterInterface
                0x0800545e        0xe CMakeFiles/Board_C_Infantry.elf.dir/Middlewares/ST/STM32_USB_Device_Library/Class/CDC/Src/usbd_cdc.c.obj
                0x0800545e                USBD_CDC_RegisterInterface
 .text.USBD_CDC_SetTxBuffer
                0x0800546c       0x10 CMakeFiles/Board_C_Infantry.elf.dir/Middlewares/ST/STM32_USB_Device_Library/Class/CDC/Src/usbd_cdc.c.obj
                0x0800546c                USBD_CDC_SetTxBuffer
 .text.USBD_CDC_SetRxBuffer
                0x0800547c        0xc CMakeFiles/Board_C_Infantry.elf.dir/Middlewares/ST/STM32_USB_Device_Library/Class/CDC/Src/usbd_cdc.c.obj
                0x0800547c                USBD_CDC_SetRxBuffer
 .text.USBD_CDC_ReceivePacket
                0x08005488       0x30 CMakeFiles/Board_C_Infantry.elf.dir/Middlewares/ST/STM32_USB_Device_Library/Class/CDC/Src/usbd_cdc.c.obj
                0x08005488                USBD_CDC_ReceivePacket
 .text.USBD_Init
                0x080054b8       0x2e CMakeFiles/Board_C_Infantry.elf.dir/Middlewares/ST/STM32_USB_Device_Library/Core/Src/usbd_core.c.obj
                0x080054b8                USBD_Init
 .text.USBD_RegisterClass
                0x080054e6        0xe CMakeFiles/Board_C_Infantry.elf.dir/Middlewares/ST/STM32_USB_Device_Library/Core/Src/usbd_core.c.obj
                0x080054e6                USBD_RegisterClass
 .text.USBD_Start
                0x080054f4        0xa CMakeFiles/Board_C_Infantry.elf.dir/Middlewares/ST/STM32_USB_Device_Library/Core/Src/usbd_core.c.obj
                0x080054f4                USBD_Start
 .text.USBD_SetClassConfig
                0x080054fe       0x18 CMakeFiles/Board_C_Infantry.elf.dir/Middlewares/ST/STM32_USB_Device_Library/Core/Src/usbd_core.c.obj
                0x080054fe                USBD_SetClassConfig
 .text.USBD_ClrClassConfig
                0x08005516        0xe CMakeFiles/Board_C_Infantry.elf.dir/Middlewares/ST/STM32_USB_Device_Library/Core/Src/usbd_core.c.obj
                0x08005516                USBD_ClrClassConfig
 .text.USBD_LL_SetupStage
                0x08005524       0x5a CMakeFiles/Board_C_Infantry.elf.dir/Middlewares/ST/STM32_USB_Device_Library/Core/Src/usbd_core.c.obj
                0x08005524                USBD_LL_SetupStage
 .text.USBD_LL_DataOutStage
                0x0800557e       0x8c CMakeFiles/Board_C_Infantry.elf.dir/Middlewares/ST/STM32_USB_Device_Library/Core/Src/usbd_core.c.obj
                0x0800557e                USBD_LL_DataOutStage
 .text.USBD_LL_DataInStage
                0x0800560a       0xd0 CMakeFiles/Board_C_Infantry.elf.dir/Middlewares/ST/STM32_USB_Device_Library/Core/Src/usbd_core.c.obj
                0x0800560a                USBD_LL_DataInStage
 .text.USBD_LL_Reset
                0x080056da       0x50 CMakeFiles/Board_C_Infantry.elf.dir/Middlewares/ST/STM32_USB_Device_Library/Core/Src/usbd_core.c.obj
                0x080056da                USBD_LL_Reset
 .text.USBD_LL_SetSpeed
                0x0800572a        0x6 CMakeFiles/Board_C_Infantry.elf.dir/Middlewares/ST/STM32_USB_Device_Library/Core/Src/usbd_core.c.obj
                0x0800572a                USBD_LL_SetSpeed
 .text.USBD_LL_Suspend
                0x08005730       0x12 CMakeFiles/Board_C_Infantry.elf.dir/Middlewares/ST/STM32_USB_Device_Library/Core/Src/usbd_core.c.obj
                0x08005730                USBD_LL_Suspend
 .text.USBD_LL_Resume
                0x08005742        0xc CMakeFiles/Board_C_Infantry.elf.dir/Middlewares/ST/STM32_USB_Device_Library/Core/Src/usbd_core.c.obj
                0x08005742                USBD_LL_Resume
 .text.USBD_LL_SOF
                0x0800574e       0x1c CMakeFiles/Board_C_Infantry.elf.dir/Middlewares/ST/STM32_USB_Device_Library/Core/Src/usbd_core.c.obj
                0x0800574e                USBD_LL_SOF
 .text.USBD_LL_IsoINIncomplete
                0x0800576a        0x4 CMakeFiles/Board_C_Infantry.elf.dir/Middlewares/ST/STM32_USB_Device_Library/Core/Src/usbd_core.c.obj
                0x0800576a                USBD_LL_IsoINIncomplete
 .text.USBD_LL_IsoOUTIncomplete
                0x0800576e        0x4 CMakeFiles/Board_C_Infantry.elf.dir/Middlewares/ST/STM32_USB_Device_Library/Core/Src/usbd_core.c.obj
                0x0800576e                USBD_LL_IsoOUTIncomplete
 .text.USBD_LL_DevConnected
                0x08005772        0x4 CMakeFiles/Board_C_Infantry.elf.dir/Middlewares/ST/STM32_USB_Device_Library/Core/Src/usbd_core.c.obj
                0x08005772                USBD_LL_DevConnected
 .text.USBD_LL_DevDisconnected
                0x08005776       0x16 CMakeFiles/Board_C_Infantry.elf.dir/Middlewares/ST/STM32_USB_Device_Library/Core/Src/usbd_core.c.obj
                0x08005776                USBD_LL_DevDisconnected
 .text.USBD_GetLen
                0x0800578c       0x14 CMakeFiles/Board_C_Infantry.elf.dir/Middlewares/ST/STM32_USB_Device_Library/Core/Src/usbd_ctlreq.c.obj
 .text.USBD_SetFeature
                0x080057a0       0x14 CMakeFiles/Board_C_Infantry.elf.dir/Middlewares/ST/STM32_USB_Device_Library/Core/Src/usbd_ctlreq.c.obj
 .text.USBD_ParseSetupRequest
                0x080057b4       0x28 CMakeFiles/Board_C_Infantry.elf.dir/Middlewares/ST/STM32_USB_Device_Library/Core/Src/usbd_ctlreq.c.obj
                0x080057b4                USBD_ParseSetupRequest
 .text.USBD_CtlError
                0x080057dc       0x14 CMakeFiles/Board_C_Infantry.elf.dir/Middlewares/ST/STM32_USB_Device_Library/Core/Src/usbd_ctlreq.c.obj
                0x080057dc                USBD_CtlError
 .text.USBD_GetDescriptor
                0x080057f0      0x140 CMakeFiles/Board_C_Infantry.elf.dir/Middlewares/ST/STM32_USB_Device_Library/Core/Src/usbd_ctlreq.c.obj
 .text.USBD_SetAddress
                0x08005930       0x4e CMakeFiles/Board_C_Infantry.elf.dir/Middlewares/ST/STM32_USB_Device_Library/Core/Src/usbd_ctlreq.c.obj
 *fill*         0x0800597e        0x2 
 .text.USBD_SetConfig
                0x08005980       0xb0 CMakeFiles/Board_C_Infantry.elf.dir/Middlewares/ST/STM32_USB_Device_Library/Core/Src/usbd_ctlreq.c.obj
 .text.USBD_GetConfig
                0x08005a30       0x3e CMakeFiles/Board_C_Infantry.elf.dir/Middlewares/ST/STM32_USB_Device_Library/Core/Src/usbd_ctlreq.c.obj
 .text.USBD_GetStatus
                0x08005a6e       0x38 CMakeFiles/Board_C_Infantry.elf.dir/Middlewares/ST/STM32_USB_Device_Library/Core/Src/usbd_ctlreq.c.obj
 .text.USBD_ClrFeature
                0x08005aa6       0x26 CMakeFiles/Board_C_Infantry.elf.dir/Middlewares/ST/STM32_USB_Device_Library/Core/Src/usbd_ctlreq.c.obj
 .text.USBD_StdDevReq
                0x08005acc       0x68 CMakeFiles/Board_C_Infantry.elf.dir/Middlewares/ST/STM32_USB_Device_Library/Core/Src/usbd_ctlreq.c.obj
                0x08005acc                USBD_StdDevReq
 .text.USBD_StdItfReq
                0x08005b34       0x60 CMakeFiles/Board_C_Infantry.elf.dir/Middlewares/ST/STM32_USB_Device_Library/Core/Src/usbd_ctlreq.c.obj
                0x08005b34                USBD_StdItfReq
 .text.USBD_StdEPReq
                0x08005b94      0x1de CMakeFiles/Board_C_Infantry.elf.dir/Middlewares/ST/STM32_USB_Device_Library/Core/Src/usbd_ctlreq.c.obj
                0x08005b94                USBD_StdEPReq
 .text.USBD_GetString
                0x08005d72       0x3a CMakeFiles/Board_C_Infantry.elf.dir/Middlewares/ST/STM32_USB_Device_Library/Core/Src/usbd_ctlreq.c.obj
                0x08005d72                USBD_GetString
 .text.USBD_CtlSendData
                0x08005dac       0x1a CMakeFiles/Board_C_Infantry.elf.dir/Middlewares/ST/STM32_USB_Device_Library/Core/Src/usbd_ioreq.c.obj
                0x08005dac                USBD_CtlSendData
 .text.USBD_CtlContinueSendData
                0x08005dc6       0x10 CMakeFiles/Board_C_Infantry.elf.dir/Middlewares/ST/STM32_USB_Device_Library/Core/Src/usbd_ioreq.c.obj
                0x08005dc6                USBD_CtlContinueSendData
 .text.USBD_CtlPrepareRx
                0x08005dd6       0x1e CMakeFiles/Board_C_Infantry.elf.dir/Middlewares/ST/STM32_USB_Device_Library/Core/Src/usbd_ioreq.c.obj
                0x08005dd6                USBD_CtlPrepareRx
 .text.USBD_CtlContinueRx
                0x08005df4       0x10 CMakeFiles/Board_C_Infantry.elf.dir/Middlewares/ST/STM32_USB_Device_Library/Core/Src/usbd_ioreq.c.obj
                0x08005df4                USBD_CtlContinueRx
 .text.USBD_CtlSendStatus
                0x08005e04       0x16 CMakeFiles/Board_C_Infantry.elf.dir/Middlewares/ST/STM32_USB_Device_Library/Core/Src/usbd_ioreq.c.obj
                0x08005e04                USBD_CtlSendStatus
 .text.USBD_CtlReceiveStatus
                0x08005e1a       0x16 CMakeFiles/Board_C_Infantry.elf.dir/Middlewares/ST/STM32_USB_Device_Library/Core/Src/usbd_ioreq.c.obj
                0x08005e1a                USBD_CtlReceiveStatus
 .text.makeFreeRtosPriority
                0x08005e30        0xc CMakeFiles/Board_C_Infantry.elf.dir/Middlewares/Third_Party/FreeRTOS/Source/CMSIS_RTOS/cmsis_os.c.obj
 .text.osKernelStart
                0x08005e3c        0xa CMakeFiles/Board_C_Infantry.elf.dir/Middlewares/Third_Party/FreeRTOS/Source/CMSIS_RTOS/cmsis_os.c.obj
                0x08005e3c                osKernelStart
 .text.osThreadCreate
                0x08005e46       0x6a CMakeFiles/Board_C_Infantry.elf.dir/Middlewares/Third_Party/FreeRTOS/Source/CMSIS_RTOS/cmsis_os.c.obj
                0x08005e46                osThreadCreate
 .text.osDelay  0x08005eb0        0xe CMakeFiles/Board_C_Infantry.elf.dir/Middlewares/Third_Party/FreeRTOS/Source/CMSIS_RTOS/cmsis_os.c.obj
                0x08005eb0                osDelay
 .text.vListInitialise
                0x08005ebe       0x16 CMakeFiles/Board_C_Infantry.elf.dir/Middlewares/Third_Party/FreeRTOS/Source/list.c.obj
                0x08005ebe                vListInitialise
 .text.vListInitialiseItem
                0x08005ed4        0x6 CMakeFiles/Board_C_Infantry.elf.dir/Middlewares/Third_Party/FreeRTOS/Source/list.c.obj
                0x08005ed4                vListInitialiseItem
 .text.vListInsertEnd
                0x08005eda       0x16 CMakeFiles/Board_C_Infantry.elf.dir/Middlewares/Third_Party/FreeRTOS/Source/list.c.obj
                0x08005eda                vListInsertEnd
 .text.vListInsert
                0x08005ef0       0x32 CMakeFiles/Board_C_Infantry.elf.dir/Middlewares/Third_Party/FreeRTOS/Source/list.c.obj
                0x08005ef0                vListInsert
 .text.uxListRemove
                0x08005f22       0x26 CMakeFiles/Board_C_Infantry.elf.dir/Middlewares/Third_Party/FreeRTOS/Source/list.c.obj
                0x08005f22                uxListRemove
 .text.prvTaskExitError
                0x08005f48       0x40 CMakeFiles/Board_C_Infantry.elf.dir/Middlewares/Third_Party/FreeRTOS/Source/portable/GCC/ARM_CM4F/port.c.obj
 .text.prvPortStartFirstTask
                0x08005f88       0x28 CMakeFiles/Board_C_Infantry.elf.dir/Middlewares/Third_Party/FreeRTOS/Source/portable/GCC/ARM_CM4F/port.c.obj
 .text.vPortEnableVFP
                0x08005fb0       0x14 CMakeFiles/Board_C_Infantry.elf.dir/Middlewares/Third_Party/FreeRTOS/Source/portable/GCC/ARM_CM4F/port.c.obj
 .text.pxPortInitialiseStack
                0x08005fc4       0x2c CMakeFiles/Board_C_Infantry.elf.dir/Middlewares/Third_Party/FreeRTOS/Source/portable/GCC/ARM_CM4F/port.c.obj
                0x08005fc4                pxPortInitialiseStack
 .text.SVC_Handler
                0x08005ff0       0x24 CMakeFiles/Board_C_Infantry.elf.dir/Middlewares/Third_Party/FreeRTOS/Source/portable/GCC/ARM_CM4F/port.c.obj
                0x08005ff0                SVC_Handler
 .text.vPortEnterCritical
                0x08006014       0x44 CMakeFiles/Board_C_Infantry.elf.dir/Middlewares/Third_Party/FreeRTOS/Source/portable/GCC/ARM_CM4F/port.c.obj
                0x08006014                vPortEnterCritical
 .text.vPortExitCritical
                0x08006058       0x2c CMakeFiles/Board_C_Infantry.elf.dir/Middlewares/Third_Party/FreeRTOS/Source/portable/GCC/ARM_CM4F/port.c.obj
                0x08006058                vPortExitCritical
 *fill*         0x08006084        0xc 
 .text.PendSV_Handler
                0x08006090       0x64 CMakeFiles/Board_C_Infantry.elf.dir/Middlewares/Third_Party/FreeRTOS/Source/portable/GCC/ARM_CM4F/port.c.obj
                0x08006090                PendSV_Handler
 .text.SysTick_Handler
                0x080060f4       0x2c CMakeFiles/Board_C_Infantry.elf.dir/Middlewares/Third_Party/FreeRTOS/Source/portable/GCC/ARM_CM4F/port.c.obj
                0x080060f4                SysTick_Handler
 .text.vPortSetupTimerInterrupt
                0x08006120       0x28 CMakeFiles/Board_C_Infantry.elf.dir/Middlewares/Third_Party/FreeRTOS/Source/portable/GCC/ARM_CM4F/port.c.obj
                0x08006120                vPortSetupTimerInterrupt
 .text.xPortStartScheduler
                0x08006148      0x118 CMakeFiles/Board_C_Infantry.elf.dir/Middlewares/Third_Party/FreeRTOS/Source/portable/GCC/ARM_CM4F/port.c.obj
                0x08006148                xPortStartScheduler
 .text.vPortValidateInterruptPriority
                0x08006260       0x5c CMakeFiles/Board_C_Infantry.elf.dir/Middlewares/Third_Party/FreeRTOS/Source/portable/GCC/ARM_CM4F/port.c.obj
                0x08006260                vPortValidateInterruptPriority
 .text.prvHeapInit
                0x080062bc       0x64 CMakeFiles/Board_C_Infantry.elf.dir/Middlewares/Third_Party/FreeRTOS/Source/portable/MemMang/heap_4.c.obj
 .text.prvInsertBlockIntoFreeList
                0x08006320       0x64 CMakeFiles/Board_C_Infantry.elf.dir/Middlewares/Third_Party/FreeRTOS/Source/portable/MemMang/heap_4.c.obj
 .text.pvPortMalloc
                0x08006384      0x104 CMakeFiles/Board_C_Infantry.elf.dir/Middlewares/Third_Party/FreeRTOS/Source/portable/MemMang/heap_4.c.obj
                0x08006384                pvPortMalloc
 .text.vPortFree
                0x08006488       0x70 CMakeFiles/Board_C_Infantry.elf.dir/Middlewares/Third_Party/FreeRTOS/Source/portable/MemMang/heap_4.c.obj
                0x08006488                vPortFree
 .text.prvIsQueueFull
                0x080064f8       0x1e CMakeFiles/Board_C_Infantry.elf.dir/Middlewares/Third_Party/FreeRTOS/Source/queue.c.obj
 .text.prvIsQueueEmpty
                0x08006516       0x1a CMakeFiles/Board_C_Infantry.elf.dir/Middlewares/Third_Party/FreeRTOS/Source/queue.c.obj
 .text.prvCopyDataToQueue
                0x08006530       0x76 CMakeFiles/Board_C_Infantry.elf.dir/Middlewares/Third_Party/FreeRTOS/Source/queue.c.obj
 .text.prvCopyDataFromQueue
                0x080065a6       0x24 CMakeFiles/Board_C_Infantry.elf.dir/Middlewares/Third_Party/FreeRTOS/Source/queue.c.obj
 .text.prvUnlockQueue
                0x080065ca       0x6e CMakeFiles/Board_C_Infantry.elf.dir/Middlewares/Third_Party/FreeRTOS/Source/queue.c.obj
 .text.xQueueGenericReset
                0x08006638       0x84 CMakeFiles/Board_C_Infantry.elf.dir/Middlewares/Third_Party/FreeRTOS/Source/queue.c.obj
                0x08006638                xQueueGenericReset
 .text.prvInitialiseNewQueue
                0x080066bc       0x1c CMakeFiles/Board_C_Infantry.elf.dir/Middlewares/Third_Party/FreeRTOS/Source/queue.c.obj
 .text.xQueueGenericCreateStatic
                0x080066d8       0x92 CMakeFiles/Board_C_Infantry.elf.dir/Middlewares/Third_Party/FreeRTOS/Source/queue.c.obj
                0x080066d8                xQueueGenericCreateStatic
 .text.xQueueGenericSend
                0x0800676a      0x188 CMakeFiles/Board_C_Infantry.elf.dir/Middlewares/Third_Party/FreeRTOS/Source/queue.c.obj
                0x0800676a                xQueueGenericSend
 .text.xQueueGenericSendFromISR
                0x080068f2       0xcc CMakeFiles/Board_C_Infantry.elf.dir/Middlewares/Third_Party/FreeRTOS/Source/queue.c.obj
                0x080068f2                xQueueGenericSendFromISR
 .text.xQueueReceive
                0x080069be      0x15e CMakeFiles/Board_C_Infantry.elf.dir/Middlewares/Third_Party/FreeRTOS/Source/queue.c.obj
                0x080069be                xQueueReceive
 .text.vQueueAddToRegistry
                0x08006b1c       0x28 CMakeFiles/Board_C_Infantry.elf.dir/Middlewares/Third_Party/FreeRTOS/Source/queue.c.obj
                0x08006b1c                vQueueAddToRegistry
 .text.vQueueWaitForMessageRestricted
                0x08006b44       0x52 CMakeFiles/Board_C_Infantry.elf.dir/Middlewares/Third_Party/FreeRTOS/Source/queue.c.obj
                0x08006b44                vQueueWaitForMessageRestricted
 *fill*         0x08006b96        0x2 
 .text.prvResetNextTaskUnblockTime
                0x08006b98       0x2c CMakeFiles/Board_C_Infantry.elf.dir/Middlewares/Third_Party/FreeRTOS/Source/tasks.c.obj
 .text.prvInitialiseNewTask
                0x08006bc4       0xa0 CMakeFiles/Board_C_Infantry.elf.dir/Middlewares/Third_Party/FreeRTOS/Source/tasks.c.obj
 .text.prvInitialiseTaskLists
                0x08006c64       0x68 CMakeFiles/Board_C_Infantry.elf.dir/Middlewares/Third_Party/FreeRTOS/Source/tasks.c.obj
 .text.prvAddNewTaskToReadyList
                0x08006ccc       0xa8 CMakeFiles/Board_C_Infantry.elf.dir/Middlewares/Third_Party/FreeRTOS/Source/tasks.c.obj
 .text.prvDeleteTCB
                0x08006d74       0x38 CMakeFiles/Board_C_Infantry.elf.dir/Middlewares/Third_Party/FreeRTOS/Source/tasks.c.obj
 .text.prvCheckTasksWaitingTermination
                0x08006dac       0x4c CMakeFiles/Board_C_Infantry.elf.dir/Middlewares/Third_Party/FreeRTOS/Source/tasks.c.obj
 .text.prvIdleTask
                0x08006df8       0x28 CMakeFiles/Board_C_Infantry.elf.dir/Middlewares/Third_Party/FreeRTOS/Source/tasks.c.obj
 .text.prvAddCurrentTaskToDelayedList
                0x08006e20       0xa0 CMakeFiles/Board_C_Infantry.elf.dir/Middlewares/Third_Party/FreeRTOS/Source/tasks.c.obj
 .text.xTaskCreateStatic
                0x08006ec0       0x74 CMakeFiles/Board_C_Infantry.elf.dir/Middlewares/Third_Party/FreeRTOS/Source/tasks.c.obj
                0x08006ec0                xTaskCreateStatic
 .text.xTaskCreate
                0x08006f34       0x68 CMakeFiles/Board_C_Infantry.elf.dir/Middlewares/Third_Party/FreeRTOS/Source/tasks.c.obj
                0x08006f34                xTaskCreate
 .text.vTaskStartScheduler
                0x08006f9c       0x9c CMakeFiles/Board_C_Infantry.elf.dir/Middlewares/Third_Party/FreeRTOS/Source/tasks.c.obj
                0x08006f9c                vTaskStartScheduler
 .text.vTaskSuspendAll
                0x08007038       0x10 CMakeFiles/Board_C_Infantry.elf.dir/Middlewares/Third_Party/FreeRTOS/Source/tasks.c.obj
                0x08007038                vTaskSuspendAll
 .text.xTaskGetTickCount
                0x08007048        0xc CMakeFiles/Board_C_Infantry.elf.dir/Middlewares/Third_Party/FreeRTOS/Source/tasks.c.obj
                0x08007048                xTaskGetTickCount
 .text.xTaskIncrementTick
                0x08007054      0x118 CMakeFiles/Board_C_Infantry.elf.dir/Middlewares/Third_Party/FreeRTOS/Source/tasks.c.obj
                0x08007054                xTaskIncrementTick
 .text.xTaskResumeAll
                0x0800716c       0xf8 CMakeFiles/Board_C_Infantry.elf.dir/Middlewares/Third_Party/FreeRTOS/Source/tasks.c.obj
                0x0800716c                xTaskResumeAll
 .text.vTaskDelay
                0x08007264       0x4c CMakeFiles/Board_C_Infantry.elf.dir/Middlewares/Third_Party/FreeRTOS/Source/tasks.c.obj
                0x08007264                vTaskDelay
 .text.vTaskSwitchContext
                0x080072b0       0xcc CMakeFiles/Board_C_Infantry.elf.dir/Middlewares/Third_Party/FreeRTOS/Source/tasks.c.obj
                0x080072b0                vTaskSwitchContext
 .text.vTaskPlaceOnEventList
                0x0800737c       0x30 CMakeFiles/Board_C_Infantry.elf.dir/Middlewares/Third_Party/FreeRTOS/Source/tasks.c.obj
                0x0800737c                vTaskPlaceOnEventList
 .text.vTaskPlaceOnEventListRestricted
                0x080073ac       0x38 CMakeFiles/Board_C_Infantry.elf.dir/Middlewares/Third_Party/FreeRTOS/Source/tasks.c.obj
                0x080073ac                vTaskPlaceOnEventListRestricted
 .text.xTaskRemoveFromEventList
                0x080073e4       0x8c CMakeFiles/Board_C_Infantry.elf.dir/Middlewares/Third_Party/FreeRTOS/Source/tasks.c.obj
                0x080073e4                xTaskRemoveFromEventList
 .text.vTaskInternalSetTimeOutState
                0x08007470       0x18 CMakeFiles/Board_C_Infantry.elf.dir/Middlewares/Third_Party/FreeRTOS/Source/tasks.c.obj
                0x08007470                vTaskInternalSetTimeOutState
 .text.xTaskCheckForTimeOut
                0x08007488       0xa0 CMakeFiles/Board_C_Infantry.elf.dir/Middlewares/Third_Party/FreeRTOS/Source/tasks.c.obj
                0x08007488                xTaskCheckForTimeOut
 .text.vTaskMissedYield
                0x08007528        0xc CMakeFiles/Board_C_Infantry.elf.dir/Middlewares/Third_Party/FreeRTOS/Source/tasks.c.obj
                0x08007528                vTaskMissedYield
 .text.xTaskGetSchedulerState
                0x08007534       0x20 CMakeFiles/Board_C_Infantry.elf.dir/Middlewares/Third_Party/FreeRTOS/Source/tasks.c.obj
                0x08007534                xTaskGetSchedulerState
 .text.xTaskPriorityDisinherit
                0x08007554       0xb4 CMakeFiles/Board_C_Infantry.elf.dir/Middlewares/Third_Party/FreeRTOS/Source/tasks.c.obj
                0x08007554                xTaskPriorityDisinherit
 .text.prvGetNextExpireTime
                0x08007608       0x20 CMakeFiles/Board_C_Infantry.elf.dir/Middlewares/Third_Party/FreeRTOS/Source/timers.c.obj
 .text.prvInsertTimerInActiveList
                0x08007628       0x48 CMakeFiles/Board_C_Infantry.elf.dir/Middlewares/Third_Party/FreeRTOS/Source/timers.c.obj
 .text.prvCheckForValidListAndQueue
                0x08007670       0x70 CMakeFiles/Board_C_Infantry.elf.dir/Middlewares/Third_Party/FreeRTOS/Source/timers.c.obj
 .text.xTimerCreateTimerTask
                0x080076e0       0x64 CMakeFiles/Board_C_Infantry.elf.dir/Middlewares/Third_Party/FreeRTOS/Source/timers.c.obj
                0x080076e0                xTimerCreateTimerTask
 .text.xTimerGenericCommand
                0x08007744       0x6c CMakeFiles/Board_C_Infantry.elf.dir/Middlewares/Third_Party/FreeRTOS/Source/timers.c.obj
                0x08007744                xTimerGenericCommand
 .text.prvSwitchTimerLists
                0x080077b0       0x78 CMakeFiles/Board_C_Infantry.elf.dir/Middlewares/Third_Party/FreeRTOS/Source/timers.c.obj
 .text.prvSampleTimeNow
                0x08007828       0x2c CMakeFiles/Board_C_Infantry.elf.dir/Middlewares/Third_Party/FreeRTOS/Source/timers.c.obj
 .text.prvProcessExpiredTimer
                0x08007854       0x60 CMakeFiles/Board_C_Infantry.elf.dir/Middlewares/Third_Party/FreeRTOS/Source/timers.c.obj
 .text.prvProcessTimerOrBlockTask
                0x080078b4       0x74 CMakeFiles/Board_C_Infantry.elf.dir/Middlewares/Third_Party/FreeRTOS/Source/timers.c.obj
 .text.prvProcessReceivedCommands
                0x08007928       0xf8 CMakeFiles/Board_C_Infantry.elf.dir/Middlewares/Third_Party/FreeRTOS/Source/timers.c.obj
 .text.prvTimerTask
                0x08007a20       0x16 CMakeFiles/Board_C_Infantry.elf.dir/Middlewares/Third_Party/FreeRTOS/Source/timers.c.obj
 *fill*         0x08007a36        0x2 
 .text.MX_USB_DEVICE_Init
                0x08007a38       0x54 CMakeFiles/Board_C_Infantry.elf.dir/USB_DEVICE/App/usb_device.c.obj
                0x08007a38                MX_USB_DEVICE_Init
 .text.CDC_DeInit_FS
                0x08007a8c        0x4 CMakeFiles/Board_C_Infantry.elf.dir/USB_DEVICE/App/usbd_cdc_if.c.obj
 .text.CDC_Control_FS
                0x08007a90        0x4 CMakeFiles/Board_C_Infantry.elf.dir/USB_DEVICE/App/usbd_cdc_if.c.obj
 .text.CDC_Receive_FS
                0x08007a94       0x1c CMakeFiles/Board_C_Infantry.elf.dir/USB_DEVICE/App/usbd_cdc_if.c.obj
 .text.CDC_Init_FS
                0x08007ab0       0x28 CMakeFiles/Board_C_Infantry.elf.dir/USB_DEVICE/App/usbd_cdc_if.c.obj
 .text.USBD_FS_DeviceDescriptor
                0x08007ad8        0xc CMakeFiles/Board_C_Infantry.elf.dir/USB_DEVICE/App/usbd_desc.c.obj
                0x08007ad8                USBD_FS_DeviceDescriptor
 .text.USBD_FS_LangIDStrDescriptor
                0x08007ae4        0xc CMakeFiles/Board_C_Infantry.elf.dir/USB_DEVICE/App/usbd_desc.c.obj
                0x08007ae4                USBD_FS_LangIDStrDescriptor
 .text.IntToUnicode
                0x08007af0       0x46 CMakeFiles/Board_C_Infantry.elf.dir/USB_DEVICE/App/usbd_desc.c.obj
 *fill*         0x08007b36        0x2 
 .text.Get_SerialNum
                0x08007b38       0x38 CMakeFiles/Board_C_Infantry.elf.dir/USB_DEVICE/App/usbd_desc.c.obj
 .text.USBD_FS_SerialStrDescriptor
                0x08007b70       0x14 CMakeFiles/Board_C_Infantry.elf.dir/USB_DEVICE/App/usbd_desc.c.obj
                0x08007b70                USBD_FS_SerialStrDescriptor
 .text.USBD_FS_ProductStrDescriptor
                0x08007b84       0x24 CMakeFiles/Board_C_Infantry.elf.dir/USB_DEVICE/App/usbd_desc.c.obj
                0x08007b84                USBD_FS_ProductStrDescriptor
 .text.USBD_FS_ManufacturerStrDescriptor
                0x08007ba8       0x1c CMakeFiles/Board_C_Infantry.elf.dir/USB_DEVICE/App/usbd_desc.c.obj
                0x08007ba8                USBD_FS_ManufacturerStrDescriptor
 .text.USBD_FS_ConfigStrDescriptor
                0x08007bc4       0x24 CMakeFiles/Board_C_Infantry.elf.dir/USB_DEVICE/App/usbd_desc.c.obj
                0x08007bc4                USBD_FS_ConfigStrDescriptor
 .text.USBD_FS_InterfaceStrDescriptor
                0x08007be8       0x24 CMakeFiles/Board_C_Infantry.elf.dir/USB_DEVICE/App/usbd_desc.c.obj
                0x08007be8                USBD_FS_InterfaceStrDescriptor
 .text.HAL_PCD_MspInit
                0x08007c0c       0x84 CMakeFiles/Board_C_Infantry.elf.dir/USB_DEVICE/Target/usbd_conf.c.obj
                0x08007c0c                HAL_PCD_MspInit
 .text.HAL_PCD_SetupStageCallback
                0x08007c90       0x10 CMakeFiles/Board_C_Infantry.elf.dir/USB_DEVICE/Target/usbd_conf.c.obj
                0x08007c90                HAL_PCD_SetupStageCallback
 .text.HAL_PCD_DataOutStageCallback
                0x08007ca0       0x18 CMakeFiles/Board_C_Infantry.elf.dir/USB_DEVICE/Target/usbd_conf.c.obj
                0x08007ca0                HAL_PCD_DataOutStageCallback
 .text.HAL_PCD_DataInStageCallback
                0x08007cb8       0x16 CMakeFiles/Board_C_Infantry.elf.dir/USB_DEVICE/Target/usbd_conf.c.obj
                0x08007cb8                HAL_PCD_DataInStageCallback
 .text.HAL_PCD_SOFCallback
                0x08007cce        0xc CMakeFiles/Board_C_Infantry.elf.dir/USB_DEVICE/Target/usbd_conf.c.obj
                0x08007cce                HAL_PCD_SOFCallback
 .text.HAL_PCD_ResetCallback
                0x08007cda       0x2c CMakeFiles/Board_C_Infantry.elf.dir/USB_DEVICE/Target/usbd_conf.c.obj
                0x08007cda                HAL_PCD_ResetCallback
 *fill*         0x08007d06        0x2 
 .text.HAL_PCD_SuspendCallback
                0x08007d08       0x30 CMakeFiles/Board_C_Infantry.elf.dir/USB_DEVICE/Target/usbd_conf.c.obj
                0x08007d08                HAL_PCD_SuspendCallback
 .text.HAL_PCD_ResumeCallback
                0x08007d38        0xc CMakeFiles/Board_C_Infantry.elf.dir/USB_DEVICE/Target/usbd_conf.c.obj
                0x08007d38                HAL_PCD_ResumeCallback
 .text.HAL_PCD_ISOOUTIncompleteCallback
                0x08007d44        0xc CMakeFiles/Board_C_Infantry.elf.dir/USB_DEVICE/Target/usbd_conf.c.obj
                0x08007d44                HAL_PCD_ISOOUTIncompleteCallback
 .text.HAL_PCD_ISOINIncompleteCallback
                0x08007d50        0xc CMakeFiles/Board_C_Infantry.elf.dir/USB_DEVICE/Target/usbd_conf.c.obj
                0x08007d50                HAL_PCD_ISOINIncompleteCallback
 .text.HAL_PCD_ConnectCallback
                0x08007d5c        0xc CMakeFiles/Board_C_Infantry.elf.dir/USB_DEVICE/Target/usbd_conf.c.obj
                0x08007d5c                HAL_PCD_ConnectCallback
 .text.HAL_PCD_DisconnectCallback
                0x08007d68        0xc CMakeFiles/Board_C_Infantry.elf.dir/USB_DEVICE/Target/usbd_conf.c.obj
                0x08007d68                HAL_PCD_DisconnectCallback
 .text.USBD_LL_Init
                0x08007d74       0x68 CMakeFiles/Board_C_Infantry.elf.dir/USB_DEVICE/Target/usbd_conf.c.obj
                0x08007d74                USBD_LL_Init
 .text.USBD_LL_IsStallEP
                0x08007ddc       0x2e CMakeFiles/Board_C_Infantry.elf.dir/USB_DEVICE/Target/usbd_conf.c.obj
                0x08007ddc                USBD_LL_IsStallEP
 .text.USBD_LL_GetRxDataSize
                0x08007e0a        0xc CMakeFiles/Board_C_Infantry.elf.dir/USB_DEVICE/Target/usbd_conf.c.obj
                0x08007e0a                USBD_LL_GetRxDataSize
 .text.USBD_Get_USB_Status
                0x08007e16       0x14 CMakeFiles/Board_C_Infantry.elf.dir/USB_DEVICE/Target/usbd_conf.c.obj
                0x08007e16                USBD_Get_USB_Status
 .text.USBD_LL_Start
                0x08007e2a       0x10 CMakeFiles/Board_C_Infantry.elf.dir/USB_DEVICE/Target/usbd_conf.c.obj
                0x08007e2a                USBD_LL_Start
 .text.USBD_LL_OpenEP
                0x08007e3a       0x16 CMakeFiles/Board_C_Infantry.elf.dir/USB_DEVICE/Target/usbd_conf.c.obj
                0x08007e3a                USBD_LL_OpenEP
 .text.USBD_LL_CloseEP
                0x08007e50       0x10 CMakeFiles/Board_C_Infantry.elf.dir/USB_DEVICE/Target/usbd_conf.c.obj
                0x08007e50                USBD_LL_CloseEP
 .text.USBD_LL_StallEP
                0x08007e60       0x10 CMakeFiles/Board_C_Infantry.elf.dir/USB_DEVICE/Target/usbd_conf.c.obj
                0x08007e60                USBD_LL_StallEP
 .text.USBD_LL_ClearStallEP
                0x08007e70       0x10 CMakeFiles/Board_C_Infantry.elf.dir/USB_DEVICE/Target/usbd_conf.c.obj
                0x08007e70                USBD_LL_ClearStallEP
 .text.USBD_LL_SetUSBAddress
                0x08007e80       0x10 CMakeFiles/Board_C_Infantry.elf.dir/USB_DEVICE/Target/usbd_conf.c.obj
                0x08007e80                USBD_LL_SetUSBAddress
 .text.USBD_LL_Transmit
                0x08007e90       0x10 CMakeFiles/Board_C_Infantry.elf.dir/USB_DEVICE/Target/usbd_conf.c.obj
                0x08007e90                USBD_LL_Transmit
 .text.USBD_LL_PrepareReceive
                0x08007ea0       0x10 CMakeFiles/Board_C_Infantry.elf.dir/USB_DEVICE/Target/usbd_conf.c.obj
                0x08007ea0                USBD_LL_PrepareReceive
 .text.Reset_Handler
                0x08007eb0       0x50 CMakeFiles/Board_C_Infantry.elf.dir/startup/startup_stm32f407xx.s.obj
                0x08007eb0                Reset_Handler
 .text.Default_Handler
                0x08007f00        0x2 CMakeFiles/Board_C_Infantry.elf.dir/startup/startup_stm32f407xx.s.obj
                0x08007f00                RTC_Alarm_IRQHandler
                0x08007f00                HASH_RNG_IRQHandler
                0x08007f00                EXTI2_IRQHandler
                0x08007f00                TIM8_CC_IRQHandler
                0x08007f00                TIM1_CC_IRQHandler
                0x08007f00                DMA2_Stream5_IRQHandler
                0x08007f00                DMA1_Stream5_IRQHandler
                0x08007f00                PVD_IRQHandler
                0x08007f00                SDIO_IRQHandler
                0x08007f00                TAMP_STAMP_IRQHandler
                0x08007f00                CAN2_RX1_IRQHandler
                0x08007f00                EXTI3_IRQHandler
                0x08007f00                TIM8_TRG_COM_TIM14_IRQHandler
                0x08007f00                TIM1_UP_TIM10_IRQHandler
                0x08007f00                TIM8_UP_TIM13_IRQHandler
                0x08007f00                I2C3_ER_IRQHandler
                0x08007f00                I2C2_EV_IRQHandler
                0x08007f00                DMA1_Stream2_IRQHandler
                0x08007f00                FPU_IRQHandler
                0x08007f00                OTG_HS_WKUP_IRQHandler
                0x08007f00                CAN2_SCE_IRQHandler
                0x08007f00                SPI1_IRQHandler
                0x08007f00                TIM6_DAC_IRQHandler
                0x08007f00                DCMI_IRQHandler
                0x08007f00                CAN1_RX1_IRQHandler
                0x08007f00                UART5_IRQHandler
                0x08007f00                TIM4_IRQHandler
                0x08007f00                I2C1_EV_IRQHandler
                0x08007f00                DMA1_Stream6_IRQHandler
                0x08007f00                UART4_IRQHandler
                0x08007f00                TIM3_IRQHandler
                0x08007f00                RCC_IRQHandler
                0x08007f00                TIM8_BRK_TIM12_IRQHandler
                0x08007f00                Default_Handler
                0x08007f00                EXTI15_10_IRQHandler
                0x08007f00                ADC_IRQHandler
                0x08007f00                DMA1_Stream7_IRQHandler
                0x08007f00                TIM7_IRQHandler
                0x08007f00                TIM5_IRQHandler
                0x08007f00                I2C3_EV_IRQHandler
                0x08007f00                RTC_WKUP_IRQHandler
                0x08007f00                ETH_WKUP_IRQHandler
                0x08007f00                SPI2_IRQHandler
                0x08007f00                OTG_HS_EP1_IN_IRQHandler
                0x08007f00                DMA1_Stream0_IRQHandler
                0x08007f00                EXTI4_IRQHandler
                0x08007f00                FSMC_IRQHandler
                0x08007f00                ETH_IRQHandler
                0x08007f00                OTG_HS_EP1_OUT_IRQHandler
                0x08007f00                WWDG_IRQHandler
                0x08007f00                TIM2_IRQHandler
                0x08007f00                OTG_FS_WKUP_IRQHandler
                0x08007f00                TIM1_TRG_COM_TIM11_IRQHandler
                0x08007f00                OTG_HS_IRQHandler
                0x08007f00                EXTI1_IRQHandler
                0x08007f00                USART2_IRQHandler
                0x08007f00                I2C2_ER_IRQHandler
                0x08007f00                CAN1_SCE_IRQHandler
                0x08007f00                FLASH_IRQHandler
                0x08007f00                DMA2_Stream4_IRQHandler
                0x08007f00                SPI3_IRQHandler
                0x08007f00                DMA1_Stream4_IRQHandler
                0x08007f00                I2C1_ER_IRQHandler
                0x08007f00                DMA1_Stream3_IRQHandler
 *fill*         0x08007f02        0x2 
 .text.__errno  0x08007f04        0xc d:/gcc-arm-none-eabi-10-2020-q4-major-win32/gcc-arm-none-eabi-10-2020-q4-major/bin/../lib/gcc/arm-none-eabi/10.2.1/../../../../arm-none-eabi/lib/thumb/v7e-m+fp/hard\libg.a(lib_a-errno.o)
                0x08007f04                __errno
 .text.__libc_init_array
                0x08007f10       0x48 d:/gcc-arm-none-eabi-10-2020-q4-major-win32/gcc-arm-none-eabi-10-2020-q4-major/bin/../lib/gcc/arm-none-eabi/10.2.1/../../../../arm-none-eabi/lib/thumb/v7e-m+fp/hard\libg.a(lib_a-init.o)
                0x08007f10                __libc_init_array
 .text.malloc   0x08007f58       0x10 d:/gcc-arm-none-eabi-10-2020-q4-major-win32/gcc-arm-none-eabi-10-2020-q4-major/bin/../lib/gcc/arm-none-eabi/10.2.1/../../../../arm-none-eabi/lib/thumb/v7e-m+fp/hard\libg.a(lib_a-malloc.o)
                0x08007f58                malloc
 .text.free     0x08007f68       0x10 d:/gcc-arm-none-eabi-10-2020-q4-major-win32/gcc-arm-none-eabi-10-2020-q4-major/bin/../lib/gcc/arm-none-eabi/10.2.1/../../../../arm-none-eabi/lib/thumb/v7e-m+fp/hard\libg.a(lib_a-malloc.o)
                0x08007f68                free
 .text._malloc_r
                0x08007f78      0x560 d:/gcc-arm-none-eabi-10-2020-q4-major-win32/gcc-arm-none-eabi-10-2020-q4-major/bin/../lib/gcc/arm-none-eabi/10.2.1/../../../../arm-none-eabi/lib/thumb/v7e-m+fp/hard\libg.a(lib_a-mallocr.o)
                0x08007f78                _malloc_r
 .text.memset   0x080084d8       0xa4 d:/gcc-arm-none-eabi-10-2020-q4-major-win32/gcc-arm-none-eabi-10-2020-q4-major/bin/../lib/gcc/arm-none-eabi/10.2.1/../../../../arm-none-eabi/lib/thumb/v7e-m+fp/hard\libg.a(lib_a-memset.o)
                0x080084d8                memset
 .text.__malloc_lock
                0x0800857c        0xc d:/gcc-arm-none-eabi-10-2020-q4-major-win32/gcc-arm-none-eabi-10-2020-q4-major/bin/../lib/gcc/arm-none-eabi/10.2.1/../../../../arm-none-eabi/lib/thumb/v7e-m+fp/hard\libg.a(lib_a-mlock.o)
                0x0800857c                __malloc_lock
 .text.__malloc_unlock
                0x08008588        0xc d:/gcc-arm-none-eabi-10-2020-q4-major-win32/gcc-arm-none-eabi-10-2020-q4-major/bin/../lib/gcc/arm-none-eabi/10.2.1/../../../../arm-none-eabi/lib/thumb/v7e-m+fp/hard\libg.a(lib_a-mlock.o)
                0x08008588                __malloc_unlock
 .text._sbrk_r  0x08008594       0x24 d:/gcc-arm-none-eabi-10-2020-q4-major-win32/gcc-arm-none-eabi-10-2020-q4-major/bin/../lib/gcc/arm-none-eabi/10.2.1/../../../../arm-none-eabi/lib/thumb/v7e-m+fp/hard\libg.a(lib_a-sbrkr.o)
                0x08008594                _sbrk_r
 .text.startup.register_fini
                0x080085b8       0x14 d:/gcc-arm-none-eabi-10-2020-q4-major-win32/gcc-arm-none-eabi-10-2020-q4-major/bin/../lib/gcc/arm-none-eabi/10.2.1/../../../../arm-none-eabi/lib/thumb/v7e-m+fp/hard\libg.a(lib_a-__call_atexit.o)
 .text.atexit   0x080085cc        0xc d:/gcc-arm-none-eabi-10-2020-q4-major-win32/gcc-arm-none-eabi-10-2020-q4-major/bin/../lib/gcc/arm-none-eabi/10.2.1/../../../../arm-none-eabi/lib/thumb/v7e-m+fp/hard\libg.a(lib_a-atexit.o)
                0x080085cc                atexit
 .text.__libc_fini_array
                0x080085d8       0x2c d:/gcc-arm-none-eabi-10-2020-q4-major-win32/gcc-arm-none-eabi-10-2020-q4-major/bin/../lib/gcc/arm-none-eabi/10.2.1/../../../../arm-none-eabi/lib/thumb/v7e-m+fp/hard\libg.a(lib_a-fini.o)
                0x080085d8                __libc_fini_array
 .text._malloc_trim_r
                0x08008604       0xa0 d:/gcc-arm-none-eabi-10-2020-q4-major-win32/gcc-arm-none-eabi-10-2020-q4-major/bin/../lib/gcc/arm-none-eabi/10.2.1/../../../../arm-none-eabi/lib/thumb/v7e-m+fp/hard\libg.a(lib_a-freer.o)
                0x08008604                _malloc_trim_r
 .text._free_r  0x080086a4      0x20c d:/gcc-arm-none-eabi-10-2020-q4-major-win32/gcc-arm-none-eabi-10-2020-q4-major/bin/../lib/gcc/arm-none-eabi/10.2.1/../../../../arm-none-eabi/lib/thumb/v7e-m+fp/hard\libg.a(lib_a-freer.o)
                0x080086a4                _free_r
 .text.__retarget_lock_acquire_recursive
                0x080088b0        0x4 d:/gcc-arm-none-eabi-10-2020-q4-major-win32/gcc-arm-none-eabi-10-2020-q4-major/bin/../lib/gcc/arm-none-eabi/10.2.1/../../../../arm-none-eabi/lib/thumb/v7e-m+fp/hard\libg.a(lib_a-lock.o)
                0x080088b0                __retarget_lock_acquire_recursive
 .text.__retarget_lock_release_recursive
                0x080088b4        0x4 d:/gcc-arm-none-eabi-10-2020-q4-major-win32/gcc-arm-none-eabi-10-2020-q4-major/bin/../lib/gcc/arm-none-eabi/10.2.1/../../../../arm-none-eabi/lib/thumb/v7e-m+fp/hard\libg.a(lib_a-lock.o)
                0x080088b4                __retarget_lock_release_recursive
 .text.__register_exitproc
                0x080088b8       0x8c d:/gcc-arm-none-eabi-10-2020-q4-major-win32/gcc-arm-none-eabi-10-2020-q4-major/bin/../lib/gcc/arm-none-eabi/10.2.1/../../../../arm-none-eabi/lib/thumb/v7e-m+fp/hard\libg.a(lib_a-__atexit.o)
                0x080088b8                __register_exitproc
 *(.glue_7)
 .glue_7        0x08008944        0x0 linker stubs
 *(.glue_7t)
 .glue_7t       0x08008944        0x0 linker stubs
 *(.eh_frame)
 .eh_frame      0x08008944        0x0 d:/gcc-arm-none-eabi-10-2020-q4-major-win32/gcc-arm-none-eabi-10-2020-q4-major/bin/../lib/gcc/arm-none-eabi/10.2.1/thumb/v7e-m+fp/hard/crtbegin.o
 *(.init)
 .init          0x08008944        0x4 d:/gcc-arm-none-eabi-10-2020-q4-major-win32/gcc-arm-none-eabi-10-2020-q4-major/bin/../lib/gcc/arm-none-eabi/10.2.1/thumb/v7e-m+fp/hard/crti.o
                0x08008944                _init
 .init          0x08008948        0x8 d:/gcc-arm-none-eabi-10-2020-q4-major-win32/gcc-arm-none-eabi-10-2020-q4-major/bin/../lib/gcc/arm-none-eabi/10.2.1/thumb/v7e-m+fp/hard/crtn.o
 *(.fini)
 .fini          0x08008950        0x4 d:/gcc-arm-none-eabi-10-2020-q4-major-win32/gcc-arm-none-eabi-10-2020-q4-major/bin/../lib/gcc/arm-none-eabi/10.2.1/thumb/v7e-m+fp/hard/crti.o
                0x08008950                _fini
 .fini          0x08008954        0x8 d:/gcc-arm-none-eabi-10-2020-q4-major-win32/gcc-arm-none-eabi-10-2020-q4-major/bin/../lib/gcc/arm-none-eabi/10.2.1/thumb/v7e-m+fp/hard/crtn.o
                0x0800895c                . = ALIGN (0x4)
                0x0800895c                _etext = .

.vfp11_veneer   0x0800895c        0x0
 .vfp11_veneer  0x0800895c        0x0 linker stubs

.v4_bx          0x0800895c        0x0
 .v4_bx         0x0800895c        0x0 linker stubs

.iplt           0x0800895c        0x0
 .iplt          0x0800895c        0x0 d:/gcc-arm-none-eabi-10-2020-q4-major-win32/gcc-arm-none-eabi-10-2020-q4-major/bin/../lib/gcc/arm-none-eabi/10.2.1/thumb/v7e-m+fp/hard/crtbegin.o

.rodata         0x0800895c       0xb0
                0x0800895c                . = ALIGN (0x4)
 *(.rodata)
 .rodata        0x0800895c       0x1c CMakeFiles/Board_C_Infantry.elf.dir/Core/Src/freertos.c.obj
 *(.rodata*)
 .rodata.str1.4
                0x08008978        0xd CMakeFiles/Board_C_Infantry.elf.dir/Core/Src/freertos.c.obj
 *fill*         0x08008985        0x3 
 .rodata.AHBPrescTable
                0x08008988       0x10 CMakeFiles/Board_C_Infantry.elf.dir/Core/Src/system_stm32f4xx.c.obj
                0x08008988                AHBPrescTable
 .rodata.APBPrescTable
                0x08008998        0x8 CMakeFiles/Board_C_Infantry.elf.dir/Core/Src/system_stm32f4xx.c.obj
                0x08008998                APBPrescTable
 .rodata.flagBitshiftOffset.0
                0x080089a0        0x8 CMakeFiles/Board_C_Infantry.elf.dir/Drivers/STM32F4xx_HAL_Driver/Src/stm32f4xx_hal_dma.c.obj
 .rodata.vTaskStartScheduler.str1.4
                0x080089a8        0x5 CMakeFiles/Board_C_Infantry.elf.dir/Middlewares/Third_Party/FreeRTOS/Source/tasks.c.obj
 *fill*         0x080089ad        0x3 
 .rodata.prvCheckForValidListAndQueue.str1.4
                0x080089b0        0x5 CMakeFiles/Board_C_Infantry.elf.dir/Middlewares/Third_Party/FreeRTOS/Source/timers.c.obj
 *fill*         0x080089b5        0x3 
 .rodata.xTimerCreateTimerTask.str1.4
                0x080089b8        0x8 CMakeFiles/Board_C_Infantry.elf.dir/Middlewares/Third_Party/FreeRTOS/Source/timers.c.obj
 .rodata.USBD_FS_ProductStrDescriptor.str1.4
                0x080089c0       0x16 CMakeFiles/Board_C_Infantry.elf.dir/USB_DEVICE/App/usbd_desc.c.obj
 *fill*         0x080089d6        0x2 
 .rodata.USBD_FS_ManufacturerStrDescriptor.str1.4
                0x080089d8       0x13 CMakeFiles/Board_C_Infantry.elf.dir/USB_DEVICE/App/usbd_desc.c.obj
 *fill*         0x080089eb        0x1 
 .rodata.USBD_FS_ConfigStrDescriptor.str1.4
                0x080089ec        0xb CMakeFiles/Board_C_Infantry.elf.dir/USB_DEVICE/App/usbd_desc.c.obj
 *fill*         0x080089f7        0x1 
 .rodata.USBD_FS_InterfaceStrDescriptor.str1.4
                0x080089f8        0xe CMakeFiles/Board_C_Infantry.elf.dir/USB_DEVICE/App/usbd_desc.c.obj
 *fill*         0x08008a06        0x2 
 .rodata._global_impure_ptr
                0x08008a08        0x4 d:/gcc-arm-none-eabi-10-2020-q4-major-win32/gcc-arm-none-eabi-10-2020-q4-major/bin/../lib/gcc/arm-none-eabi/10.2.1/../../../../arm-none-eabi/lib/thumb/v7e-m+fp/hard\libg.a(lib_a-impure.o)
                0x08008a08                _global_impure_ptr
                0x08008a0c                . = ALIGN (0x4)

.ARM.extab
 *(.ARM.extab* .gnu.linkonce.armextab.*)

.ARM            0x08008a0c        0x8
                0x08008a0c                __exidx_start = .
 *(.ARM.exidx*)
 .ARM.exidx     0x08008a0c        0x8 d:/gcc-arm-none-eabi-10-2020-q4-major-win32/gcc-arm-none-eabi-10-2020-q4-major/bin/../lib/gcc/arm-none-eabi/10.2.1/thumb/v7e-m+fp/hard\libgcc.a(_udivmoddi4.o)
                0x08008a14                __exidx_end = .

.rel.dyn        0x08008a14        0x0
 .rel.iplt      0x08008a14        0x0 d:/gcc-arm-none-eabi-10-2020-q4-major-win32/gcc-arm-none-eabi-10-2020-q4-major/bin/../lib/gcc/arm-none-eabi/10.2.1/thumb/v7e-m+fp/hard/crtbegin.o

.preinit_array  0x08008a14        0x0
                0x08008a14                PROVIDE (__preinit_array_start = .)
 *(.preinit_array*)
                0x08008a14                PROVIDE (__preinit_array_end = .)

.init_array     0x08008a14        0x8
                0x08008a14                PROVIDE (__init_array_start = .)
 *(SORT_BY_NAME(.init_array.*))
 .init_array.00000
                0x08008a14        0x4 d:/gcc-arm-none-eabi-10-2020-q4-major-win32/gcc-arm-none-eabi-10-2020-q4-major/bin/../lib/gcc/arm-none-eabi/10.2.1/../../../../arm-none-eabi/lib/thumb/v7e-m+fp/hard\libg.a(lib_a-__call_atexit.o)
 *(.init_array*)
 .init_array    0x08008a18        0x4 d:/gcc-arm-none-eabi-10-2020-q4-major-win32/gcc-arm-none-eabi-10-2020-q4-major/bin/../lib/gcc/arm-none-eabi/10.2.1/thumb/v7e-m+fp/hard/crtbegin.o
                0x08008a1c                PROVIDE (__init_array_end = .)

.fini_array     0x08008a1c        0x4
                0x08008a1c                PROVIDE (__fini_array_start = .)
 *(SORT_BY_NAME(.fini_array.*))
 *(.fini_array*)
 .fini_array    0x08008a1c        0x4 d:/gcc-arm-none-eabi-10-2020-q4-major-win32/gcc-arm-none-eabi-10-2020-q4-major/bin/../lib/gcc/arm-none-eabi/10.2.1/thumb/v7e-m+fp/hard/crtbegin.o
                0x08008a20                PROVIDE (__fini_array_end = .)
                0x08008a20                _sidata = LOADADDR (.data)

.data           0x20000000      0x9bc load address 0x08008a20
                0x20000000                . = ALIGN (0x4)